Initialized native services in: /home/stefan/.gradle/native
Initialized jansi services in: /home/stefan/.gradle/native
The client will now receive all logging from the daemon (pid: 302176). The daemon log file: /home/stefan/.gradle/daemon/9.0.0/daemon-302176.out.log
Starting 2nd build in daemon [uptime: 34.61 secs, performance: 98%, GC rate: 0.29/s, heap usage: 4% of 2 GiB, non-heap usage: 17% of 1 GiB]
Using 8 worker leases.
Now considering [/home/stefan/WsMeldestelle/Meldestelle] as hierarchies to watch
Watching the file system is configured to be enabled
File system watching is active
Starting Build
Resolved plugin [id: 'org.gradle.toolchains.foojay-resolver-convention', version: '1.0.0']
Settings evaluated using settings file '/home/stefan/WsMeldestelle/Meldestelle/settings.gradle.kts'.
Using local directory build cache for the root build (location = /home/stefan/.gradle/caches/build-cache-1, remove unused entries = after 7 days).
Type-safe project accessors is an incubating feature.
Projects loaded. Root project using build file '/home/stefan/WsMeldestelle/Meldestelle/build.gradle.kts'.
Included projects: [root project 'Meldestelle', project ':backend', project ':core', project ':docs', project ':frontend', project ':platform', project ':backend:infrastructure', project ':backend:services', project ':core:core-domain', project ':core:core-utils', project ':frontend:core', project ':frontend:features', project ':frontend:shared', project ':frontend:shells', project ':platform:platform-bom', project ':platform:platform-dependencies', project ':platform:platform-testing', project ':backend:infrastructure:cache', project ':backend:infrastructure:event-store', project ':backend:infrastructure:gateway', project ':backend:infrastructure:messaging', project ':backend:infrastructure:monitoring', project ':backend:services:entries', project ':backend:services:ping', project ':backend:services:registry', project ':backend:services:results', project ':backend:services:scheduling', project ':frontend:core:design-system', project ':frontend:core:domain', project ':frontend:core:local-db', project ':frontend:core:navigation', project ':frontend:core:network', project ':frontend:features:auth-feature', project ':frontend:features:ping-feature', project ':frontend:shells:meldestelle-portal', project ':backend:infrastructure:cache:cache-api', project ':backend:infrastructure:cache:redis-cache', project ':backend:infrastructure:event-store:event-store-api', project ':backend:infrastructure:event-store:redis-event-store', project ':backend:infrastructure:messaging:messaging-client', project ':backend:infrastructure:messaging:messaging-config', project ':backend:infrastructure:monitoring:monitoring-client', project ':backend:infrastructure:monitoring:monitoring-server', project ':backend:services:entries:entries-api', project ':backend:services:entries:entries-service', project ':backend:services:ping:ping-api', project ':backend:services:ping:ping-service', project ':backend:services:registry:oeps-importer', project ':backend:services:registry:registry-api', project ':backend:services:registry:registry-domain', project ':backend:services:registry:registry-service', project ':backend:services:results:results-service', project ':backend:services:scheduling:scheduling-service']

> Configure project :
Evaluating root project 'Meldestelle' using build file '/home/stefan/WsMeldestelle/Meldestelle/build.gradle.kts'.
Resolved plugin [id: 'com.github.ben-manes.versions', version: '0.51.0']
Resolved plugin [id: 'org.jetbrains.kotlin.jvm', version: '2.3.0', apply: false]
Resolved plugin [id: 'org.jetbrains.kotlin.multiplatform', version: '2.3.0', apply: false]
Resolved plugin [id: 'org.jetbrains.kotlin.plugin.serialization', version: '2.3.0', apply: false]
Resolved plugin [id: 'org.jetbrains.kotlin.plugin.spring', version: '2.3.0', apply: false]
Resolved plugin [id: 'org.jetbrains.kotlin.plugin.jpa', version: '2.3.0', apply: false]
Resolved plugin [id: 'org.jetbrains.compose', version: '1.9.3', apply: false]
Resolved plugin [id: 'org.jetbrains.kotlin.plugin.compose', version: '2.3.0', apply: false]
Resolved plugin [id: 'org.springframework.boot', version: '4.0.0-M2', apply: false]
Resolved plugin [id: 'io.spring.dependency-management', version: '1.1.7', apply: false]
Resolved plugin [id: 'org.jetbrains.dokka', version: '2.0.0']
Resolved plugin [id: 'io.gitlab.arturbosch.detekt', version: '1.23.6']
Resolved plugin [id: 'org.jlleitschuh.gradle.ktlint', version: '12.1.1']
Dokka Gradle Plugin detected PluginMode:V2Enabled (from:V2Enabled) in root project 'Meldestelle' /home/stefan/WsMeldestelle/Meldestelle
    
    Thank you for enabling Dokka Gradle plugin V2!
    To learn about migrating read the migration guide https://kotl.in/dokka-gradle-migration
    
    We would appreciate your feedback!
     - Please report any feedback or problems https://kotl.in/dokka-issues
     - Chat with the community visit #dokka in https://kotlinlang.slack.com/ (To sign up visit https://kotl.in/slack)
    
    You can suppress this message by adding
        org.jetbrains.dokka.experimental.gradle.pluginMode.noWarn=true
    to your project's `gradle.properties` file.
    
Applying KotlinAdapter to :
applied DokkaJavaAdapter to :
applied class org.jetbrains.dokka.gradle.adapters.AndroidAdapter_Decorated to :

> Configure project :backend
Evaluating project ':backend' using build file '/home/stefan/WsMeldestelle/Meldestelle/backend/build.gradle'.

> Configure project :core
Evaluating project ':core' using build file '/home/stefan/WsMeldestelle/Meldestelle/core/build.gradle'.

> Configure project :docs
Evaluating project ':docs' using build file '/home/stefan/WsMeldestelle/Meldestelle/docs/build.gradle'.

> Configure project :frontend
Evaluating project ':frontend' using build file '/home/stefan/WsMeldestelle/Meldestelle/frontend/build.gradle'.

> Configure project :platform
Evaluating project ':platform' using build file '/home/stefan/WsMeldestelle/Meldestelle/platform/build.gradle'.

> Configure project :backend:infrastructure
Evaluating project ':backend:infrastructure' using build file '/home/stefan/WsMeldestelle/Meldestelle/backend/infrastructure/build.gradle'.

> Configure project :backend:services
Evaluating project ':backend:services' using build file '/home/stefan/WsMeldestelle/Meldestelle/backend/services/build.gradle'.

> Configure project :core:core-domain
Evaluating project ':core:core-domain' using build file '/home/stefan/WsMeldestelle/Meldestelle/core/core-domain/build.gradle.kts'.
Resolved plugin [id: 'org.jetbrains.kotlin.multiplatform', version: '2.3.0']
Resolved plugin [id: 'org.jetbrains.kotlin.plugin.serialization', version: '2.3.0']
Build 9293e4dc-4738-4a2a-a248-52ce6f0c62ea is started
Using Kotlin Gradle Plugin gradle813 variant
Applying KotlinAdapter to :core:core-domain
Configuring KotlinAdapter in Gradle Kotlin Project :core:core-domain
applied DokkaJavaAdapter to :core:core-domain
applied class org.jetbrains.dokka.gradle.adapters.AndroidAdapter_Decorated to :core:core-domain
kotlin scripting plugin: created the scripting discovery configuration: kotlinScriptDef
kotlin scripting plugin: created the scripting discovery configuration: testKotlinScriptDef
[KOTLIN] Storing cached files in /home/stefan/.gradle
[KOTLIN] Storing cached files in /home/stefan/.gradle
[KOTLIN] Storing cached files in /home/stefan/.gradle
[:core:core-domain] commonizeCInterop task registration disabled. Project has no native Kotlin targets.
file or directory '/home/stefan/WsMeldestelle/Meldestelle/core/core-domain/src/webMain/kotlin', not found
file or directory '/home/stefan/WsMeldestelle/Meldestelle/core/core-domain/src/webTest/kotlin', not found

> Configure project :core:core-utils
Evaluating project ':core:core-utils' using build file '/home/stefan/WsMeldestelle/Meldestelle/core/core-utils/build.gradle.kts'.
Resolved plugin [id: 'org.jetbrains.kotlin.multiplatform', version: '2.3.0']
Resolved plugin [id: 'org.jetbrains.kotlin.plugin.serialization', version: '2.3.0']
Using Kotlin Gradle Plugin gradle813 variant
Applying KotlinAdapter to :core:core-utils
Configuring KotlinAdapter in Gradle Kotlin Project :core:core-utils
applied DokkaJavaAdapter to :core:core-utils
applied class org.jetbrains.dokka.gradle.adapters.AndroidAdapter_Decorated to :core:core-utils
kotlin scripting plugin: created the scripting discovery configuration: kotlinScriptDef
kotlin scripting plugin: created the scripting discovery configuration: testKotlinScriptDef
[:core:core-utils] commonizeCInterop task registration disabled. Project has no native Kotlin targets.
file or directory '/home/stefan/WsMeldestelle/Meldestelle/core/core-utils/src/webMain/kotlin', not found
file or directory '/home/stefan/WsMeldestelle/Meldestelle/core/core-utils/src/webTest/kotlin', not found

> Configure project :frontend:core
Evaluating project ':frontend:core' using build file '/home/stefan/WsMeldestelle/Meldestelle/frontend/core/build.gradle'.

> Configure project :frontend:features
Evaluating project ':frontend:features' using build file '/home/stefan/WsMeldestelle/Meldestelle/frontend/features/build.gradle'.

> Configure project :frontend:shared
Evaluating project ':frontend:shared' using build file '/home/stefan/WsMeldestelle/Meldestelle/frontend/shared/build.gradle.kts'.
Resolved plugin [id: 'org.jetbrains.kotlin.multiplatform', version: '2.3.0']
Resolved plugin [id: 'org.jetbrains.kotlin.plugin.serialization', version: '2.3.0']
Resolved plugin [id: 'org.jetbrains.compose', version: '1.9.3']
Resolved plugin [id: 'org.jetbrains.kotlin.plugin.compose', version: '2.3.0']
Using Kotlin Gradle Plugin gradle813 variant
Applying KotlinAdapter to :frontend:shared
Configuring KotlinAdapter in Gradle Kotlin Project :frontend:shared
applied DokkaJavaAdapter to :frontend:shared
applied class org.jetbrains.dokka.gradle.adapters.AndroidAdapter_Decorated to :frontend:shared
Configure multi-module compose resources
Configure compose resources generation
Configure 'map(provider(?))' class generation for commonMain
Configure resource accessors generation for commonMain
Configure resource accessors generation for commonTest
Configure expect resource collectors generation for commonMain
Configure resource accessors generation for jvmMain
kotlin scripting plugin: created the scripting discovery configuration: kotlinScriptDef
Configure resource accessors generation for jvmTest
kotlin scripting plugin: created the scripting discovery configuration: testKotlinScriptDef
Configure actual resource collectors generation for jvmMain
Configure main resources for 'jvm' target
Configure test resources for 'jvm' target
Configure resource accessors generation for jsMain
Configure resource accessors generation for jsTest
Configure actual resource collectors generation for jsMain
Configure main resources for 'js' target
Configure KMP component publication for 'js'
Collect resolved main resources for 'js'
Configure test resources for 'js' target
[:frontend:shared] commonizeCInterop task registration disabled. Project has no native Kotlin targets.
Check that new 'org.jetbrains.kotlin.plugin.compose' was applied
Configure resource accessors generation for webMain
Configure resource accessors generation for webTest
file or directory '/home/stefan/WsMeldestelle/Meldestelle/frontend/shared/src/webMain/kotlin', not found
file or directory '/home/stefan/WsMeldestelle/Meldestelle/frontend/shared/src/webTest/kotlin', not found

> Configure project :frontend:shells
Evaluating project ':frontend:shells' using build file '/home/stefan/WsMeldestelle/Meldestelle/frontend/shells/build.gradle'.

> Configure project :platform:platform-bom
Evaluating project ':platform:platform-bom' using build file '/home/stefan/WsMeldestelle/Meldestelle/platform/platform-bom/build.gradle.kts'.
Resolved plugin [id: 'org.gradle.java-platform']
Resolved plugin [id: 'org.gradle.maven-publish']

> Configure project :platform:platform-dependencies
Evaluating project ':platform:platform-dependencies' using build file '/home/stefan/WsMeldestelle/Meldestelle/platform/platform-dependencies/build.gradle.kts'.
Resolved plugin [id: 'org.jetbrains.kotlin.jvm', version: '2.3.0']
Using Kotlin Gradle Plugin gradle813 variant
kotlin scripting plugin: created the scripting discovery configuration: kotlinScriptDef
kotlin scripting plugin: created the scripting discovery configuration: testKotlinScriptDef
Applying KotlinAdapter to :platform:platform-dependencies
Configuring KotlinAdapter in Gradle Kotlin Project :platform:platform-dependencies
applied DokkaJavaAdapter to :platform:platform-dependencies
applied class org.jetbrains.dokka.gradle.adapters.AndroidAdapter_Decorated to :platform:platform-dependencies

> Configure project :platform:platform-testing
Evaluating project ':platform:platform-testing' using build file '/home/stefan/WsMeldestelle/Meldestelle/platform/platform-testing/build.gradle.kts'.
Resolved plugin [id: 'org.jetbrains.kotlin.jvm', version: '2.3.0']
Using Kotlin Gradle Plugin gradle813 variant
kotlin scripting plugin: created the scripting discovery configuration: kotlinScriptDef
kotlin scripting plugin: created the scripting discovery configuration: testKotlinScriptDef
Applying KotlinAdapter to :platform:platform-testing
Configuring KotlinAdapter in Gradle Kotlin Project :platform:platform-testing
applied DokkaJavaAdapter to :platform:platform-testing
applied class org.jetbrains.dokka.gradle.adapters.AndroidAdapter_Decorated to :platform:platform-testing

> Configure project :backend:infrastructure:cache
Evaluating project ':backend:infrastructure:cache' using build file '/home/stefan/WsMeldestelle/Meldestelle/backend/infrastructure/cache/build.gradle'.

> Configure project :backend:infrastructure:event-store
Evaluating project ':backend:infrastructure:event-store' using build file '/home/stefan/WsMeldestelle/Meldestelle/backend/infrastructure/event-store/build.gradle'.

> Configure project :backend:infrastructure:gateway
Evaluating project ':backend:infrastructure:gateway' using build file '/home/stefan/WsMeldestelle/Meldestelle/backend/infrastructure/gateway/build.gradle.kts'.
Resolved plugin [id: 'org.jetbrains.kotlin.jvm', version: '2.3.0']
Resolved plugin [id: 'org.jetbrains.kotlin.plugin.spring', version: '2.3.0']
Resolved plugin [id: 'org.jetbrains.kotlin.plugin.jpa', version: '2.3.0']
Resolved plugin [id: 'org.springframework.boot', version: '4.0.0-M2']
Resolved plugin [id: 'io.spring.dependency-management', version: '1.1.7']
Using Kotlin Gradle Plugin gradle813 variant
kotlin scripting plugin: created the scripting discovery configuration: kotlinScriptDef
kotlin scripting plugin: created the scripting discovery configuration: testKotlinScriptDef
Applying KotlinAdapter to :backend:infrastructure:gateway
Configuring KotlinAdapter in Gradle Kotlin Project :backend:infrastructure:gateway
applied DokkaJavaAdapter to :backend:infrastructure:gateway
applied class org.jetbrains.dokka.gradle.adapters.AndroidAdapter_Decorated to :backend:infrastructure:gateway
Applying dependency management to configuration 'annotationProcessor' in project 'gateway'
Applying dependency management to configuration 'api' in project 'gateway'
Applying dependency management to configuration 'apiElements' in project 'gateway'
Applying dependency management to configuration 'archives' in project 'gateway'
Applying dependency management to configuration 'bootArchives' in project 'gateway'
Applying dependency management to configuration 'compileClasspath' in project 'gateway'
Applying dependency management to configuration 'compileOnly' in project 'gateway'
Applying dependency management to configuration 'default' in project 'gateway'
Applying dependency management to configuration 'developmentOnly' in project 'gateway'
Applying dependency management to configuration 'dokka' in project 'gateway'
Applying dependency management to configuration 'dokkaHtmlGeneratorRuntime' in project 'gateway'
Applying dependency management to configuration 'dokkaHtmlGeneratorRuntimeResolver~internal' in project 'gateway'
Applying dependency management to configuration 'dokkaHtmlModuleOutputDirectoriesConsumable~internal' in project 'gateway'
Applying dependency management to configuration 'dokkaHtmlModuleOutputDirectoriesResolver~internal' in project 'gateway'
Applying dependency management to configuration 'dokkaHtmlPlugin' in project 'gateway'
Applying dependency management to configuration 'dokkaHtmlPluginIntransitiveResolver~internal' in project 'gateway'
Applying dependency management to configuration 'dokkaHtmlPublicationPlugin' in project 'gateway'
Applying dependency management to configuration 'dokkaHtmlPublicationPluginApiOnlyConsumable~internal' in project 'gateway'
Applying dependency management to configuration 'dokkaHtmlPublicationPluginApiOnly~internal' in project 'gateway'
Applying dependency management to configuration 'dokkaHtmlPublicationPluginResolver~internal' in project 'gateway'
Applying dependency management to configuration 'dokkaPlugin' in project 'gateway'
Applying dependency management to configuration 'implementation' in project 'gateway'
Applying dependency management to configuration 'implementationDependenciesMetadata' in project 'gateway'
Applying dependency management to configuration 'kotlinBuildToolsApiClasspath' in project 'gateway'
Applying dependency management to configuration 'kotlinCompilerClasspath' in project 'gateway'
Applying dependency management to configuration 'kotlinCompilerPluginClasspath' in project 'gateway'
Applying dependency management to configuration 'kotlinCompilerPluginClasspathMain' in project 'gateway'
Applying dependency management to configuration 'kotlinCompilerPluginClasspathTest' in project 'gateway'
Applying dependency management to configuration 'kotlinInternalAbiValidation' in project 'gateway'
Applying dependency management to configuration 'kotlinKlibCommonizerClasspath' in project 'gateway'
Applying dependency management to configuration 'kotlinNativeCompilerPluginClasspath' in project 'gateway'
Applying dependency management to configuration 'kotlinScriptDef' in project 'gateway'
Applying dependency management to configuration 'kotlinScriptDefExtensions' in project 'gateway'
Applying dependency management to configuration 'mainSourceElements' in project 'gateway'
Applying dependency management to configuration 'productionRuntimeClasspath' in project 'gateway'
Applying dependency management to configuration 'runtimeClasspath' in project 'gateway'
Applying dependency management to configuration 'runtimeElements' in project 'gateway'
Applying dependency management to configuration 'runtimeOnly' in project 'gateway'
Applying dependency management to configuration 'testAndDevelopmentOnly' in project 'gateway'
Applying dependency management to configuration 'testAnnotationProcessor' in project 'gateway'
Applying dependency management to configuration 'testApi' in project 'gateway'
Applying dependency management to configuration 'testCompileClasspath' in project 'gateway'
Applying dependency management to configuration 'testCompileOnly' in project 'gateway'
Applying dependency management to configuration 'testImplementation' in project 'gateway'
Applying dependency management to configuration 'testImplementationDependenciesMetadata' in project 'gateway'
Applying dependency management to configuration 'testKotlinScriptDef' in project 'gateway'
Applying dependency management to configuration 'testKotlinScriptDefExtensions' in project 'gateway'
Applying dependency management to configuration 'testResultsElementsForTest' in project 'gateway'
Applying dependency management to configuration 'testRuntimeClasspath' in project 'gateway'
Applying dependency management to configuration 'testRuntimeOnly' in project 'gateway'
Applying dependency management to configuration 'integrationTestImplementation' in project 'gateway'
Applying dependency management to configuration 'integrationTestCompileOnly' in project 'gateway'
Applying dependency management to configuration 'integrationTestCompileClasspath' in project 'gateway'
Applying dependency management to configuration 'integrationTestAnnotationProcessor' in project 'gateway'
Applying dependency management to configuration 'integrationTestRuntimeOnly' in project 'gateway'
Applying dependency management to configuration 'integrationTestRuntimeClasspath' in project 'gateway'
Applying dependency management to configuration 'integrationTestApi' in project 'gateway'
Applying dependency management to configuration 'integrationTestImplementationDependenciesMetadata' in project 'gateway'
Applying dependency management to configuration 'kotlinCompilerPluginClasspathIntegrationTest' in project 'gateway'
Applying dependency management to configuration 'integrationTestKotlinScriptDef' in project 'gateway'
kotlin scripting plugin: created the scripting discovery configuration: integrationTestKotlinScriptDef
Applying dependency management to configuration 'integrationTestKotlinScriptDefExtensions' in project 'gateway'
Applying dependency management to configuration 'apiElements-published' in project 'gateway'
Applying dependency management to configuration 'runtimeElements-published' in project 'gateway'

> Configure project :backend:infrastructure:messaging
Evaluating project ':backend:infrastructure:messaging' using build file '/home/stefan/WsMeldestelle/Meldestelle/backend/infrastructure/messaging/build.gradle'.

> Configure project :backend:infrastructure:monitoring
Evaluating project ':backend:infrastructure:monitoring' using build file '/home/stefan/WsMeldestelle/Meldestelle/backend/infrastructure/monitoring/build.gradle'.

> Configure project :backend:services:entries
Evaluating project ':backend:services:entries' using build file '/home/stefan/WsMeldestelle/Meldestelle/backend/services/entries/build.gradle'.

> Configure project :backend:services:ping
Evaluating project ':backend:services:ping' using build file '/home/stefan/WsMeldestelle/Meldestelle/backend/services/ping/build.gradle'.

> Configure project :backend:services:registry
Evaluating project ':backend:services:registry' using build file '/home/stefan/WsMeldestelle/Meldestelle/backend/services/registry/build.gradle'.

> Configure project :backend:services:results
Evaluating project ':backend:services:results' using build file '/home/stefan/WsMeldestelle/Meldestelle/backend/services/results/build.gradle'.

> Configure project :backend:services:scheduling
Evaluating project ':backend:services:scheduling' using build file '/home/stefan/WsMeldestelle/Meldestelle/backend/services/scheduling/build.gradle'.

> Configure project :frontend:core:design-system
Evaluating project ':frontend:core:design-system' using build file '/home/stefan/WsMeldestelle/Meldestelle/frontend/core/design-system/build.gradle.kts'.
Resolved plugin [id: 'org.jetbrains.kotlin.multiplatform', version: '2.3.0']
Resolved plugin [id: 'org.jetbrains.compose', version: '1.9.3']
Resolved plugin [id: 'org.jetbrains.kotlin.plugin.compose', version: '2.3.0']
Resolved plugin [id: 'org.jetbrains.kotlin.plugin.serialization', version: '2.3.0']
Using Kotlin Gradle Plugin gradle813 variant
Applying KotlinAdapter to :frontend:core:design-system
Configuring KotlinAdapter in Gradle Kotlin Project :frontend:core:design-system
applied DokkaJavaAdapter to :frontend:core:design-system
applied class org.jetbrains.dokka.gradle.adapters.AndroidAdapter_Decorated to :frontend:core:design-system
Configure multi-module compose resources
Configure compose resources generation
Configure 'map(provider(?))' class generation for commonMain
Configure resource accessors generation for commonMain
Configure resource accessors generation for commonTest
Configure expect resource collectors generation for commonMain
Configure resource accessors generation for jvmMain
kotlin scripting plugin: created the scripting discovery configuration: kotlinScriptDef
Configure resource accessors generation for jvmTest
kotlin scripting plugin: created the scripting discovery configuration: testKotlinScriptDef
Configure actual resource collectors generation for jvmMain
Configure main resources for 'jvm' target
Configure test resources for 'jvm' target
Configure resource accessors generation for jsMain
Configure resource accessors generation for jsTest
Configure actual resource collectors generation for jsMain
Configure main resources for 'js' target
Configure KMP component publication for 'js'
Collect resolved main resources for 'js'
Configure test resources for 'js' target
[:frontend:core:design-system] commonizeCInterop task registration disabled. Project has no native Kotlin targets.
Check that new 'org.jetbrains.kotlin.plugin.compose' was applied
Configure resource accessors generation for webMain
Configure resource accessors generation for webTest
file or directory '/home/stefan/WsMeldestelle/Meldestelle/frontend/core/design-system/src/webMain/kotlin', not found
file or directory '/home/stefan/WsMeldestelle/Meldestelle/frontend/core/design-system/build/generated/compose/resourceGenerator/kotlin/webMainResourceAccessors', not found
file or directory '/home/stefan/WsMeldestelle/Meldestelle/frontend/core/design-system/src/webTest/kotlin', not found
file or directory '/home/stefan/WsMeldestelle/Meldestelle/frontend/core/design-system/build/generated/compose/resourceGenerator/kotlin/webTestResourceAccessors', not found

> Configure project :frontend:core:domain
Evaluating project ':frontend:core:domain' using build file '/home/stefan/WsMeldestelle/Meldestelle/frontend/core/domain/build.gradle.kts'.
Resolved plugin [id: 'org.jetbrains.kotlin.multiplatform', version: '2.3.0']
Resolved plugin [id: 'org.jetbrains.kotlin.plugin.serialization', version: '2.3.0']
Using Kotlin Gradle Plugin gradle813 variant
Applying KotlinAdapter to :frontend:core:domain
Configuring KotlinAdapter in Gradle Kotlin Project :frontend:core:domain
applied DokkaJavaAdapter to :frontend:core:domain
applied class org.jetbrains.dokka.gradle.adapters.AndroidAdapter_Decorated to :frontend:core:domain
kotlin scripting plugin: created the scripting discovery configuration: kotlinScriptDef
kotlin scripting plugin: created the scripting discovery configuration: testKotlinScriptDef
[:frontend:core:domain] commonizeCInterop task registration disabled. Project has no native Kotlin targets.
file or directory '/home/stefan/WsMeldestelle/Meldestelle/frontend/core/domain/src/webMain/kotlin', not found
file or directory '/home/stefan/WsMeldestelle/Meldestelle/frontend/core/domain/src/webTest/kotlin', not found

> Configure project :frontend:core:local-db
Evaluating project ':frontend:core:local-db' using build file '/home/stefan/WsMeldestelle/Meldestelle/frontend/core/local-db/build.gradle.kts'.
Resolved plugin [id: 'org.jetbrains.kotlin.multiplatform', version: '2.3.0']
Resolved plugin [id: 'org.jetbrains.kotlin.plugin.serialization', version: '2.3.0']
Resolved plugin [id: 'app.cash.sqldelight', version: '2.2.1']
Using Kotlin Gradle Plugin gradle813 variant
Applying KotlinAdapter to :frontend:core:local-db
Configuring KotlinAdapter in Gradle Kotlin Project :frontend:core:local-db
applied DokkaJavaAdapter to :frontend:core:local-db
applied class org.jetbrains.dokka.gradle.adapters.AndroidAdapter_Decorated to :frontend:core:local-db
kotlin scripting plugin: created the scripting discovery configuration: kotlinScriptDef
kotlin scripting plugin: created the scripting discovery configuration: testKotlinScriptDef
[:frontend:core:local-db] commonizeCInterop task registration disabled. Project has no native Kotlin targets.
file or directory '/home/stefan/WsMeldestelle/Meldestelle/frontend/core/local-db/src/webMain/kotlin', not found
file or directory '/home/stefan/WsMeldestelle/Meldestelle/frontend/core/local-db/src/webTest/kotlin', not found

> Configure project :frontend:core:navigation
Evaluating project ':frontend:core:navigation' using build file '/home/stefan/WsMeldestelle/Meldestelle/frontend/core/navigation/build.gradle.kts'.
Resolved plugin [id: 'org.jetbrains.kotlin.multiplatform', version: '2.3.0']
Using Kotlin Gradle Plugin gradle813 variant
Applying KotlinAdapter to :frontend:core:navigation
Configuring KotlinAdapter in Gradle Kotlin Project :frontend:core:navigation
applied DokkaJavaAdapter to :frontend:core:navigation
applied class org.jetbrains.dokka.gradle.adapters.AndroidAdapter_Decorated to :frontend:core:navigation
kotlin scripting plugin: created the scripting discovery configuration: kotlinScriptDef
kotlin scripting plugin: created the scripting discovery configuration: testKotlinScriptDef
[:frontend:core:navigation] commonizeCInterop task registration disabled. Project has no native Kotlin targets.
file or directory '/home/stefan/WsMeldestelle/Meldestelle/frontend/core/navigation/src/webMain/kotlin', not found
file or directory '/home/stefan/WsMeldestelle/Meldestelle/frontend/core/navigation/src/webTest/kotlin', not found

> Configure project :frontend:core:network
Evaluating project ':frontend:core:network' using build file '/home/stefan/WsMeldestelle/Meldestelle/frontend/core/network/build.gradle.kts'.
Resolved plugin [id: 'org.jetbrains.kotlin.multiplatform', version: '2.3.0']
Resolved plugin [id: 'org.jetbrains.kotlin.plugin.serialization', version: '2.3.0']
Using Kotlin Gradle Plugin gradle813 variant
Applying KotlinAdapter to :frontend:core:network
Configuring KotlinAdapter in Gradle Kotlin Project :frontend:core:network
applied DokkaJavaAdapter to :frontend:core:network
applied class org.jetbrains.dokka.gradle.adapters.AndroidAdapter_Decorated to :frontend:core:network
kotlin scripting plugin: created the scripting discovery configuration: kotlinScriptDef
kotlin scripting plugin: created the scripting discovery configuration: testKotlinScriptDef
[:frontend:core:network] commonizeCInterop task registration disabled. Project has no native Kotlin targets.
file or directory '/home/stefan/WsMeldestelle/Meldestelle/frontend/core/network/src/webMain/kotlin', not found
file or directory '/home/stefan/WsMeldestelle/Meldestelle/frontend/core/network/src/webTest/kotlin', not found

> Configure project :frontend:features:auth-feature
Evaluating project ':frontend:features:auth-feature' using build file '/home/stefan/WsMeldestelle/Meldestelle/frontend/features/auth-feature/build.gradle.kts'.
Resolved plugin [id: 'org.jetbrains.kotlin.multiplatform', version: '2.3.0']
Resolved plugin [id: 'org.jetbrains.compose', version: '1.9.3']
Resolved plugin [id: 'org.jetbrains.kotlin.plugin.compose', version: '2.3.0']
Resolved plugin [id: 'org.jetbrains.kotlin.plugin.serialization', version: '2.3.0']
Using Kotlin Gradle Plugin gradle813 variant
Applying KotlinAdapter to :frontend:features:auth-feature
Configuring KotlinAdapter in Gradle Kotlin Project :frontend:features:auth-feature
applied DokkaJavaAdapter to :frontend:features:auth-feature
applied class org.jetbrains.dokka.gradle.adapters.AndroidAdapter_Decorated to :frontend:features:auth-feature
Configure multi-module compose resources
Configure compose resources generation
Configure 'map(provider(?))' class generation for commonMain
Configure resource accessors generation for commonMain
Configure resource accessors generation for commonTest
Configure expect resource collectors generation for commonMain
Configure resource accessors generation for jvmMain
kotlin scripting plugin: created the scripting discovery configuration: kotlinScriptDef
Configure resource accessors generation for jvmTest
kotlin scripting plugin: created the scripting discovery configuration: testKotlinScriptDef
Configure actual resource collectors generation for jvmMain
Configure main resources for 'jvm' target
Configure test resources for 'jvm' target
Configure resource accessors generation for jsMain
Configure resource accessors generation for jsTest
Configure actual resource collectors generation for jsMain
Configure main resources for 'js' target
Configure KMP component publication for 'js'
Collect resolved main resources for 'js'
Configure test resources for 'js' target
[:frontend:features:auth-feature] commonizeCInterop task registration disabled. Project has no native Kotlin targets.
Check that new 'org.jetbrains.kotlin.plugin.compose' was applied
Configure resource accessors generation for webMain
Configure resource accessors generation for webTest
file or directory '/home/stefan/WsMeldestelle/Meldestelle/frontend/features/auth-feature/src/webMain/kotlin', not found
file or directory '/home/stefan/WsMeldestelle/Meldestelle/frontend/features/auth-feature/build/generated/compose/resourceGenerator/kotlin/webMainResourceAccessors', not found
file or directory '/home/stefan/WsMeldestelle/Meldestelle/frontend/features/auth-feature/src/webTest/kotlin', not found
file or directory '/home/stefan/WsMeldestelle/Meldestelle/frontend/features/auth-feature/build/generated/compose/resourceGenerator/kotlin/webTestResourceAccessors', not found

> Configure project :frontend:features:ping-feature
Evaluating project ':frontend:features:ping-feature' using build file '/home/stefan/WsMeldestelle/Meldestelle/frontend/features/ping-feature/build.gradle.kts'.
Resolved plugin [id: 'org.jetbrains.kotlin.multiplatform', version: '2.3.0']
Resolved plugin [id: 'org.jetbrains.compose', version: '1.9.3']
Resolved plugin [id: 'org.jetbrains.kotlin.plugin.compose', version: '2.3.0']
Resolved plugin [id: 'org.jetbrains.kotlin.plugin.serialization', version: '2.3.0']
Using Kotlin Gradle Plugin gradle813 variant
Applying KotlinAdapter to :frontend:features:ping-feature
Configuring KotlinAdapter in Gradle Kotlin Project :frontend:features:ping-feature
applied DokkaJavaAdapter to :frontend:features:ping-feature
applied class org.jetbrains.dokka.gradle.adapters.AndroidAdapter_Decorated to :frontend:features:ping-feature
Configure multi-module compose resources
Configure compose resources generation
Configure 'map(provider(?))' class generation for commonMain
Configure resource accessors generation for commonMain
Configure resource accessors generation for commonTest
Configure expect resource collectors generation for commonMain
Configure resource accessors generation for jvmMain
kotlin scripting plugin: created the scripting discovery configuration: kotlinScriptDef
Configure resource accessors generation for jvmTest
kotlin scripting plugin: created the scripting discovery configuration: testKotlinScriptDef
Configure actual resource collectors generation for jvmMain
Configure main resources for 'jvm' target
Configure test resources for 'jvm' target
Configure resource accessors generation for jsMain
Configure resource accessors generation for jsTest
Configure actual resource collectors generation for jsMain
Configure main resources for 'js' target
Configure KMP component publication for 'js'
Collect resolved main resources for 'js'
Configure test resources for 'js' target
[:frontend:features:ping-feature] commonizeCInterop task registration disabled. Project has no native Kotlin targets.
Check that new 'org.jetbrains.kotlin.plugin.compose' was applied
Configure resource accessors generation for webMain
Configure resource accessors generation for webTest
file or directory '/home/stefan/WsMeldestelle/Meldestelle/frontend/features/ping-feature/src/webMain/kotlin', not found
file or directory '/home/stefan/WsMeldestelle/Meldestelle/frontend/features/ping-feature/build/generated/compose/resourceGenerator/kotlin/webMainResourceAccessors', not found
file or directory '/home/stefan/WsMeldestelle/Meldestelle/frontend/features/ping-feature/src/webTest/kotlin', not found
file or directory '/home/stefan/WsMeldestelle/Meldestelle/frontend/features/ping-feature/build/generated/compose/resourceGenerator/kotlin/webTestResourceAccessors', not found

> Configure project :frontend:shells:meldestelle-portal
Evaluating project ':frontend:shells:meldestelle-portal' using build file '/home/stefan/WsMeldestelle/Meldestelle/frontend/shells/meldestelle-portal/build.gradle.kts'.
Resolved plugin [id: 'org.jetbrains.kotlin.multiplatform', version: '2.3.0']
Resolved plugin [id: 'org.jetbrains.kotlin.plugin.compose', version: '2.3.0']
Resolved plugin [id: 'org.jetbrains.compose', version: '1.9.3']
Resolved plugin [id: 'org.jetbrains.kotlin.plugin.serialization', version: '2.3.0']
Using Kotlin Gradle Plugin gradle813 variant
Applying KotlinAdapter to :frontend:shells:meldestelle-portal
Configuring KotlinAdapter in Gradle Kotlin Project :frontend:shells:meldestelle-portal
applied DokkaJavaAdapter to :frontend:shells:meldestelle-portal
applied class org.jetbrains.dokka.gradle.adapters.AndroidAdapter_Decorated to :frontend:shells:meldestelle-portal
Configure multi-module compose resources
Configure compose resources generation
Configure 'map(provider(?))' class generation for commonMain
Configure resource accessors generation for commonMain
Configure resource accessors generation for commonTest
Configure expect resource collectors generation for commonMain
Configure resource accessors generation for jvmMain
kotlin scripting plugin: created the scripting discovery configuration: kotlinScriptDef
Configure resource accessors generation for jvmTest
kotlin scripting plugin: created the scripting discovery configuration: testKotlinScriptDef
Configure actual resource collectors generation for jvmMain
Configure main resources for 'jvm' target
Configure test resources for 'jvm' target
Configure resource accessors generation for jsMain
Configure resource accessors generation for jsTest
Configure actual resource collectors generation for jsMain
Configure main resources for 'js' target
Configure KMP component publication for 'js'
Collect resolved main resources for 'js'
Configure test resources for 'js' target
[:frontend:shells:meldestelle-portal] commonizeCInterop task registration disabled. Project has no native Kotlin targets.
Check that new 'org.jetbrains.kotlin.plugin.compose' was applied
Configure resource accessors generation for webMain
Configure resource accessors generation for webTest
file or directory '/home/stefan/WsMeldestelle/Meldestelle/frontend/shells/meldestelle-portal/src/webMain/kotlin', not found
file or directory '/home/stefan/WsMeldestelle/Meldestelle/frontend/shells/meldestelle-portal/build/generated/compose/resourceGenerator/kotlin/webMainResourceAccessors', not found
file or directory '/home/stefan/WsMeldestelle/Meldestelle/frontend/shells/meldestelle-portal/src/webTest/kotlin', not found
file or directory '/home/stefan/WsMeldestelle/Meldestelle/frontend/shells/meldestelle-portal/build/generated/compose/resourceGenerator/kotlin/webTestResourceAccessors', not found

> Configure project :backend:infrastructure:cache:cache-api
Evaluating project ':backend:infrastructure:cache:cache-api' using build file '/home/stefan/WsMeldestelle/Meldestelle/backend/infrastructure/cache/cache-api/build.gradle.kts'.
Resolved plugin [id: 'org.jetbrains.kotlin.jvm', version: '2.3.0']
Using Kotlin Gradle Plugin gradle813 variant
kotlin scripting plugin: created the scripting discovery configuration: kotlinScriptDef
kotlin scripting plugin: created the scripting discovery configuration: testKotlinScriptDef
Applying KotlinAdapter to :backend:infrastructure:cache:cache-api
Configuring KotlinAdapter in Gradle Kotlin Project :backend:infrastructure:cache:cache-api
applied DokkaJavaAdapter to :backend:infrastructure:cache:cache-api
applied class org.jetbrains.dokka.gradle.adapters.AndroidAdapter_Decorated to :backend:infrastructure:cache:cache-api

> Configure project :backend:infrastructure:cache:redis-cache
Evaluating project ':backend:infrastructure:cache:redis-cache' using build file '/home/stefan/WsMeldestelle/Meldestelle/backend/infrastructure/cache/redis-cache/build.gradle.kts'.
Resolved plugin [id: 'org.jetbrains.kotlin.jvm', version: '2.3.0']
Resolved plugin [id: 'org.jetbrains.kotlin.plugin.spring', version: '2.3.0']
Resolved plugin [id: 'io.spring.dependency-management', version: '1.1.7']
Using Kotlin Gradle Plugin gradle813 variant
kotlin scripting plugin: created the scripting discovery configuration: kotlinScriptDef
kotlin scripting plugin: created the scripting discovery configuration: testKotlinScriptDef
Applying KotlinAdapter to :backend:infrastructure:cache:redis-cache
Configuring KotlinAdapter in Gradle Kotlin Project :backend:infrastructure:cache:redis-cache
applied DokkaJavaAdapter to :backend:infrastructure:cache:redis-cache
applied class org.jetbrains.dokka.gradle.adapters.AndroidAdapter_Decorated to :backend:infrastructure:cache:redis-cache
Applying dependency management to configuration 'annotationProcessor' in project 'redis-cache'
Applying dependency management to configuration 'api' in project 'redis-cache'
Applying dependency management to configuration 'apiElements' in project 'redis-cache'
Applying dependency management to configuration 'archives' in project 'redis-cache'
Applying dependency management to configuration 'compileClasspath' in project 'redis-cache'
Applying dependency management to configuration 'compileOnly' in project 'redis-cache'
Applying dependency management to configuration 'default' in project 'redis-cache'
Applying dependency management to configuration 'dokka' in project 'redis-cache'
Applying dependency management to configuration 'dokkaHtmlGeneratorRuntime' in project 'redis-cache'
Applying dependency management to configuration 'dokkaHtmlGeneratorRuntimeResolver~internal' in project 'redis-cache'
Applying dependency management to configuration 'dokkaHtmlModuleOutputDirectoriesConsumable~internal' in project 'redis-cache'
Applying dependency management to configuration 'dokkaHtmlModuleOutputDirectoriesResolver~internal' in project 'redis-cache'
Applying dependency management to configuration 'dokkaHtmlPlugin' in project 'redis-cache'
Applying dependency management to configuration 'dokkaHtmlPluginIntransitiveResolver~internal' in project 'redis-cache'
Applying dependency management to configuration 'dokkaHtmlPublicationPlugin' in project 'redis-cache'
Applying dependency management to configuration 'dokkaHtmlPublicationPluginApiOnlyConsumable~internal' in project 'redis-cache'
Applying dependency management to configuration 'dokkaHtmlPublicationPluginApiOnly~internal' in project 'redis-cache'
Applying dependency management to configuration 'dokkaHtmlPublicationPluginResolver~internal' in project 'redis-cache'
Applying dependency management to configuration 'dokkaPlugin' in project 'redis-cache'
Applying dependency management to configuration 'implementation' in project 'redis-cache'
Applying dependency management to configuration 'implementationDependenciesMetadata' in project 'redis-cache'
Applying dependency management to configuration 'kotlinBuildToolsApiClasspath' in project 'redis-cache'
Applying dependency management to configuration 'kotlinCompilerClasspath' in project 'redis-cache'
Applying dependency management to configuration 'kotlinCompilerPluginClasspath' in project 'redis-cache'
Applying dependency management to configuration 'kotlinCompilerPluginClasspathMain' in project 'redis-cache'
Applying dependency management to configuration 'kotlinCompilerPluginClasspathTest' in project 'redis-cache'
Applying dependency management to configuration 'kotlinInternalAbiValidation' in project 'redis-cache'
Applying dependency management to configuration 'kotlinKlibCommonizerClasspath' in project 'redis-cache'
Applying dependency management to configuration 'kotlinNativeCompilerPluginClasspath' in project 'redis-cache'
Applying dependency management to configuration 'kotlinScriptDef' in project 'redis-cache'
Applying dependency management to configuration 'kotlinScriptDefExtensions' in project 'redis-cache'
Applying dependency management to configuration 'mainSourceElements' in project 'redis-cache'
Applying dependency management to configuration 'runtimeClasspath' in project 'redis-cache'
Applying dependency management to configuration 'runtimeElements' in project 'redis-cache'
Applying dependency management to configuration 'runtimeOnly' in project 'redis-cache'
Applying dependency management to configuration 'testAnnotationProcessor' in project 'redis-cache'
Applying dependency management to configuration 'testApi' in project 'redis-cache'
Applying dependency management to configuration 'testCompileClasspath' in project 'redis-cache'
Applying dependency management to configuration 'testCompileOnly' in project 'redis-cache'
Applying dependency management to configuration 'testImplementation' in project 'redis-cache'
Applying dependency management to configuration 'testImplementationDependenciesMetadata' in project 'redis-cache'
Applying dependency management to configuration 'testKotlinScriptDef' in project 'redis-cache'
Applying dependency management to configuration 'testKotlinScriptDefExtensions' in project 'redis-cache'
Applying dependency management to configuration 'testResultsElementsForTest' in project 'redis-cache'
Applying dependency management to configuration 'testRuntimeClasspath' in project 'redis-cache'
Applying dependency management to configuration 'testRuntimeOnly' in project 'redis-cache'
Applying dependency management to configuration 'javadocElements' in project 'redis-cache'
Applying dependency management to configuration 'sourcesElements' in project 'redis-cache'
Applying dependency management to configuration 'apiElements-published' in project 'redis-cache'
Applying dependency management to configuration 'runtimeElements-published' in project 'redis-cache'

> Configure project :backend:infrastructure:event-store:event-store-api
Evaluating project ':backend:infrastructure:event-store:event-store-api' using build file '/home/stefan/WsMeldestelle/Meldestelle/backend/infrastructure/event-store/event-store-api/build.gradle.kts'.
Resolved plugin [id: 'org.jetbrains.kotlin.jvm', version: '2.3.0']
Resolved plugin [id: 'org.gradle.java-library']
Using Kotlin Gradle Plugin gradle813 variant
kotlin scripting plugin: created the scripting discovery configuration: kotlinScriptDef
kotlin scripting plugin: created the scripting discovery configuration: testKotlinScriptDef
Applying KotlinAdapter to :backend:infrastructure:event-store:event-store-api
Configuring KotlinAdapter in Gradle Kotlin Project :backend:infrastructure:event-store:event-store-api
applied DokkaJavaAdapter to :backend:infrastructure:event-store:event-store-api
applied class org.jetbrains.dokka.gradle.adapters.AndroidAdapter_Decorated to :backend:infrastructure:event-store:event-store-api

> Configure project :backend:infrastructure:event-store:redis-event-store
Evaluating project ':backend:infrastructure:event-store:redis-event-store' using build file '/home/stefan/WsMeldestelle/Meldestelle/backend/infrastructure/event-store/redis-event-store/build.gradle.kts'.
Resolved plugin [id: 'org.jetbrains.kotlin.jvm', version: '2.3.0']
Resolved plugin [id: 'org.jetbrains.kotlin.plugin.spring', version: '2.3.0']
Resolved plugin [id: 'org.springframework.boot', version: '4.0.0-M2']
Resolved plugin [id: 'io.spring.dependency-management', version: '1.1.7']
Using Kotlin Gradle Plugin gradle813 variant
kotlin scripting plugin: created the scripting discovery configuration: kotlinScriptDef
kotlin scripting plugin: created the scripting discovery configuration: testKotlinScriptDef
Applying KotlinAdapter to :backend:infrastructure:event-store:redis-event-store
Configuring KotlinAdapter in Gradle Kotlin Project :backend:infrastructure:event-store:redis-event-store
applied DokkaJavaAdapter to :backend:infrastructure:event-store:redis-event-store
applied class org.jetbrains.dokka.gradle.adapters.AndroidAdapter_Decorated to :backend:infrastructure:event-store:redis-event-store
Applying dependency management to configuration 'annotationProcessor' in project 'redis-event-store'
Applying dependency management to configuration 'api' in project 'redis-event-store'
Applying dependency management to configuration 'apiElements' in project 'redis-event-store'
Applying dependency management to configuration 'archives' in project 'redis-event-store'
Applying dependency management to configuration 'bootArchives' in project 'redis-event-store'
Applying dependency management to configuration 'compileClasspath' in project 'redis-event-store'
Applying dependency management to configuration 'compileOnly' in project 'redis-event-store'
Applying dependency management to configuration 'default' in project 'redis-event-store'
Applying dependency management to configuration 'developmentOnly' in project 'redis-event-store'
Applying dependency management to configuration 'dokka' in project 'redis-event-store'
Applying dependency management to configuration 'dokkaHtmlGeneratorRuntime' in project 'redis-event-store'
Applying dependency management to configuration 'dokkaHtmlGeneratorRuntimeResolver~internal' in project 'redis-event-store'
Applying dependency management to configuration 'dokkaHtmlModuleOutputDirectoriesConsumable~internal' in project 'redis-event-store'
Applying dependency management to configuration 'dokkaHtmlModuleOutputDirectoriesResolver~internal' in project 'redis-event-store'
Applying dependency management to configuration 'dokkaHtmlPlugin' in project 'redis-event-store'
Applying dependency management to configuration 'dokkaHtmlPluginIntransitiveResolver~internal' in project 'redis-event-store'
Applying dependency management to configuration 'dokkaHtmlPublicationPlugin' in project 'redis-event-store'
Applying dependency management to configuration 'dokkaHtmlPublicationPluginApiOnlyConsumable~internal' in project 'redis-event-store'
Applying dependency management to configuration 'dokkaHtmlPublicationPluginApiOnly~internal' in project 'redis-event-store'
Applying dependency management to configuration 'dokkaHtmlPublicationPluginResolver~internal' in project 'redis-event-store'
Applying dependency management to configuration 'dokkaPlugin' in project 'redis-event-store'
Applying dependency management to configuration 'implementation' in project 'redis-event-store'
Applying dependency management to configuration 'implementationDependenciesMetadata' in project 'redis-event-store'
Applying dependency management to configuration 'kotlinBuildToolsApiClasspath' in project 'redis-event-store'
Applying dependency management to configuration 'kotlinCompilerClasspath' in project 'redis-event-store'
Applying dependency management to configuration 'kotlinCompilerPluginClasspath' in project 'redis-event-store'
Applying dependency management to configuration 'kotlinCompilerPluginClasspathMain' in project 'redis-event-store'
Applying dependency management to configuration 'kotlinCompilerPluginClasspathTest' in project 'redis-event-store'
Applying dependency management to configuration 'kotlinInternalAbiValidation' in project 'redis-event-store'
Applying dependency management to configuration 'kotlinKlibCommonizerClasspath' in project 'redis-event-store'
Applying dependency management to configuration 'kotlinNativeCompilerPluginClasspath' in project 'redis-event-store'
Applying dependency management to configuration 'kotlinScriptDef' in project 'redis-event-store'
Applying dependency management to configuration 'kotlinScriptDefExtensions' in project 'redis-event-store'
Applying dependency management to configuration 'mainSourceElements' in project 'redis-event-store'
Applying dependency management to configuration 'productionRuntimeClasspath' in project 'redis-event-store'
Applying dependency management to configuration 'runtimeClasspath' in project 'redis-event-store'
Applying dependency management to configuration 'runtimeElements' in project 'redis-event-store'
Applying dependency management to configuration 'runtimeOnly' in project 'redis-event-store'
Applying dependency management to configuration 'testAndDevelopmentOnly' in project 'redis-event-store'
Applying dependency management to configuration 'testAnnotationProcessor' in project 'redis-event-store'
Applying dependency management to configuration 'testApi' in project 'redis-event-store'
Applying dependency management to configuration 'testCompileClasspath' in project 'redis-event-store'
Applying dependency management to configuration 'testCompileOnly' in project 'redis-event-store'
Applying dependency management to configuration 'testImplementation' in project 'redis-event-store'
Applying dependency management to configuration 'testImplementationDependenciesMetadata' in project 'redis-event-store'
Applying dependency management to configuration 'testKotlinScriptDef' in project 'redis-event-store'
Applying dependency management to configuration 'testKotlinScriptDefExtensions' in project 'redis-event-store'
Applying dependency management to configuration 'testResultsElementsForTest' in project 'redis-event-store'
Applying dependency management to configuration 'testRuntimeClasspath' in project 'redis-event-store'
Applying dependency management to configuration 'testRuntimeOnly' in project 'redis-event-store'
Applying dependency management to configuration 'apiElements-published' in project 'redis-event-store'
Applying dependency management to configuration 'runtimeElements-published' in project 'redis-event-store'

> Configure project :backend:infrastructure:messaging:messaging-client
Evaluating project ':backend:infrastructure:messaging:messaging-client' using build file '/home/stefan/WsMeldestelle/Meldestelle/backend/infrastructure/messaging/messaging-client/build.gradle.kts'.
Resolved plugin [id: 'org.jetbrains.kotlin.jvm', version: '2.3.0']
Resolved plugin [id: 'org.jetbrains.kotlin.plugin.spring', version: '2.3.0']
Resolved plugin [id: 'org.springframework.boot', version: '4.0.0-M2']
Resolved plugin [id: 'io.spring.dependency-management', version: '1.1.7']
Using Kotlin Gradle Plugin gradle813 variant
kotlin scripting plugin: created the scripting discovery configuration: kotlinScriptDef
kotlin scripting plugin: created the scripting discovery configuration: testKotlinScriptDef
Applying KotlinAdapter to :backend:infrastructure:messaging:messaging-client
Configuring KotlinAdapter in Gradle Kotlin Project :backend:infrastructure:messaging:messaging-client
applied DokkaJavaAdapter to :backend:infrastructure:messaging:messaging-client
applied class org.jetbrains.dokka.gradle.adapters.AndroidAdapter_Decorated to :backend:infrastructure:messaging:messaging-client
Applying dependency management to configuration 'annotationProcessor' in project 'messaging-client'
Applying dependency management to configuration 'api' in project 'messaging-client'
Applying dependency management to configuration 'apiElements' in project 'messaging-client'
Applying dependency management to configuration 'archives' in project 'messaging-client'
Applying dependency management to configuration 'bootArchives' in project 'messaging-client'
Applying dependency management to configuration 'compileClasspath' in project 'messaging-client'
Applying dependency management to configuration 'compileOnly' in project 'messaging-client'
Applying dependency management to configuration 'default' in project 'messaging-client'
Applying dependency management to configuration 'developmentOnly' in project 'messaging-client'
Applying dependency management to configuration 'dokka' in project 'messaging-client'
Applying dependency management to configuration 'dokkaHtmlGeneratorRuntime' in project 'messaging-client'
Applying dependency management to configuration 'dokkaHtmlGeneratorRuntimeResolver~internal' in project 'messaging-client'
Applying dependency management to configuration 'dokkaHtmlModuleOutputDirectoriesConsumable~internal' in project 'messaging-client'
Applying dependency management to configuration 'dokkaHtmlModuleOutputDirectoriesResolver~internal' in project 'messaging-client'
Applying dependency management to configuration 'dokkaHtmlPlugin' in project 'messaging-client'
Applying dependency management to configuration 'dokkaHtmlPluginIntransitiveResolver~internal' in project 'messaging-client'
Applying dependency management to configuration 'dokkaHtmlPublicationPlugin' in project 'messaging-client'
Applying dependency management to configuration 'dokkaHtmlPublicationPluginApiOnlyConsumable~internal' in project 'messaging-client'
Applying dependency management to configuration 'dokkaHtmlPublicationPluginApiOnly~internal' in project 'messaging-client'
Applying dependency management to configuration 'dokkaHtmlPublicationPluginResolver~internal' in project 'messaging-client'
Applying dependency management to configuration 'dokkaPlugin' in project 'messaging-client'
Applying dependency management to configuration 'implementation' in project 'messaging-client'
Applying dependency management to configuration 'implementationDependenciesMetadata' in project 'messaging-client'
Applying dependency management to configuration 'kotlinBuildToolsApiClasspath' in project 'messaging-client'
Applying dependency management to configuration 'kotlinCompilerClasspath' in project 'messaging-client'
Applying dependency management to configuration 'kotlinCompilerPluginClasspath' in project 'messaging-client'
Applying dependency management to configuration 'kotlinCompilerPluginClasspathMain' in project 'messaging-client'
Applying dependency management to configuration 'kotlinCompilerPluginClasspathTest' in project 'messaging-client'
Applying dependency management to configuration 'kotlinInternalAbiValidation' in project 'messaging-client'
Applying dependency management to configuration 'kotlinKlibCommonizerClasspath' in project 'messaging-client'
Applying dependency management to configuration 'kotlinNativeCompilerPluginClasspath' in project 'messaging-client'
Applying dependency management to configuration 'kotlinScriptDef' in project 'messaging-client'
Applying dependency management to configuration 'kotlinScriptDefExtensions' in project 'messaging-client'
Applying dependency management to configuration 'mainSourceElements' in project 'messaging-client'
Applying dependency management to configuration 'productionRuntimeClasspath' in project 'messaging-client'
Applying dependency management to configuration 'runtimeClasspath' in project 'messaging-client'
Applying dependency management to configuration 'runtimeElements' in project 'messaging-client'
Applying dependency management to configuration 'runtimeOnly' in project 'messaging-client'
Applying dependency management to configuration 'testAndDevelopmentOnly' in project 'messaging-client'
Applying dependency management to configuration 'testAnnotationProcessor' in project 'messaging-client'
Applying dependency management to configuration 'testApi' in project 'messaging-client'
Applying dependency management to configuration 'testCompileClasspath' in project 'messaging-client'
Applying dependency management to configuration 'testCompileOnly' in project 'messaging-client'
Applying dependency management to configuration 'testImplementation' in project 'messaging-client'
Applying dependency management to configuration 'testImplementationDependenciesMetadata' in project 'messaging-client'
Applying dependency management to configuration 'testKotlinScriptDef' in project 'messaging-client'
Applying dependency management to configuration 'testKotlinScriptDefExtensions' in project 'messaging-client'
Applying dependency management to configuration 'testResultsElementsForTest' in project 'messaging-client'
Applying dependency management to configuration 'testRuntimeClasspath' in project 'messaging-client'
Applying dependency management to configuration 'testRuntimeOnly' in project 'messaging-client'
Applying dependency management to configuration 'apiElements-published' in project 'messaging-client'
Applying dependency management to configuration 'runtimeElements-published' in project 'messaging-client'

> Configure project :backend:infrastructure:messaging:messaging-config
Evaluating project ':backend:infrastructure:messaging:messaging-config' using build file '/home/stefan/WsMeldestelle/Meldestelle/backend/infrastructure/messaging/messaging-config/build.gradle.kts'.
Resolved plugin [id: 'org.jetbrains.kotlin.jvm', version: '2.3.0']
Resolved plugin [id: 'org.jetbrains.kotlin.plugin.spring', version: '2.3.0']
Resolved plugin [id: 'org.springframework.boot', version: '4.0.0-M2']
Resolved plugin [id: 'io.spring.dependency-management', version: '1.1.7']
Using Kotlin Gradle Plugin gradle813 variant
kotlin scripting plugin: created the scripting discovery configuration: kotlinScriptDef
kotlin scripting plugin: created the scripting discovery configuration: testKotlinScriptDef
Applying KotlinAdapter to :backend:infrastructure:messaging:messaging-config
Configuring KotlinAdapter in Gradle Kotlin Project :backend:infrastructure:messaging:messaging-config
applied DokkaJavaAdapter to :backend:infrastructure:messaging:messaging-config
applied class org.jetbrains.dokka.gradle.adapters.AndroidAdapter_Decorated to :backend:infrastructure:messaging:messaging-config
Applying dependency management to configuration 'annotationProcessor' in project 'messaging-config'
Applying dependency management to configuration 'api' in project 'messaging-config'
Applying dependency management to configuration 'apiElements' in project 'messaging-config'
Applying dependency management to configuration 'archives' in project 'messaging-config'
Applying dependency management to configuration 'bootArchives' in project 'messaging-config'
Applying dependency management to configuration 'compileClasspath' in project 'messaging-config'
Applying dependency management to configuration 'compileOnly' in project 'messaging-config'
Applying dependency management to configuration 'default' in project 'messaging-config'
Applying dependency management to configuration 'developmentOnly' in project 'messaging-config'
Applying dependency management to configuration 'dokka' in project 'messaging-config'
Applying dependency management to configuration 'dokkaHtmlGeneratorRuntime' in project 'messaging-config'
Applying dependency management to configuration 'dokkaHtmlGeneratorRuntimeResolver~internal' in project 'messaging-config'
Applying dependency management to configuration 'dokkaHtmlModuleOutputDirectoriesConsumable~internal' in project 'messaging-config'
Applying dependency management to configuration 'dokkaHtmlModuleOutputDirectoriesResolver~internal' in project 'messaging-config'
Applying dependency management to configuration 'dokkaHtmlPlugin' in project 'messaging-config'
Applying dependency management to configuration 'dokkaHtmlPluginIntransitiveResolver~internal' in project 'messaging-config'
Applying dependency management to configuration 'dokkaHtmlPublicationPlugin' in project 'messaging-config'
Applying dependency management to configuration 'dokkaHtmlPublicationPluginApiOnlyConsumable~internal' in project 'messaging-config'
Applying dependency management to configuration 'dokkaHtmlPublicationPluginApiOnly~internal' in project 'messaging-config'
Applying dependency management to configuration 'dokkaHtmlPublicationPluginResolver~internal' in project 'messaging-config'
Applying dependency management to configuration 'dokkaPlugin' in project 'messaging-config'
Applying dependency management to configuration 'implementation' in project 'messaging-config'
Applying dependency management to configuration 'implementationDependenciesMetadata' in project 'messaging-config'
Applying dependency management to configuration 'kotlinBuildToolsApiClasspath' in project 'messaging-config'
Applying dependency management to configuration 'kotlinCompilerClasspath' in project 'messaging-config'
Applying dependency management to configuration 'kotlinCompilerPluginClasspath' in project 'messaging-config'
Applying dependency management to configuration 'kotlinCompilerPluginClasspathMain' in project 'messaging-config'
Applying dependency management to configuration 'kotlinCompilerPluginClasspathTest' in project 'messaging-config'
Applying dependency management to configuration 'kotlinInternalAbiValidation' in project 'messaging-config'
Applying dependency management to configuration 'kotlinKlibCommonizerClasspath' in project 'messaging-config'
Applying dependency management to configuration 'kotlinNativeCompilerPluginClasspath' in project 'messaging-config'
Applying dependency management to configuration 'kotlinScriptDef' in project 'messaging-config'
Applying dependency management to configuration 'kotlinScriptDefExtensions' in project 'messaging-config'
Applying dependency management to configuration 'mainSourceElements' in project 'messaging-config'
Applying dependency management to configuration 'productionRuntimeClasspath' in project 'messaging-config'
Applying dependency management to configuration 'runtimeClasspath' in project 'messaging-config'
Applying dependency management to configuration 'runtimeElements' in project 'messaging-config'
Applying dependency management to configuration 'runtimeOnly' in project 'messaging-config'
Applying dependency management to configuration 'testAndDevelopmentOnly' in project 'messaging-config'
Applying dependency management to configuration 'testAnnotationProcessor' in project 'messaging-config'
Applying dependency management to configuration 'testApi' in project 'messaging-config'
Applying dependency management to configuration 'testCompileClasspath' in project 'messaging-config'
Applying dependency management to configuration 'testCompileOnly' in project 'messaging-config'
Applying dependency management to configuration 'testImplementation' in project 'messaging-config'
Applying dependency management to configuration 'testImplementationDependenciesMetadata' in project 'messaging-config'
Applying dependency management to configuration 'testKotlinScriptDef' in project 'messaging-config'
Applying dependency management to configuration 'testKotlinScriptDefExtensions' in project 'messaging-config'
Applying dependency management to configuration 'testResultsElementsForTest' in project 'messaging-config'
Applying dependency management to configuration 'testRuntimeClasspath' in project 'messaging-config'
Applying dependency management to configuration 'testRuntimeOnly' in project 'messaging-config'
Applying dependency management to configuration 'apiElements-published' in project 'messaging-config'
Applying dependency management to configuration 'runtimeElements-published' in project 'messaging-config'

> Configure project :backend:infrastructure:monitoring:monitoring-client
Evaluating project ':backend:infrastructure:monitoring:monitoring-client' using build file '/home/stefan/WsMeldestelle/Meldestelle/backend/infrastructure/monitoring/monitoring-client/build.gradle.kts'.
Resolved plugin [id: 'org.gradle.java-library']
Resolved plugin [id: 'org.jetbrains.kotlin.jvm', version: '2.3.0']
Resolved plugin [id: 'org.jetbrains.kotlin.plugin.spring', version: '2.3.0']
Resolved plugin [id: 'io.spring.dependency-management', version: '1.1.7']
Using Kotlin Gradle Plugin gradle813 variant
kotlin scripting plugin: created the scripting discovery configuration: kotlinScriptDef
kotlin scripting plugin: created the scripting discovery configuration: testKotlinScriptDef
Applying KotlinAdapter to :backend:infrastructure:monitoring:monitoring-client
Configuring KotlinAdapter in Gradle Kotlin Project :backend:infrastructure:monitoring:monitoring-client
applied DokkaJavaAdapter to :backend:infrastructure:monitoring:monitoring-client
applied class org.jetbrains.dokka.gradle.adapters.AndroidAdapter_Decorated to :backend:infrastructure:monitoring:monitoring-client
Applying dependency management to configuration 'annotationProcessor' in project 'monitoring-client'
Applying dependency management to configuration 'api' in project 'monitoring-client'
Applying dependency management to configuration 'apiElements' in project 'monitoring-client'
Applying dependency management to configuration 'archives' in project 'monitoring-client'
Applying dependency management to configuration 'compileClasspath' in project 'monitoring-client'
Applying dependency management to configuration 'compileOnly' in project 'monitoring-client'
Applying dependency management to configuration 'compileOnlyApi' in project 'monitoring-client'
Applying dependency management to configuration 'default' in project 'monitoring-client'
Applying dependency management to configuration 'dokka' in project 'monitoring-client'
Applying dependency management to configuration 'dokkaHtmlGeneratorRuntime' in project 'monitoring-client'
Applying dependency management to configuration 'dokkaHtmlGeneratorRuntimeResolver~internal' in project 'monitoring-client'
Applying dependency management to configuration 'dokkaHtmlModuleOutputDirectoriesConsumable~internal' in project 'monitoring-client'
Applying dependency management to configuration 'dokkaHtmlModuleOutputDirectoriesResolver~internal' in project 'monitoring-client'
Applying dependency management to configuration 'dokkaHtmlPlugin' in project 'monitoring-client'
Applying dependency management to configuration 'dokkaHtmlPluginIntransitiveResolver~internal' in project 'monitoring-client'
Applying dependency management to configuration 'dokkaHtmlPublicationPlugin' in project 'monitoring-client'
Applying dependency management to configuration 'dokkaHtmlPublicationPluginApiOnlyConsumable~internal' in project 'monitoring-client'
Applying dependency management to configuration 'dokkaHtmlPublicationPluginApiOnly~internal' in project 'monitoring-client'
Applying dependency management to configuration 'dokkaHtmlPublicationPluginResolver~internal' in project 'monitoring-client'
Applying dependency management to configuration 'dokkaPlugin' in project 'monitoring-client'
Applying dependency management to configuration 'implementation' in project 'monitoring-client'
Applying dependency management to configuration 'implementationDependenciesMetadata' in project 'monitoring-client'
Applying dependency management to configuration 'kotlinBuildToolsApiClasspath' in project 'monitoring-client'
Applying dependency management to configuration 'kotlinCompilerClasspath' in project 'monitoring-client'
Applying dependency management to configuration 'kotlinCompilerPluginClasspath' in project 'monitoring-client'
Applying dependency management to configuration 'kotlinCompilerPluginClasspathMain' in project 'monitoring-client'
Applying dependency management to configuration 'kotlinCompilerPluginClasspathTest' in project 'monitoring-client'
Applying dependency management to configuration 'kotlinInternalAbiValidation' in project 'monitoring-client'
Applying dependency management to configuration 'kotlinKlibCommonizerClasspath' in project 'monitoring-client'
Applying dependency management to configuration 'kotlinNativeCompilerPluginClasspath' in project 'monitoring-client'
Applying dependency management to configuration 'kotlinScriptDef' in project 'monitoring-client'
Applying dependency management to configuration 'kotlinScriptDefExtensions' in project 'monitoring-client'
Applying dependency management to configuration 'mainSourceElements' in project 'monitoring-client'
Applying dependency management to configuration 'runtimeClasspath' in project 'monitoring-client'
Applying dependency management to configuration 'runtimeElements' in project 'monitoring-client'
Applying dependency management to configuration 'runtimeOnly' in project 'monitoring-client'
Applying dependency management to configuration 'testAnnotationProcessor' in project 'monitoring-client'
Applying dependency management to configuration 'testApi' in project 'monitoring-client'
Applying dependency management to configuration 'testCompileClasspath' in project 'monitoring-client'
Applying dependency management to configuration 'testCompileOnly' in project 'monitoring-client'
Applying dependency management to configuration 'testImplementation' in project 'monitoring-client'
Applying dependency management to configuration 'testImplementationDependenciesMetadata' in project 'monitoring-client'
Applying dependency management to configuration 'testKotlinScriptDef' in project 'monitoring-client'
Applying dependency management to configuration 'testKotlinScriptDefExtensions' in project 'monitoring-client'
Applying dependency management to configuration 'testResultsElementsForTest' in project 'monitoring-client'
Applying dependency management to configuration 'testRuntimeClasspath' in project 'monitoring-client'
Applying dependency management to configuration 'testRuntimeOnly' in project 'monitoring-client'
Applying dependency management to configuration 'apiElements-published' in project 'monitoring-client'
Applying dependency management to configuration 'runtimeElements-published' in project 'monitoring-client'

> Configure project :backend:infrastructure:monitoring:monitoring-server
Evaluating project ':backend:infrastructure:monitoring:monitoring-server' using build file '/home/stefan/WsMeldestelle/Meldestelle/backend/infrastructure/monitoring/monitoring-server/build.gradle.kts'.
Resolved plugin [id: 'org.jetbrains.kotlin.jvm', version: '2.3.0']
Resolved plugin [id: 'org.jetbrains.kotlin.plugin.spring', version: '2.3.0']
Resolved plugin [id: 'org.springframework.boot', version: '4.0.0-M2']
Resolved plugin [id: 'io.spring.dependency-management', version: '1.1.7']
Using Kotlin Gradle Plugin gradle813 variant
kotlin scripting plugin: created the scripting discovery configuration: kotlinScriptDef
kotlin scripting plugin: created the scripting discovery configuration: testKotlinScriptDef
Applying KotlinAdapter to :backend:infrastructure:monitoring:monitoring-server
Configuring KotlinAdapter in Gradle Kotlin Project :backend:infrastructure:monitoring:monitoring-server
applied DokkaJavaAdapter to :backend:infrastructure:monitoring:monitoring-server
applied class org.jetbrains.dokka.gradle.adapters.AndroidAdapter_Decorated to :backend:infrastructure:monitoring:monitoring-server
Applying dependency management to configuration 'annotationProcessor' in project 'monitoring-server'
Applying dependency management to configuration 'api' in project 'monitoring-server'
Applying dependency management to configuration 'apiElements' in project 'monitoring-server'
Applying dependency management to configuration 'archives' in project 'monitoring-server'
Applying dependency management to configuration 'bootArchives' in project 'monitoring-server'
Applying dependency management to configuration 'compileClasspath' in project 'monitoring-server'
Applying dependency management to configuration 'compileOnly' in project 'monitoring-server'
Applying dependency management to configuration 'default' in project 'monitoring-server'
Applying dependency management to configuration 'developmentOnly' in project 'monitoring-server'
Applying dependency management to configuration 'dokka' in project 'monitoring-server'
Applying dependency management to configuration 'dokkaHtmlGeneratorRuntime' in project 'monitoring-server'
Applying dependency management to configuration 'dokkaHtmlGeneratorRuntimeResolver~internal' in project 'monitoring-server'
Applying dependency management to configuration 'dokkaHtmlModuleOutputDirectoriesConsumable~internal' in project 'monitoring-server'
Applying dependency management to configuration 'dokkaHtmlModuleOutputDirectoriesResolver~internal' in project 'monitoring-server'
Applying dependency management to configuration 'dokkaHtmlPlugin' in project 'monitoring-server'
Applying dependency management to configuration 'dokkaHtmlPluginIntransitiveResolver~internal' in project 'monitoring-server'
Applying dependency management to configuration 'dokkaHtmlPublicationPlugin' in project 'monitoring-server'
Applying dependency management to configuration 'dokkaHtmlPublicationPluginApiOnlyConsumable~internal' in project 'monitoring-server'
Applying dependency management to configuration 'dokkaHtmlPublicationPluginApiOnly~internal' in project 'monitoring-server'
Applying dependency management to configuration 'dokkaHtmlPublicationPluginResolver~internal' in project 'monitoring-server'
Applying dependency management to configuration 'dokkaPlugin' in project 'monitoring-server'
Applying dependency management to configuration 'implementation' in project 'monitoring-server'
Applying dependency management to configuration 'implementationDependenciesMetadata' in project 'monitoring-server'
Applying dependency management to configuration 'kotlinBuildToolsApiClasspath' in project 'monitoring-server'
Applying dependency management to configuration 'kotlinCompilerClasspath' in project 'monitoring-server'
Applying dependency management to configuration 'kotlinCompilerPluginClasspath' in project 'monitoring-server'
Applying dependency management to configuration 'kotlinCompilerPluginClasspathMain' in project 'monitoring-server'
Applying dependency management to configuration 'kotlinCompilerPluginClasspathTest' in project 'monitoring-server'
Applying dependency management to configuration 'kotlinInternalAbiValidation' in project 'monitoring-server'
Applying dependency management to configuration 'kotlinKlibCommonizerClasspath' in project 'monitoring-server'
Applying dependency management to configuration 'kotlinNativeCompilerPluginClasspath' in project 'monitoring-server'
Applying dependency management to configuration 'kotlinScriptDef' in project 'monitoring-server'
Applying dependency management to configuration 'kotlinScriptDefExtensions' in project 'monitoring-server'
Applying dependency management to configuration 'mainSourceElements' in project 'monitoring-server'
Applying dependency management to configuration 'productionRuntimeClasspath' in project 'monitoring-server'
Applying dependency management to configuration 'runtimeClasspath' in project 'monitoring-server'
Applying dependency management to configuration 'runtimeElements' in project 'monitoring-server'
Applying dependency management to configuration 'runtimeOnly' in project 'monitoring-server'
Applying dependency management to configuration 'testAndDevelopmentOnly' in project 'monitoring-server'
Applying dependency management to configuration 'testAnnotationProcessor' in project 'monitoring-server'
Applying dependency management to configuration 'testApi' in project 'monitoring-server'
Applying dependency management to configuration 'testCompileClasspath' in project 'monitoring-server'
Applying dependency management to configuration 'testCompileOnly' in project 'monitoring-server'
Applying dependency management to configuration 'testImplementation' in project 'monitoring-server'
Applying dependency management to configuration 'testImplementationDependenciesMetadata' in project 'monitoring-server'
Applying dependency management to configuration 'testKotlinScriptDef' in project 'monitoring-server'
Applying dependency management to configuration 'testKotlinScriptDefExtensions' in project 'monitoring-server'
Applying dependency management to configuration 'testResultsElementsForTest' in project 'monitoring-server'
Applying dependency management to configuration 'testRuntimeClasspath' in project 'monitoring-server'
Applying dependency management to configuration 'testRuntimeOnly' in project 'monitoring-server'
Applying dependency management to configuration 'apiElements-published' in project 'monitoring-server'
Applying dependency management to configuration 'runtimeElements-published' in project 'monitoring-server'

> Configure project :backend:services:entries:entries-api
Evaluating project ':backend:services:entries:entries-api' using build file '/home/stefan/WsMeldestelle/Meldestelle/backend/services/entries/entries-api/build.gradle.kts'.
Resolved plugin [id: 'org.jetbrains.kotlin.multiplatform', version: '2.3.0']
Resolved plugin [id: 'org.jetbrains.kotlin.plugin.serialization', version: '2.3.0']
Using Kotlin Gradle Plugin gradle813 variant
Applying KotlinAdapter to :backend:services:entries:entries-api
Configuring KotlinAdapter in Gradle Kotlin Project :backend:services:entries:entries-api
applied DokkaJavaAdapter to :backend:services:entries:entries-api
applied class org.jetbrains.dokka.gradle.adapters.AndroidAdapter_Decorated to :backend:services:entries:entries-api
kotlin scripting plugin: created the scripting discovery configuration: kotlinScriptDef
kotlin scripting plugin: created the scripting discovery configuration: testKotlinScriptDef
[:backend:services:entries:entries-api] commonizeCInterop task registration disabled. Project has no native Kotlin targets.
file or directory '/home/stefan/WsMeldestelle/Meldestelle/backend/services/entries/entries-api/src/webMain/kotlin', not found
file or directory '/home/stefan/WsMeldestelle/Meldestelle/backend/services/entries/entries-api/src/webTest/kotlin', not found

> Configure project :backend:services:entries:entries-service
Evaluating project ':backend:services:entries:entries-service' using build file '/home/stefan/WsMeldestelle/Meldestelle/backend/services/entries/entries-service/build.gradle.kts'.
Resolved plugin [id: 'org.jetbrains.kotlin.jvm', version: '2.3.0']
Resolved plugin [id: 'org.jetbrains.kotlin.plugin.spring', version: '2.3.0']
Resolved plugin [id: 'org.jetbrains.kotlin.plugin.jpa', version: '2.3.0']
Resolved plugin [id: 'org.springframework.boot', version: '4.0.0-M2']
Resolved plugin [id: 'io.spring.dependency-management', version: '1.1.7']
Using Kotlin Gradle Plugin gradle813 variant
kotlin scripting plugin: created the scripting discovery configuration: kotlinScriptDef
kotlin scripting plugin: created the scripting discovery configuration: testKotlinScriptDef
Applying KotlinAdapter to :backend:services:entries:entries-service
Configuring KotlinAdapter in Gradle Kotlin Project :backend:services:entries:entries-service
applied DokkaJavaAdapter to :backend:services:entries:entries-service
applied class org.jetbrains.dokka.gradle.adapters.AndroidAdapter_Decorated to :backend:services:entries:entries-service
Applying dependency management to configuration 'annotationProcessor' in project 'entries-service'
Applying dependency management to configuration 'api' in project 'entries-service'
Applying dependency management to configuration 'apiElements' in project 'entries-service'
Applying dependency management to configuration 'archives' in project 'entries-service'
Applying dependency management to configuration 'bootArchives' in project 'entries-service'
Applying dependency management to configuration 'compileClasspath' in project 'entries-service'
Applying dependency management to configuration 'compileOnly' in project 'entries-service'
Applying dependency management to configuration 'default' in project 'entries-service'
Applying dependency management to configuration 'developmentOnly' in project 'entries-service'
Applying dependency management to configuration 'dokka' in project 'entries-service'
Applying dependency management to configuration 'dokkaHtmlGeneratorRuntime' in project 'entries-service'
Applying dependency management to configuration 'dokkaHtmlGeneratorRuntimeResolver~internal' in project 'entries-service'
Applying dependency management to configuration 'dokkaHtmlModuleOutputDirectoriesConsumable~internal' in project 'entries-service'
Applying dependency management to configuration 'dokkaHtmlModuleOutputDirectoriesResolver~internal' in project 'entries-service'
Applying dependency management to configuration 'dokkaHtmlPlugin' in project 'entries-service'
Applying dependency management to configuration 'dokkaHtmlPluginIntransitiveResolver~internal' in project 'entries-service'
Applying dependency management to configuration 'dokkaHtmlPublicationPlugin' in project 'entries-service'
Applying dependency management to configuration 'dokkaHtmlPublicationPluginApiOnlyConsumable~internal' in project 'entries-service'
Applying dependency management to configuration 'dokkaHtmlPublicationPluginApiOnly~internal' in project 'entries-service'
Applying dependency management to configuration 'dokkaHtmlPublicationPluginResolver~internal' in project 'entries-service'
Applying dependency management to configuration 'dokkaPlugin' in project 'entries-service'
Applying dependency management to configuration 'implementation' in project 'entries-service'
Applying dependency management to configuration 'implementationDependenciesMetadata' in project 'entries-service'
Applying dependency management to configuration 'kotlinBuildToolsApiClasspath' in project 'entries-service'
Applying dependency management to configuration 'kotlinCompilerClasspath' in project 'entries-service'
Applying dependency management to configuration 'kotlinCompilerPluginClasspath' in project 'entries-service'
Applying dependency management to configuration 'kotlinCompilerPluginClasspathMain' in project 'entries-service'
Applying dependency management to configuration 'kotlinCompilerPluginClasspathTest' in project 'entries-service'
Applying dependency management to configuration 'kotlinInternalAbiValidation' in project 'entries-service'
Applying dependency management to configuration 'kotlinKlibCommonizerClasspath' in project 'entries-service'
Applying dependency management to configuration 'kotlinNativeCompilerPluginClasspath' in project 'entries-service'
Applying dependency management to configuration 'kotlinScriptDef' in project 'entries-service'
Applying dependency management to configuration 'kotlinScriptDefExtensions' in project 'entries-service'
Applying dependency management to configuration 'mainSourceElements' in project 'entries-service'
Applying dependency management to configuration 'productionRuntimeClasspath' in project 'entries-service'
Applying dependency management to configuration 'runtimeClasspath' in project 'entries-service'
Applying dependency management to configuration 'runtimeElements' in project 'entries-service'
Applying dependency management to configuration 'runtimeOnly' in project 'entries-service'
Applying dependency management to configuration 'testAndDevelopmentOnly' in project 'entries-service'
Applying dependency management to configuration 'testAnnotationProcessor' in project 'entries-service'
Applying dependency management to configuration 'testApi' in project 'entries-service'
Applying dependency management to configuration 'testCompileClasspath' in project 'entries-service'
Applying dependency management to configuration 'testCompileOnly' in project 'entries-service'
Applying dependency management to configuration 'testImplementation' in project 'entries-service'
Applying dependency management to configuration 'testImplementationDependenciesMetadata' in project 'entries-service'
Applying dependency management to configuration 'testKotlinScriptDef' in project 'entries-service'
Applying dependency management to configuration 'testKotlinScriptDefExtensions' in project 'entries-service'
Applying dependency management to configuration 'testResultsElementsForTest' in project 'entries-service'
Applying dependency management to configuration 'testRuntimeClasspath' in project 'entries-service'
Applying dependency management to configuration 'testRuntimeOnly' in project 'entries-service'
Applying dependency management to configuration 'apiElements-published' in project 'entries-service'
Applying dependency management to configuration 'runtimeElements-published' in project 'entries-service'

> Configure project :backend:services:ping:ping-api
Evaluating project ':backend:services:ping:ping-api' using build file '/home/stefan/WsMeldestelle/Meldestelle/backend/services/ping/ping-api/build.gradle.kts'.
Resolved plugin [id: 'org.jetbrains.kotlin.multiplatform', version: '2.3.0']
Resolved plugin [id: 'org.jetbrains.kotlin.plugin.serialization', version: '2.3.0']
Using Kotlin Gradle Plugin gradle813 variant
Applying KotlinAdapter to :backend:services:ping:ping-api
Configuring KotlinAdapter in Gradle Kotlin Project :backend:services:ping:ping-api
applied DokkaJavaAdapter to :backend:services:ping:ping-api
applied class org.jetbrains.dokka.gradle.adapters.AndroidAdapter_Decorated to :backend:services:ping:ping-api
kotlin scripting plugin: created the scripting discovery configuration: kotlinScriptDef
kotlin scripting plugin: created the scripting discovery configuration: testKotlinScriptDef
[:backend:services:ping:ping-api] commonizeCInterop task registration disabled. Project has no native Kotlin targets.
file or directory '/home/stefan/WsMeldestelle/Meldestelle/backend/services/ping/ping-api/src/webMain/kotlin', not found
file or directory '/home/stefan/WsMeldestelle/Meldestelle/backend/services/ping/ping-api/src/webTest/kotlin', not found

> Configure project :backend:services:ping:ping-service
Evaluating project ':backend:services:ping:ping-service' using build file '/home/stefan/WsMeldestelle/Meldestelle/backend/services/ping/ping-service/build.gradle.kts'.
Resolved plugin [id: 'org.jetbrains.kotlin.jvm', version: '2.3.0']
Resolved plugin [id: 'org.jetbrains.kotlin.plugin.spring', version: '2.3.0']
Resolved plugin [id: 'org.jetbrains.kotlin.plugin.jpa', version: '2.3.0']
Resolved plugin [id: 'org.springframework.boot', version: '4.0.0-M2']
Resolved plugin [id: 'io.spring.dependency-management', version: '1.1.7']
Using Kotlin Gradle Plugin gradle813 variant
kotlin scripting plugin: created the scripting discovery configuration: kotlinScriptDef
kotlin scripting plugin: created the scripting discovery configuration: testKotlinScriptDef
Applying KotlinAdapter to :backend:services:ping:ping-service
Configuring KotlinAdapter in Gradle Kotlin Project :backend:services:ping:ping-service
applied DokkaJavaAdapter to :backend:services:ping:ping-service
applied class org.jetbrains.dokka.gradle.adapters.AndroidAdapter_Decorated to :backend:services:ping:ping-service
Applying dependency management to configuration 'annotationProcessor' in project 'ping-service'
Applying dependency management to configuration 'api' in project 'ping-service'
Applying dependency management to configuration 'apiElements' in project 'ping-service'
Applying dependency management to configuration 'archives' in project 'ping-service'
Applying dependency management to configuration 'bootArchives' in project 'ping-service'
Applying dependency management to configuration 'compileClasspath' in project 'ping-service'
Applying dependency management to configuration 'compileOnly' in project 'ping-service'
Applying dependency management to configuration 'default' in project 'ping-service'
Applying dependency management to configuration 'developmentOnly' in project 'ping-service'
Applying dependency management to configuration 'dokka' in project 'ping-service'
Applying dependency management to configuration 'dokkaHtmlGeneratorRuntime' in project 'ping-service'
Applying dependency management to configuration 'dokkaHtmlGeneratorRuntimeResolver~internal' in project 'ping-service'
Applying dependency management to configuration 'dokkaHtmlModuleOutputDirectoriesConsumable~internal' in project 'ping-service'
Applying dependency management to configuration 'dokkaHtmlModuleOutputDirectoriesResolver~internal' in project 'ping-service'
Applying dependency management to configuration 'dokkaHtmlPlugin' in project 'ping-service'
Applying dependency management to configuration 'dokkaHtmlPluginIntransitiveResolver~internal' in project 'ping-service'
Applying dependency management to configuration 'dokkaHtmlPublicationPlugin' in project 'ping-service'
Applying dependency management to configuration 'dokkaHtmlPublicationPluginApiOnlyConsumable~internal' in project 'ping-service'
Applying dependency management to configuration 'dokkaHtmlPublicationPluginApiOnly~internal' in project 'ping-service'
Applying dependency management to configuration 'dokkaHtmlPublicationPluginResolver~internal' in project 'ping-service'
Applying dependency management to configuration 'dokkaPlugin' in project 'ping-service'
Applying dependency management to configuration 'implementation' in project 'ping-service'
Applying dependency management to configuration 'implementationDependenciesMetadata' in project 'ping-service'
Applying dependency management to configuration 'kotlinBuildToolsApiClasspath' in project 'ping-service'
Applying dependency management to configuration 'kotlinCompilerClasspath' in project 'ping-service'
Applying dependency management to configuration 'kotlinCompilerPluginClasspath' in project 'ping-service'
Applying dependency management to configuration 'kotlinCompilerPluginClasspathMain' in project 'ping-service'
Applying dependency management to configuration 'kotlinCompilerPluginClasspathTest' in project 'ping-service'
Applying dependency management to configuration 'kotlinInternalAbiValidation' in project 'ping-service'
Applying dependency management to configuration 'kotlinKlibCommonizerClasspath' in project 'ping-service'
Applying dependency management to configuration 'kotlinNativeCompilerPluginClasspath' in project 'ping-service'
Applying dependency management to configuration 'kotlinScriptDef' in project 'ping-service'
Applying dependency management to configuration 'kotlinScriptDefExtensions' in project 'ping-service'
Applying dependency management to configuration 'mainSourceElements' in project 'ping-service'
Applying dependency management to configuration 'productionRuntimeClasspath' in project 'ping-service'
Applying dependency management to configuration 'runtimeClasspath' in project 'ping-service'
Applying dependency management to configuration 'runtimeElements' in project 'ping-service'
Applying dependency management to configuration 'runtimeOnly' in project 'ping-service'
Applying dependency management to configuration 'testAndDevelopmentOnly' in project 'ping-service'
Applying dependency management to configuration 'testAnnotationProcessor' in project 'ping-service'
Applying dependency management to configuration 'testApi' in project 'ping-service'
Applying dependency management to configuration 'testCompileClasspath' in project 'ping-service'
Applying dependency management to configuration 'testCompileOnly' in project 'ping-service'
Applying dependency management to configuration 'testImplementation' in project 'ping-service'
Applying dependency management to configuration 'testImplementationDependenciesMetadata' in project 'ping-service'
Applying dependency management to configuration 'testKotlinScriptDef' in project 'ping-service'
Applying dependency management to configuration 'testKotlinScriptDefExtensions' in project 'ping-service'
Applying dependency management to configuration 'testResultsElementsForTest' in project 'ping-service'
Applying dependency management to configuration 'testRuntimeClasspath' in project 'ping-service'
Applying dependency management to configuration 'testRuntimeOnly' in project 'ping-service'
Applying dependency management to configuration 'apiElements-published' in project 'ping-service'
Applying dependency management to configuration 'runtimeElements-published' in project 'ping-service'

> Configure project :backend:services:registry:oeps-importer
Evaluating project ':backend:services:registry:oeps-importer' using build file '/home/stefan/WsMeldestelle/Meldestelle/backend/services/registry/oeps-importer/build.gradle.kts'.
Resolved plugin [id: 'java']

> Configure project :backend:services:registry:registry-api
Evaluating project ':backend:services:registry:registry-api' using build file '/home/stefan/WsMeldestelle/Meldestelle/backend/services/registry/registry-api/build.gradle.kts'.
Resolved plugin [id: 'java']

> Configure project :backend:services:registry:registry-domain
Evaluating project ':backend:services:registry:registry-domain' using build file '/home/stefan/WsMeldestelle/Meldestelle/backend/services/registry/registry-domain/build.gradle.kts'.
Resolved plugin [id: 'java']

> Configure project :backend:services:registry:registry-service
Evaluating project ':backend:services:registry:registry-service' using build file '/home/stefan/WsMeldestelle/Meldestelle/backend/services/registry/registry-service/build.gradle.kts'.
Resolved plugin [id: 'java']

> Configure project :backend:services:results:results-service
Evaluating project ':backend:services:results:results-service' using build file '/home/stefan/WsMeldestelle/Meldestelle/backend/services/results/results-service/build.gradle.kts'.
Resolved plugin [id: 'org.jetbrains.kotlin.jvm', version: '2.3.0']
Resolved plugin [id: 'org.jetbrains.kotlin.plugin.spring', version: '2.3.0']
Resolved plugin [id: 'org.jetbrains.kotlin.plugin.jpa', version: '2.3.0']
Resolved plugin [id: 'org.springframework.boot', version: '4.0.0-M2']
Resolved plugin [id: 'io.spring.dependency-management', version: '1.1.7']
Using Kotlin Gradle Plugin gradle813 variant
kotlin scripting plugin: created the scripting discovery configuration: kotlinScriptDef
kotlin scripting plugin: created the scripting discovery configuration: testKotlinScriptDef
Applying KotlinAdapter to :backend:services:results:results-service
Configuring KotlinAdapter in Gradle Kotlin Project :backend:services:results:results-service
applied DokkaJavaAdapter to :backend:services:results:results-service
applied class org.jetbrains.dokka.gradle.adapters.AndroidAdapter_Decorated to :backend:services:results:results-service
Applying dependency management to configuration 'annotationProcessor' in project 'results-service'
Applying dependency management to configuration 'api' in project 'results-service'
Applying dependency management to configuration 'apiElements' in project 'results-service'
Applying dependency management to configuration 'archives' in project 'results-service'
Applying dependency management to configuration 'bootArchives' in project 'results-service'
Applying dependency management to configuration 'compileClasspath' in project 'results-service'
Applying dependency management to configuration 'compileOnly' in project 'results-service'
Applying dependency management to configuration 'default' in project 'results-service'
Applying dependency management to configuration 'developmentOnly' in project 'results-service'
Applying dependency management to configuration 'dokka' in project 'results-service'
Applying dependency management to configuration 'dokkaHtmlGeneratorRuntime' in project 'results-service'
Applying dependency management to configuration 'dokkaHtmlGeneratorRuntimeResolver~internal' in project 'results-service'
Applying dependency management to configuration 'dokkaHtmlModuleOutputDirectoriesConsumable~internal' in project 'results-service'
Applying dependency management to configuration 'dokkaHtmlModuleOutputDirectoriesResolver~internal' in project 'results-service'
Applying dependency management to configuration 'dokkaHtmlPlugin' in project 'results-service'
Applying dependency management to configuration 'dokkaHtmlPluginIntransitiveResolver~internal' in project 'results-service'
Applying dependency management to configuration 'dokkaHtmlPublicationPlugin' in project 'results-service'
Applying dependency management to configuration 'dokkaHtmlPublicationPluginApiOnlyConsumable~internal' in project 'results-service'
Applying dependency management to configuration 'dokkaHtmlPublicationPluginApiOnly~internal' in project 'results-service'
Applying dependency management to configuration 'dokkaHtmlPublicationPluginResolver~internal' in project 'results-service'
Applying dependency management to configuration 'dokkaPlugin' in project 'results-service'
Applying dependency management to configuration 'implementation' in project 'results-service'
Applying dependency management to configuration 'implementationDependenciesMetadata' in project 'results-service'
Applying dependency management to configuration 'kotlinBuildToolsApiClasspath' in project 'results-service'
Applying dependency management to configuration 'kotlinCompilerClasspath' in project 'results-service'
Applying dependency management to configuration 'kotlinCompilerPluginClasspath' in project 'results-service'
Applying dependency management to configuration 'kotlinCompilerPluginClasspathMain' in project 'results-service'
Applying dependency management to configuration 'kotlinCompilerPluginClasspathTest' in project 'results-service'
Applying dependency management to configuration 'kotlinInternalAbiValidation' in project 'results-service'
Applying dependency management to configuration 'kotlinKlibCommonizerClasspath' in project 'results-service'
Applying dependency management to configuration 'kotlinNativeCompilerPluginClasspath' in project 'results-service'
Applying dependency management to configuration 'kotlinScriptDef' in project 'results-service'
Applying dependency management to configuration 'kotlinScriptDefExtensions' in project 'results-service'
Applying dependency management to configuration 'mainSourceElements' in project 'results-service'
Applying dependency management to configuration 'productionRuntimeClasspath' in project 'results-service'
Applying dependency management to configuration 'runtimeClasspath' in project 'results-service'
Applying dependency management to configuration 'runtimeElements' in project 'results-service'
Applying dependency management to configuration 'runtimeOnly' in project 'results-service'
Applying dependency management to configuration 'testAndDevelopmentOnly' in project 'results-service'
Applying dependency management to configuration 'testAnnotationProcessor' in project 'results-service'
Applying dependency management to configuration 'testApi' in project 'results-service'
Applying dependency management to configuration 'testCompileClasspath' in project 'results-service'
Applying dependency management to configuration 'testCompileOnly' in project 'results-service'
Applying dependency management to configuration 'testImplementation' in project 'results-service'
Applying dependency management to configuration 'testImplementationDependenciesMetadata' in project 'results-service'
Applying dependency management to configuration 'testKotlinScriptDef' in project 'results-service'
Applying dependency management to configuration 'testKotlinScriptDefExtensions' in project 'results-service'
Applying dependency management to configuration 'testResultsElementsForTest' in project 'results-service'
Applying dependency management to configuration 'testRuntimeClasspath' in project 'results-service'
Applying dependency management to configuration 'testRuntimeOnly' in project 'results-service'
Applying dependency management to configuration 'apiElements-published' in project 'results-service'
Applying dependency management to configuration 'runtimeElements-published' in project 'results-service'

> Configure project :backend:services:scheduling:scheduling-service
Evaluating project ':backend:services:scheduling:scheduling-service' using build file '/home/stefan/WsMeldestelle/Meldestelle/backend/services/scheduling/scheduling-service/build.gradle.kts'.
Resolved plugin [id: 'org.jetbrains.kotlin.jvm', version: '2.3.0']
Resolved plugin [id: 'org.jetbrains.kotlin.plugin.spring', version: '2.3.0']
Resolved plugin [id: 'org.jetbrains.kotlin.plugin.jpa', version: '2.3.0']
Resolved plugin [id: 'org.springframework.boot', version: '4.0.0-M2']
Resolved plugin [id: 'io.spring.dependency-management', version: '1.1.7']
Using Kotlin Gradle Plugin gradle813 variant
kotlin scripting plugin: created the scripting discovery configuration: kotlinScriptDef
kotlin scripting plugin: created the scripting discovery configuration: testKotlinScriptDef
Applying KotlinAdapter to :backend:services:scheduling:scheduling-service
Configuring KotlinAdapter in Gradle Kotlin Project :backend:services:scheduling:scheduling-service
applied DokkaJavaAdapter to :backend:services:scheduling:scheduling-service
applied class org.jetbrains.dokka.gradle.adapters.AndroidAdapter_Decorated to :backend:services:scheduling:scheduling-service
Applying dependency management to configuration 'annotationProcessor' in project 'scheduling-service'
Applying dependency management to configuration 'api' in project 'scheduling-service'
Applying dependency management to configuration 'apiElements' in project 'scheduling-service'
Applying dependency management to configuration 'archives' in project 'scheduling-service'
Applying dependency management to configuration 'bootArchives' in project 'scheduling-service'
Applying dependency management to configuration 'compileClasspath' in project 'scheduling-service'
Applying dependency management to configuration 'compileOnly' in project 'scheduling-service'
Applying dependency management to configuration 'default' in project 'scheduling-service'
Applying dependency management to configuration 'developmentOnly' in project 'scheduling-service'
Applying dependency management to configuration 'dokka' in project 'scheduling-service'
Applying dependency management to configuration 'dokkaHtmlGeneratorRuntime' in project 'scheduling-service'
Applying dependency management to configuration 'dokkaHtmlGeneratorRuntimeResolver~internal' in project 'scheduling-service'
Applying dependency management to configuration 'dokkaHtmlModuleOutputDirectoriesConsumable~internal' in project 'scheduling-service'
Applying dependency management to configuration 'dokkaHtmlModuleOutputDirectoriesResolver~internal' in project 'scheduling-service'
Applying dependency management to configuration 'dokkaHtmlPlugin' in project 'scheduling-service'
Applying dependency management to configuration 'dokkaHtmlPluginIntransitiveResolver~internal' in project 'scheduling-service'
Applying dependency management to configuration 'dokkaHtmlPublicationPlugin' in project 'scheduling-service'
Applying dependency management to configuration 'dokkaHtmlPublicationPluginApiOnlyConsumable~internal' in project 'scheduling-service'
Applying dependency management to configuration 'dokkaHtmlPublicationPluginApiOnly~internal' in project 'scheduling-service'
Applying dependency management to configuration 'dokkaHtmlPublicationPluginResolver~internal' in project 'scheduling-service'
Applying dependency management to configuration 'dokkaPlugin' in project 'scheduling-service'
Applying dependency management to configuration 'implementation' in project 'scheduling-service'
Applying dependency management to configuration 'implementationDependenciesMetadata' in project 'scheduling-service'
Applying dependency management to configuration 'kotlinBuildToolsApiClasspath' in project 'scheduling-service'
Applying dependency management to configuration 'kotlinCompilerClasspath' in project 'scheduling-service'
Applying dependency management to configuration 'kotlinCompilerPluginClasspath' in project 'scheduling-service'
Applying dependency management to configuration 'kotlinCompilerPluginClasspathMain' in project 'scheduling-service'
Applying dependency management to configuration 'kotlinCompilerPluginClasspathTest' in project 'scheduling-service'
Applying dependency management to configuration 'kotlinInternalAbiValidation' in project 'scheduling-service'
Applying dependency management to configuration 'kotlinKlibCommonizerClasspath' in project 'scheduling-service'
Applying dependency management to configuration 'kotlinNativeCompilerPluginClasspath' in project 'scheduling-service'
Applying dependency management to configuration 'kotlinScriptDef' in project 'scheduling-service'
Applying dependency management to configuration 'kotlinScriptDefExtensions' in project 'scheduling-service'
Applying dependency management to configuration 'mainSourceElements' in project 'scheduling-service'
Applying dependency management to configuration 'productionRuntimeClasspath' in project 'scheduling-service'
Applying dependency management to configuration 'runtimeClasspath' in project 'scheduling-service'
Applying dependency management to configuration 'runtimeElements' in project 'scheduling-service'
Applying dependency management to configuration 'runtimeOnly' in project 'scheduling-service'
Applying dependency management to configuration 'testAndDevelopmentOnly' in project 'scheduling-service'
Applying dependency management to configuration 'testAnnotationProcessor' in project 'scheduling-service'
Applying dependency management to configuration 'testApi' in project 'scheduling-service'
Applying dependency management to configuration 'testCompileClasspath' in project 'scheduling-service'
Applying dependency management to configuration 'testCompileOnly' in project 'scheduling-service'
Applying dependency management to configuration 'testImplementation' in project 'scheduling-service'
Applying dependency management to configuration 'testImplementationDependenciesMetadata' in project 'scheduling-service'
Applying dependency management to configuration 'testKotlinScriptDef' in project 'scheduling-service'
Applying dependency management to configuration 'testKotlinScriptDefExtensions' in project 'scheduling-service'
Applying dependency management to configuration 'testResultsElementsForTest' in project 'scheduling-service'
Applying dependency management to configuration 'testRuntimeClasspath' in project 'scheduling-service'
Applying dependency management to configuration 'testRuntimeOnly' in project 'scheduling-service'
Applying dependency management to configuration 'apiElements-published' in project 'scheduling-service'
Applying dependency management to configuration 'runtimeElements-published' in project 'scheduling-service'
All projects evaluated.
Task path ':backend:infrastructure:gateway:test' matched project ':backend:infrastructure:gateway'
Task name matched 'test'
Selected primary task 'test' from project :backend:infrastructure:gateway
Resolving global dependency management for project 'gateway'
Excluding [com.github.java-json-tools:msg-simple, com.github.java-json-tools:jackson-coreutils, com.github.java-json-tools:btf]
Excluding []
Excluding []
Excluding []
Excluding []
Excluding []
Excluding []
Excluding []
Excluding []
Excluding []
Excluding []
Excluding []
Excluding []
Excluding [com.github.java-json-tools:msg-simple, com.github.java-json-tools:jackson-coreutils, com.github.java-json-tools:btf]
Excluding []
Tasks to be executed: [task ':core:core-domain:kmpPartiallyResolvedDependenciesChecker', task ':core:core-domain:checkKotlinGradlePluginConfigurationErrors', task ':core:core-domain:compileKotlinJvm', task ':core:core-domain:compileJvmMainJava', task ':core:core-domain:jvmProcessResources', task ':core:core-domain:processJvmMainResources', task ':core:core-domain:jvmMainClasses', task ':core:core-domain:jvmJar', task ':core:core-utils:kmpPartiallyResolvedDependenciesChecker', task ':core:core-utils:checkKotlinGradlePluginConfigurationErrors', task ':platform:platform-dependencies:checkKotlinGradlePluginConfigurationErrors', task ':platform:platform-dependencies:compileKotlin', task ':platform:platform-dependencies:compileJava', task ':platform:platform-dependencies:processResources', task ':platform:platform-dependencies:classes', task ':platform:platform-dependencies:jar', task ':core:core-utils:compileKotlinJvm', task ':core:core-utils:compileJvmMainJava', task ':core:core-utils:jvmProcessResources', task ':core:core-utils:processJvmMainResources', task ':core:core-utils:jvmMainClasses', task ':core:core-utils:jvmJar', task ':backend:infrastructure:gateway:checkKotlinGradlePluginConfigurationErrors', task ':backend:infrastructure:monitoring:monitoring-client:checkKotlinGradlePluginConfigurationErrors', task ':backend:infrastructure:monitoring:monitoring-client:compileKotlin', task ':backend:infrastructure:monitoring:monitoring-client:compileJava', task ':backend:infrastructure:gateway:compileKotlin', task ':backend:infrastructure:gateway:compileJava', task ':backend:infrastructure:gateway:processResources', task ':backend:infrastructure:gateway:classes', task ':backend:infrastructure:gateway:jar', task ':platform:platform-testing:checkKotlinGradlePluginConfigurationErrors', task ':platform:platform-testing:compileKotlin', task ':platform:platform-testing:compileJava', task ':platform:platform-testing:processResources', task ':platform:platform-testing:classes', task ':platform:platform-testing:jar', task ':backend:infrastructure:gateway:compileTestKotlin', task ':backend:infrastructure:gateway:compileTestJava', task ':backend:infrastructure:gateway:processTestResources', task ':backend:infrastructure:gateway:testClasses', task ':backend:infrastructure:monitoring:monitoring-client:processResources', task ':backend:infrastructure:monitoring:monitoring-client:classes', task ':backend:infrastructure:monitoring:monitoring-client:jar', task ':backend:infrastructure:gateway:test']
Tasks that were excluded: []
Resolve mutations for :core:core-domain:kmpPartiallyResolvedDependenciesChecker (Thread[#322,Execution worker,5,main]) started.
Resolve mutations for :platform:platform-dependencies:checkKotlinGradlePluginConfigurationErrors (Thread[#324,Execution worker Thread 3,5,main]) started.
Resolve mutations for :core:core-utils:kmpPartiallyResolvedDependenciesChecker (Thread[#323,Execution worker Thread 2,5,main]) started.
Resolve mutations for :backend:infrastructure:gateway:checkKotlinGradlePluginConfigurationErrors (Thread[#325,Execution worker Thread 4,5,main]) started.
Resolve mutations for :backend:infrastructure:monitoring:monitoring-client:checkKotlinGradlePluginConfigurationErrors (Thread[#326,Execution worker Thread 5,5,main]) started.
Resolve mutations for :platform:platform-testing:checkKotlinGradlePluginConfigurationErrors (Thread[#327,Execution worker Thread 6,5,main]) started.
:core:core-domain:kmpPartiallyResolvedDependenciesChecker (Thread[#322,Execution worker,5,main]) started.
:platform:platform-dependencies:checkKotlinGradlePluginConfigurationErrors (Thread[#324,Execution worker Thread 3,5,main]) started.
:core:core-utils:kmpPartiallyResolvedDependenciesChecker (Thread[#323,Execution worker Thread 2,5,main]) started.
:backend:infrastructure:gateway:checkKotlinGradlePluginConfigurationErrors (Thread[#325,Execution worker Thread 4,5,main]) started.
:platform:platform-testing:checkKotlinGradlePluginConfigurationErrors (Thread[#327,Execution worker Thread 6,5,main]) started.
:backend:infrastructure:monitoring:monitoring-client:checkKotlinGradlePluginConfigurationErrors (Thread[#326,Execution worker Thread 5,5,main]) started.

> Task :platform:platform-testing:checkKotlinGradlePluginConfigurationErrors SKIPPED
Skipping task ':platform:platform-testing:checkKotlinGradlePluginConfigurationErrors' as task onlyIf 'errorDiagnostics are present' is false.

> Task :platform:platform-dependencies:checkKotlinGradlePluginConfigurationErrors SKIPPED
Skipping task ':platform:platform-dependencies:checkKotlinGradlePluginConfigurationErrors' as task onlyIf 'errorDiagnostics are present' is false.

> Task :backend:infrastructure:monitoring:monitoring-client:checkKotlinGradlePluginConfigurationErrors SKIPPED
Skipping task ':backend:infrastructure:monitoring:monitoring-client:checkKotlinGradlePluginConfigurationErrors' as task onlyIf 'errorDiagnostics are present' is false.

> Task :backend:infrastructure:gateway:checkKotlinGradlePluginConfigurationErrors SKIPPED
Skipping task ':backend:infrastructure:gateway:checkKotlinGradlePluginConfigurationErrors' as task onlyIf 'errorDiagnostics are present' is false.
Resolve mutations for :platform:platform-dependencies:compileKotlin (Thread[#324,Execution worker Thread 3,5,main]) started.
Resolve mutations for :platform:platform-testing:compileKotlin (Thread[#327,Execution worker Thread 6,5,main]) started.
Resolve mutations for :backend:infrastructure:monitoring:monitoring-client:processResources (Thread[#326,Execution worker Thread 5,5,main]) started.
Resolve mutations for :backend:infrastructure:gateway:processResources (Thread[#321,included builds,5,main]) started.
:backend:infrastructure:monitoring:monitoring-client:processResources (Thread[#326,Execution worker Thread 5,5,main]) started.
:backend:infrastructure:gateway:processResources (Thread[#321,included builds,5,main]) started.

> Task :core:core-utils:kmpPartiallyResolvedDependenciesChecker
Caching disabled for task ':core:core-utils:kmpPartiallyResolvedDependenciesChecker' because:
  This task is not intended for execution
Task ':core:core-utils:kmpPartiallyResolvedDependenciesChecker' is not up-to-date because:
  Task has not declared any outputs despite executing actions.
Execution stopped by some action with message: null

> Task :core:core-domain:kmpPartiallyResolvedDependenciesChecker
Caching disabled for task ':core:core-domain:kmpPartiallyResolvedDependenciesChecker' because:
  This task is not intended for execution
Task ':core:core-domain:kmpPartiallyResolvedDependenciesChecker' is not up-to-date because:
  Task has not declared any outputs despite executing actions.
Execution stopped by some action with message: null
Resolve mutations for :core:core-domain:checkKotlinGradlePluginConfigurationErrors (Thread[#322,Execution worker,5,main]) started.
:platform:platform-dependencies:compileKotlin (Thread[#327,Execution worker Thread 6,5,main]) started.
:platform:platform-testing:compileKotlin (Thread[#325,Execution worker Thread 4,5,main]) started.
Resolve mutations for :core:core-utils:checkKotlinGradlePluginConfigurationErrors (Thread[#323,Execution worker Thread 2,5,main]) started.
:core:core-utils:checkKotlinGradlePluginConfigurationErrors (Thread[#323,Execution worker Thread 2,5,main]) started.

> Task :core:core-utils:checkKotlinGradlePluginConfigurationErrors SKIPPED
Skipping task ':core:core-utils:checkKotlinGradlePluginConfigurationErrors' as task onlyIf 'errorDiagnostics are present' is false.
Resolve mutations for :core:core-utils:jvmProcessResources (Thread[#323,Execution worker Thread 2,5,main]) started.
:core:core-utils:jvmProcessResources (Thread[#323,Execution worker Thread 2,5,main]) started.

> Task :backend:infrastructure:monitoring:monitoring-client:processResources UP-TO-DATE
Caching disabled for task ':backend:infrastructure:monitoring:monitoring-client:processResources' because:
  Not worth caching
Skipping task ':backend:infrastructure:monitoring:monitoring-client:processResources' as it is up-to-date.
:core:core-domain:checkKotlinGradlePluginConfigurationErrors (Thread[#322,Execution worker,5,main]) started.

> Task :core:core-domain:checkKotlinGradlePluginConfigurationErrors SKIPPED
Skipping task ':core:core-domain:checkKotlinGradlePluginConfigurationErrors' as task onlyIf 'errorDiagnostics are present' is false.
Resolve mutations for :core:core-domain:compileKotlinJvm (Thread[#322,Execution worker,5,main]) started.

> Task :platform:platform-dependencies:compileKotlin NO-SOURCE
Skipping task ':platform:platform-dependencies:compileKotlin' as it has no source files and no previous output files.
Resolve mutations for :platform:platform-dependencies:compileJava (Thread[#327,Execution worker Thread 6,5,main]) started.

> Task :backend:infrastructure:gateway:processResources UP-TO-DATE
Caching disabled for task ':backend:infrastructure:gateway:processResources' because:
  Not worth caching
Skipping task ':backend:infrastructure:gateway:processResources' as it is up-to-date.
Resolve mutations for :backend:infrastructure:gateway:processTestResources (Thread[#321,included builds,5,main]) started.

> Task :core:core-utils:jvmProcessResources NO-SOURCE
Skipping task ':core:core-utils:jvmProcessResources' as it has no source files and no previous output files.
:backend:infrastructure:gateway:processTestResources (Thread[#321,included builds,5,main]) started.
:core:core-domain:compileKotlinJvm (Thread[#322,Execution worker,5,main]) started.
Resolve mutations for :core:core-utils:processJvmMainResources (Thread[#323,Execution worker Thread 2,5,main]) started.
:platform:platform-dependencies:compileJava (Thread[#327,Execution worker Thread 6,5,main]) started.
:core:core-utils:processJvmMainResources (Thread[#323,Execution worker Thread 2,5,main]) started.

> Task :core:core-utils:processJvmMainResources SKIPPED
Skipping task ':core:core-utils:processJvmMainResources' as task onlyIf 'Task is enabled' is false.

> Task :platform:platform-dependencies:compileJava NO-SOURCE
Skipping task ':platform:platform-dependencies:compileJava' as it has no source files and no previous output files.
Resolve mutations for :platform:platform-dependencies:processResources (Thread[#327,Execution worker Thread 6,5,main]) started.

> Task :backend:infrastructure:gateway:processTestResources UP-TO-DATE
Caching disabled for task ':backend:infrastructure:gateway:processTestResources' because:
  Not worth caching
Skipping task ':backend:infrastructure:gateway:processTestResources' as it is up-to-date.
:platform:platform-dependencies:processResources (Thread[#327,Execution worker Thread 6,5,main]) started.

> Task :platform:platform-testing:compileKotlin NO-SOURCE
Skipping task ':platform:platform-testing:compileKotlin' as it has no source files and no previous output files.
Resolve mutations for :platform:platform-testing:compileJava (Thread[#325,Execution worker Thread 4,5,main]) started.

> Task :platform:platform-dependencies:processResources NO-SOURCE
Skipping task ':platform:platform-dependencies:processResources' as it has no source files and no previous output files.
Resolve mutations for :platform:platform-dependencies:classes (Thread[#327,Execution worker Thread 6,5,main]) started.
:platform:platform-dependencies:classes (Thread[#327,Execution worker Thread 6,5,main]) started.
:platform:platform-testing:compileJava (Thread[#326,Execution worker Thread 5,5,main]) started.

> Task :platform:platform-testing:compileJava NO-SOURCE
Skipping task ':platform:platform-testing:compileJava' as it has no source files and no previous output files.

> Task :platform:platform-dependencies:classes UP-TO-DATE
Skipping task ':platform:platform-dependencies:classes' as it has no actions.
Resolve mutations for :platform:platform-dependencies:jar (Thread[#327,Execution worker Thread 6,5,main]) started.
Resolve mutations for :platform:platform-testing:processResources (Thread[#326,Execution worker Thread 5,5,main]) started.
:platform:platform-dependencies:jar (Thread[#327,Execution worker Thread 6,5,main]) started.
:platform:platform-testing:processResources (Thread[#326,Execution worker Thread 5,5,main]) started.

> Task :platform:platform-testing:processResources NO-SOURCE
Skipping task ':platform:platform-testing:processResources' as it has no source files and no previous output files.
Resolve mutations for :platform:platform-testing:classes (Thread[#326,Execution worker Thread 5,5,main]) started.
:platform:platform-testing:classes (Thread[#326,Execution worker Thread 5,5,main]) started.

> Task :platform:platform-testing:classes UP-TO-DATE
Skipping task ':platform:platform-testing:classes' as it has no actions.
Resolve mutations for :platform:platform-testing:jar (Thread[#326,Execution worker Thread 5,5,main]) started.

> Task :platform:platform-dependencies:jar UP-TO-DATE
Caching disabled for task ':platform:platform-dependencies:jar' because:
  Not worth caching
Skipping task ':platform:platform-dependencies:jar' as it is up-to-date.
work action resolve platform-dependencies-1.0.0-SNAPSHOT.jar (project :platform:platform-dependencies) (Thread[#327,Execution worker Thread 6,5,main]) started.
Resolve mutations for :backend:infrastructure:monitoring:monitoring-client:compileKotlin (Thread[#327,Execution worker Thread 6,5,main]) started.
:platform:platform-testing:jar (Thread[#321,included builds,5,main]) started.
:backend:infrastructure:monitoring:monitoring-client:compileKotlin (Thread[#327,Execution worker Thread 6,5,main]) started.

> Task :platform:platform-testing:jar UP-TO-DATE
Caching disabled for task ':platform:platform-testing:jar' because:
  Not worth caching
Skipping task ':platform:platform-testing:jar' as it is up-to-date.
work action resolve platform-testing-1.0.0-SNAPSHOT.jar (project :platform:platform-testing) (Thread[#321,included builds,5,main]) started.

> Task :core:core-domain:compileKotlinJvm UP-TO-DATE
Build cache key for task ':core:core-domain:compileKotlinJvm' is a5d98e0b7b505117e78b61134d2b11ed
Skipping task ':core:core-domain:compileKotlinJvm' as it is up-to-date.
Resolve mutations for :core:core-domain:compileJvmMainJava (Thread[#322,Execution worker,5,main]) started.
:core:core-domain:compileJvmMainJava (Thread[#322,Execution worker,5,main]) started.

> Task :core:core-domain:compileJvmMainJava NO-SOURCE
Skipping task ':core:core-domain:compileJvmMainJava' as it has no source files and no previous output files.
Resolve mutations for :core:core-domain:jvmProcessResources (Thread[#322,Execution worker,5,main]) started.
:core:core-domain:jvmProcessResources (Thread[#322,Execution worker,5,main]) started.

> Task :core:core-domain:jvmProcessResources NO-SOURCE
Skipping task ':core:core-domain:jvmProcessResources' as it has no source files and no previous output files.
Resolve mutations for :core:core-domain:processJvmMainResources (Thread[#322,Execution worker,5,main]) started.
:core:core-domain:processJvmMainResources (Thread[#321,included builds,5,main]) started.

> Task :core:core-domain:processJvmMainResources SKIPPED
Skipping task ':core:core-domain:processJvmMainResources' as task onlyIf 'Task is enabled' is false.
Resolve mutations for :core:core-domain:jvmMainClasses (Thread[#321,included builds,5,main]) started.
:core:core-domain:jvmMainClasses (Thread[#321,included builds,5,main]) started.

> Task :core:core-domain:jvmMainClasses UP-TO-DATE
Skipping task ':core:core-domain:jvmMainClasses' as it has no actions.
Resolve mutations for :core:core-domain:jvmJar (Thread[#321,included builds,5,main]) started.
:core:core-domain:jvmJar (Thread[#321,included builds,5,main]) started.

> Task :core:core-domain:jvmJar UP-TO-DATE
Caching disabled for task ':core:core-domain:jvmJar' because:
  Not worth caching
Skipping task ':core:core-domain:jvmJar' as it is up-to-date.
work action resolve core-domain-jvm-1.0.0-SNAPSHOT.jar (project :core:core-domain) (Thread[#321,included builds,5,main]) started.
Resolve mutations for :core:core-utils:compileKotlinJvm (Thread[#321,included builds,5,main]) started.
:core:core-utils:compileKotlinJvm (Thread[#324,Execution worker Thread 3,5,main]) started.

> Task :backend:infrastructure:monitoring:monitoring-client:compileKotlin UP-TO-DATE
Excluding []
Excluding []
Build cache key for task ':backend:infrastructure:monitoring:monitoring-client:compileKotlin' is 78050f8dc8352bf837ea2abb0454e6b8
Skipping task ':backend:infrastructure:monitoring:monitoring-client:compileKotlin' as it is up-to-date.

> Task :core:core-utils:compileKotlinJvm UP-TO-DATE
Build cache key for task ':core:core-utils:compileKotlinJvm' is c990f4f49211aa92d723cddeab53fb2a
Skipping task ':core:core-utils:compileKotlinJvm' as it is up-to-date.
Resolve mutations for :backend:infrastructure:monitoring:monitoring-client:compileJava (Thread[#327,Execution worker Thread 6,5,main]) started.
Resolve mutations for :core:core-utils:compileJvmMainJava (Thread[#324,Execution worker Thread 3,5,main]) started.
:core:core-utils:compileJvmMainJava (Thread[#324,Execution worker Thread 3,5,main]) started.
:backend:infrastructure:monitoring:monitoring-client:compileJava (Thread[#327,Execution worker Thread 6,5,main]) started.

> Task :backend:infrastructure:monitoring:monitoring-client:compileJava NO-SOURCE
Skipping task ':backend:infrastructure:monitoring:monitoring-client:compileJava' as it has no source files and no previous output files.

> Task :core:core-utils:compileJvmMainJava NO-SOURCE
Skipping task ':core:core-utils:compileJvmMainJava' as it has no source files and no previous output files.
Resolve mutations for :core:core-utils:jvmMainClasses (Thread[#324,Execution worker Thread 3,5,main]) started.
work action resolve main (project :backend:infrastructure:monitoring:monitoring-client) (Thread[#327,Execution worker Thread 6,5,main]) started.
work action resolve main (project :backend:infrastructure:monitoring:monitoring-client) (Thread[#327,Execution worker Thread 6,5,main]) started.
Resolve mutations for :backend:infrastructure:monitoring:monitoring-client:classes (Thread[#327,Execution worker Thread 6,5,main]) started.
:core:core-utils:jvmMainClasses (Thread[#324,Execution worker Thread 3,5,main]) started.
:backend:infrastructure:monitoring:monitoring-client:classes (Thread[#327,Execution worker Thread 6,5,main]) started.

> Task :core:core-utils:jvmMainClasses UP-TO-DATE
Skipping task ':core:core-utils:jvmMainClasses' as it has no actions.

> Task :backend:infrastructure:monitoring:monitoring-client:classes UP-TO-DATE
Skipping task ':backend:infrastructure:monitoring:monitoring-client:classes' as it has no actions.
Resolve mutations for :core:core-utils:jvmJar (Thread[#324,Execution worker Thread 3,5,main]) started.
Resolve mutations for :backend:infrastructure:monitoring:monitoring-client:jar (Thread[#327,Execution worker Thread 6,5,main]) started.
:backend:infrastructure:monitoring:monitoring-client:jar (Thread[#327,Execution worker Thread 6,5,main]) started.
:core:core-utils:jvmJar (Thread[#324,Execution worker Thread 3,5,main]) started.

> Task :core:core-utils:jvmJar UP-TO-DATE
Caching disabled for task ':core:core-utils:jvmJar' because:
  Not worth caching
Skipping task ':core:core-utils:jvmJar' as it is up-to-date.

> Task :backend:infrastructure:monitoring:monitoring-client:jar UP-TO-DATE
Caching disabled for task ':backend:infrastructure:monitoring:monitoring-client:jar' because:
  Not worth caching
Skipping task ':backend:infrastructure:monitoring:monitoring-client:jar' as it is up-to-date.
work action resolve core-utils-jvm-1.0.0-SNAPSHOT.jar (project :core:core-utils) (Thread[#327,Execution worker Thread 6,5,main]) started.
work action resolve monitoring-client-1.0.0-SNAPSHOT.jar (project :backend:infrastructure:monitoring:monitoring-client) (Thread[#326,Execution worker Thread 5,5,main]) started.
Resolve mutations for :backend:infrastructure:gateway:compileKotlin (Thread[#327,Execution worker Thread 6,5,main]) started.
:backend:infrastructure:gateway:compileKotlin (Thread[#327,Execution worker Thread 6,5,main]) started.

> Task :backend:infrastructure:gateway:compileKotlin UP-TO-DATE
Excluding []
Excluding []
Build cache key for task ':backend:infrastructure:gateway:compileKotlin' is 70f3e68751f5f04f8b27368ddff60662
Skipping task ':backend:infrastructure:gateway:compileKotlin' as it is up-to-date.
Resolve mutations for :backend:infrastructure:gateway:compileJava (Thread[#327,Execution worker Thread 6,5,main]) started.
:backend:infrastructure:gateway:compileJava (Thread[#327,Execution worker Thread 6,5,main]) started.

> Task :backend:infrastructure:gateway:compileJava NO-SOURCE
Skipping task ':backend:infrastructure:gateway:compileJava' as it has no source files and no previous output files.
Resolve mutations for :backend:infrastructure:gateway:classes (Thread[#327,Execution worker Thread 6,5,main]) started.
:backend:infrastructure:gateway:classes (Thread[#327,Execution worker Thread 6,5,main]) started.

> Task :backend:infrastructure:gateway:classes UP-TO-DATE
Skipping task ':backend:infrastructure:gateway:classes' as it has no actions.
Resolve mutations for :backend:infrastructure:gateway:jar (Thread[#327,Execution worker Thread 6,5,main]) started.
:backend:infrastructure:gateway:jar (Thread[#327,Execution worker Thread 6,5,main]) started.

> Task :backend:infrastructure:gateway:jar UP-TO-DATE
Caching disabled for task ':backend:infrastructure:gateway:jar' because:
  Not worth caching
Skipping task ':backend:infrastructure:gateway:jar' as it is up-to-date.
Resolve mutations for :backend:infrastructure:gateway:compileTestKotlin (Thread[#327,Execution worker Thread 6,5,main]) started.
:backend:infrastructure:gateway:compileTestKotlin (Thread[#327,Execution worker Thread 6,5,main]) started.

> Task :backend:infrastructure:gateway:compileTestKotlin UP-TO-DATE
Excluding []
Build cache key for task ':backend:infrastructure:gateway:compileTestKotlin' is 24619b63022444413539742ddc83403b
Skipping task ':backend:infrastructure:gateway:compileTestKotlin' as it is up-to-date.
Resolve mutations for :backend:infrastructure:gateway:compileTestJava (Thread[#327,Execution worker Thread 6,5,main]) started.
:backend:infrastructure:gateway:compileTestJava (Thread[#327,Execution worker Thread 6,5,main]) started.

> Task :backend:infrastructure:gateway:compileTestJava NO-SOURCE
Skipping task ':backend:infrastructure:gateway:compileTestJava' as it has no source files and no previous output files.
Resolve mutations for :backend:infrastructure:gateway:testClasses (Thread[#327,Execution worker Thread 6,5,main]) started.
:backend:infrastructure:gateway:testClasses (Thread[#327,Execution worker Thread 6,5,main]) started.

> Task :backend:infrastructure:gateway:testClasses UP-TO-DATE
Skipping task ':backend:infrastructure:gateway:testClasses' as it has no actions.
Resolve mutations for :backend:infrastructure:gateway:test (Thread[#327,Execution worker Thread 6,5,main]) started.
:backend:infrastructure:gateway:test (Thread[#327,Execution worker Thread 6,5,main]) started.
Gradle Test Executor 3 started executing tests.

> Task :backend:infrastructure:gateway:test
Build cache key for task ':backend:infrastructure:gateway:test' is 02e276ecf8813d7e255c5afeef6380d1
Task ':backend:infrastructure:gateway:test' is not up-to-date because:
  Task has failed previously.
file or directory '/home/stefan/WsMeldestelle/Meldestelle/backend/infrastructure/gateway/build/classes/java/test', not found
Starting process 'Gradle Test Executor 3'. Working directory: /home/stefan/WsMeldestelle/Meldestelle/backend/infrastructure/gateway Command: /home/stefan/.sdkman/candidates/java/25.0.1-oracle/bin/java -Djdk.instrument.traceUsage=false -Dorg.gradle.internal.worker.tmpdir=/home/stefan/WsMeldestelle/Meldestelle/backend/infrastructure/gateway/build/tmp/test/work -Xshare:auto @/home/stefan/.gradle/.tmp/gradle-worker-classpath15914179192571540764txt -Xms512m -Xmx2g -Dfile.encoding=UTF-8 -Duser.country=AT -Duser.language=de -Duser.variant -ea worker.org.gradle.process.internal.worker.GradleWorkerMain 'Gradle Test Executor 3'
Successfully started process 'Gradle Test Executor 3'

GatewaySecurityTests STANDARD_OUT

      .   ____          _            __ _ _
     /\\ / ___'_ __ _ _(_)_ __  __ _ \ \ \ \
    ( ( )\___ | '_ | '_| | '_ \/ _` | \ \ \ \
     \\/  ___)| |_)| | | | | || (_| |  ) ) ) )
      '  |____| .__|_| |_|_| |_\__, | / / / /
     =========|_|==============|___/=/_/_/_/

     :: Spring Boot ::             (v4.0.0-M2)

    15:52:43.545 [Test worker] INFO  a.m.i.gateway.GatewaySecurityTests - Starting GatewaySecurityTests using Java 25.0.1 with PID 303868 (started by stefan in /home/stefan/WsMeldestelle/Meldestelle/backend/infrastructure/gateway)
    15:52:43.547 [Test worker] DEBUG a.m.i.gateway.GatewaySecurityTests - Running with Spring Boot v4.0.0-M2, Spring v7.0.0-M8
    15:52:43.547 [Test worker] INFO  a.m.i.gateway.GatewaySecurityTests - The following 1 profile is active: "test"
    15:52:44.328 [Test worker] WARN  o.s.b.w.s.r.c.AnnotationConfigReactiveWebServerApplicationContext - Exception encountered during context initialization - cancelling refresh attempt: java.lang.IllegalArgumentException: Could not find class [org.springframework.boot.autoconfigure.web.servlet.WebMvcAutoConfiguration]

GatewaySecurityTests STANDARD_ERROR



    ============================
    CONDITIONS EVALUATION REPORT
    ============================


    Positive matches:
    -----------------

       AbstractBulkheadConfigurationOnMissingBean#bulkheadAspect matched:
          - @ConditionalOnMissingBean (types: io.github.resilience4j.spring6.bulkhead.configure.BulkheadAspect; SearchStrategy: all) did not find any beans (OnBeanCondition)

       AbstractBulkheadConfigurationOnMissingBean#bulkheadRegistry matched:
          - @ConditionalOnMissingBean (types: io.github.resilience4j.bulkhead.BulkheadRegistry; SearchStrategy: all) did not find any beans (OnBeanCondition)

       AbstractBulkheadConfigurationOnMissingBean#compositeBulkheadCustomizer matched:
          - @ConditionalOnMissingBean (names: compositeBulkheadCustomizer; SearchStrategy: all) did not find any beans (OnBeanCondition)

       AbstractBulkheadConfigurationOnMissingBean#compositeThreadPoolBulkheadCustomizer matched:
          - @ConditionalOnMissingBean (names: compositeThreadPoolBulkheadCustomizer; SearchStrategy: all) did not find any beans (OnBeanCondition)

       AbstractBulkheadConfigurationOnMissingBean#reactorBulkHeadAspectExt matched:
          - @ConditionalOnMissingBean (types: io.github.resilience4j.spring6.bulkhead.configure.ReactorBulkheadAspectExt; SearchStrategy: all) did not find any beans (OnBeanCondition)

       AbstractBulkheadConfigurationOnMissingBean#threadPoolBulkheadRegistry matched:
          - @ConditionalOnMissingBean (types: io.github.resilience4j.bulkhead.ThreadPoolBulkheadRegistry; SearchStrategy: all) did not find any beans (OnBeanCondition)

       AbstractCircuitBreakerConfigurationOnMissingBean#circuitBreakerAspect matched:
          - @ConditionalOnMissingBean (types: io.github.resilience4j.spring6.circuitbreaker.configure.CircuitBreakerAspect; SearchStrategy: all) did not find any beans (OnBeanCondition)

       AbstractCircuitBreakerConfigurationOnMissingBean#circuitBreakerRegistry matched:
          - @ConditionalOnMissingBean (types: io.github.resilience4j.circuitbreaker.CircuitBreakerRegistry; SearchStrategy: all) did not find any beans (OnBeanCondition)

       AbstractCircuitBreakerConfigurationOnMissingBean#compositeCircuitBreakerCustomizer matched:
          - @ConditionalOnMissingBean (names: compositeCircuitBreakerCustomizer; SearchStrategy: all) did not find any beans (OnBeanCondition)

       AbstractCircuitBreakerConfigurationOnMissingBean#reactorCircuitBreakerAspect matched:
          - @ConditionalOnMissingBean (types: io.github.resilience4j.spring6.circuitbreaker.configure.ReactorCircuitBreakerAspectExt; SearchStrategy: all) did not find any beans (OnBeanCondition)

       AbstractRateLimiterConfigurationOnMissingBean#compositeRateLimiterCustomizer matched:
          - @ConditionalOnMissingBean (names: compositeRateLimiterCustomizer; SearchStrategy: all) did not find any beans (OnBeanCondition)

       AbstractRateLimiterConfigurationOnMissingBean#rateLimiterAspect matched:
          - @ConditionalOnMissingBean (types: io.github.resilience4j.spring6.ratelimiter.configure.RateLimiterAspect; SearchStrategy: all) did not find any beans (OnBeanCondition)

       AbstractRateLimiterConfigurationOnMissingBean#rateLimiterRegistry matched:
          - @ConditionalOnMissingBean (types: io.github.resilience4j.ratelimiter.RateLimiterRegistry; SearchStrategy: all) did not find any beans (OnBeanCondition)

       AbstractRateLimiterConfigurationOnMissingBean#reactorRateLimiterAspectExt matched:
          - @ConditionalOnMissingBean (types: io.github.resilience4j.spring6.ratelimiter.configure.ReactorRateLimiterAspectExt; SearchStrategy: all) did not find any beans (OnBeanCondition)

       AbstractRetryConfigurationOnMissingBean#compositeRetryCustomizer matched:
          - @ConditionalOnMissingBean (names: compositeRetryCustomizer; SearchStrategy: all) did not find any beans (OnBeanCondition)

       AbstractRetryConfigurationOnMissingBean#reactorRetryAspectExt matched:
          - @ConditionalOnMissingBean (types: io.github.resilience4j.spring6.retry.configure.ReactorRetryAspectExt; SearchStrategy: all) did not find any beans (OnBeanCondition)

       AbstractRetryConfigurationOnMissingBean#retryAspect matched:
          - @ConditionalOnMissingBean (types: io.github.resilience4j.spring6.retry.configure.RetryAspect; SearchStrategy: all) did not find any beans (OnBeanCondition)

       AbstractRetryConfigurationOnMissingBean#retryRegistry matched:
          - @ConditionalOnMissingBean (types: io.github.resilience4j.retry.RetryRegistry; SearchStrategy: all) did not find any beans (OnBeanCondition)

       AbstractTimeLimiterConfigurationOnMissingBean#compositeTimeLimiterCustomizer matched:
          - @ConditionalOnMissingBean (names: compositeTimeLimiterCustomizer; SearchStrategy: all) did not find any beans (OnBeanCondition)

       AbstractTimeLimiterConfigurationOnMissingBean#reactorTimeLimiterAspectExt matched:
          - @ConditionalOnMissingBean (types: io.github.resilience4j.spring6.timelimiter.configure.ReactorTimeLimiterAspectExt; SearchStrategy: all) did not find any beans (OnBeanCondition)

       AbstractTimeLimiterConfigurationOnMissingBean#timeLimiterAspect matched:
          - @ConditionalOnMissingBean (types: io.github.resilience4j.spring6.timelimiter.configure.TimeLimiterAspect; SearchStrategy: all) did not find any beans (OnBeanCondition)

       AbstractTimeLimiterConfigurationOnMissingBean#timeLimiterRegistry matched:
          - @ConditionalOnMissingBean (types: io.github.resilience4j.timelimiter.TimeLimiterRegistry; SearchStrategy: all) did not find any beans (OnBeanCondition)

       AbstractTimerConfigurationOnMissingBean#compositeTimerCustomizer matched:
          - @ConditionalOnMissingBean (names: compositeTimerCustomizer; SearchStrategy: all) did not find any beans (OnBeanCondition)

       AbstractTimerConfigurationOnMissingBean#reactorTimerAspectExt matched:
          - @ConditionalOnMissingBean (types: io.github.resilience4j.spring6.micrometer.configure.ReactorTimerAspectExt; SearchStrategy: all) did not find any beans (OnBeanCondition)

       AbstractTimerConfigurationOnMissingBean#timerAspect matched:
          - @ConditionalOnMissingBean (types: io.github.resilience4j.spring6.micrometer.configure.TimerAspect; SearchStrategy: all) did not find any beans (OnBeanCondition)

       AbstractTimerConfigurationOnMissingBean#timerRegistry matched:
          - @ConditionalOnMissingBean (types: io.github.resilience4j.micrometer.TimerRegistry; SearchStrategy: all) did not find any beans (OnBeanCondition)

       AopAutoConfiguration matched:
          - @ConditionalOnBooleanProperty (spring.aop.auto=true) matched (OnPropertyCondition)

       AopAutoConfiguration.AspectJAutoProxyingConfiguration matched:
          - @ConditionalOnClass found required class 'org.aspectj.weaver.Advice' (OnClassCondition)

       AopAutoConfiguration.AspectJAutoProxyingConfiguration.CglibAutoProxyConfiguration matched:
          - @ConditionalOnBooleanProperty (spring.aop.proxy-target-class=true) matched (OnPropertyCondition)

       ApplicationAvailabilityAutoConfiguration#applicationAvailability matched:
          - @ConditionalOnMissingBean (types: org.springframework.boot.availability.ApplicationAvailability; SearchStrategy: all) did not find any beans (OnBeanCondition)

       AutoServiceRegistrationAutoConfiguration matched:
          - @ConditionalOnProperty (spring.cloud.service-registry.auto-registration.enabled) matched (OnPropertyCondition)

       AutoServiceRegistrationConfiguration matched:
          - @ConditionalOnProperty (spring.cloud.service-registry.auto-registration.enabled) matched (OnPropertyCondition)

       AvailabilityHealthContributorAutoConfiguration matched:
          - @ConditionalOnClass found required class 'org.springframework.boot.health.contributor.Health' (OnClassCondition)

       AvailabilityProbesAutoConfiguration matched:
          - @ConditionalOnClass found required class 'org.springframework.boot.health.contributor.Health' (OnClassCondition)
          - Probes availability 'management.endpoint.health.probes.enabled' set to 'true' (AvailabilityProbesAutoConfiguration.ProbesCondition)

       AvailabilityProbesAutoConfiguration#livenessStateHealthIndicator matched:
          - @ConditionalOnMissingBean (names: livenessStateHealthIndicator; SearchStrategy: all) did not find any beans (OnBeanCondition)

       AvailabilityProbesAutoConfiguration#readinessStateHealthIndicator matched:
          - @ConditionalOnMissingBean (names: readinessStateHealthIndicator; SearchStrategy: all) did not find any beans (OnBeanCondition)

       BraveAutoConfiguration matched:
          - @ConditionalOnClass found required classes 'brave.Tracer', 'io.micrometer.tracing.brave.bridge.BraveTracer' (OnClassCondition)

       BravePropagationConfigurations.PropagationWithBaggage matched:
          - @ConditionalOnBooleanProperty (management.tracing.baggage.enabled=true) matched (OnPropertyCondition)

       BulkheadAutoConfiguration matched:
          - @ConditionalOnClass found required class 'io.github.resilience4j.bulkhead.Bulkhead' (OnClassCondition)

       BulkheadAutoConfiguration.BulkheadEndpointAutoConfiguration matched:
          - @ConditionalOnClass found required class 'org.springframework.boot.actuate.endpoint.annotation.Endpoint' (OnClassCondition)

       BulkheadConfigurationOnMissingBean#bulkheadEventConsumerRegistry matched:
          - @ConditionalOnMissingBean (types: io.github.resilience4j.bulkhead.event.BulkheadEvent; SearchStrategy: all) did not find any beans (OnBeanCondition)

       BulkheadMetricsAutoConfiguration matched:
          - @ConditionalOnClass found required classes 'io.micrometer.core.instrument.MeterRegistry', 'io.github.resilience4j.bulkhead.Bulkhead', 'io.github.resilience4j.micrometer.tagged.TaggedBulkheadMetricsPublisher' (OnClassCondition)
          - @ConditionalOnProperty (resilience4j.bulkhead.metrics.enabled) matched (OnPropertyCondition)

       CacheAutoConfiguration matched:
          - @ConditionalOnClass found required class 'org.springframework.cache.CacheManager' (OnClassCondition)

       CacheMeterBinderProvidersConfiguration matched:
          - @ConditionalOnClass found required classes 'io.micrometer.core.instrument.binder.MeterBinder', 'org.springframework.boot.cache.metrics.CacheMeterBinderProvider' (OnClassCondition)

       CacheMetricsAutoConfiguration matched:
          - @ConditionalOnClass found required class 'io.micrometer.core.instrument.MeterRegistry' (OnClassCondition)

       CircuitBreakerAutoConfiguration matched:
          - @ConditionalOnClass found required class 'io.github.resilience4j.circuitbreaker.CircuitBreaker' (OnClassCondition)

       CircuitBreakerAutoConfiguration.CircuitBreakerEndpointAutoConfiguration matched:
          - @ConditionalOnClass found required class 'org.springframework.boot.actuate.endpoint.annotation.Endpoint' (OnClassCondition)

       CircuitBreakerConfigurationOnMissingBean#eventConsumerRegistry matched:
          - @ConditionalOnMissingBean (types: io.github.resilience4j.circuitbreaker.event.CircuitBreakerEvent; SearchStrategy: all) did not find any beans (OnBeanCondition)

       CircuitBreakerMetricsAutoConfiguration matched:
          - @ConditionalOnClass found required classes 'io.micrometer.core.instrument.MeterRegistry', 'io.github.resilience4j.circuitbreaker.CircuitBreaker', 'io.github.resilience4j.micrometer.tagged.TaggedCircuitBreakerMetricsPublisher' (OnClassCondition)
          - @ConditionalOnProperty (resilience4j.circuitbreaker.metrics.enabled) matched (OnPropertyCondition)

       CircuitBreakerStreamEventsAutoConfiguration matched:
          - @ConditionalOnClass found required classes 'io.github.resilience4j.circuitbreaker.CircuitBreaker', 'org.springframework.boot.actuate.endpoint.annotation.Endpoint', 'reactor.core.publisher.Flux', 'io.github.resilience4j.reactor.adapter.ReactorAdapter' (OnClassCondition)

       CodecsAutoConfiguration matched:
          - @ConditionalOnClass found required classes 'org.springframework.http.codec.CodecConfigurer', 'org.springframework.web.reactive.function.client.WebClient' (OnClassCondition)

       CodecsAutoConfiguration.JacksonCodecConfiguration matched:
          - @ConditionalOnClass found required class 'com.fasterxml.jackson.databind.ObjectMapper' (OnClassCondition)

       CodecsAutoConfiguration.JacksonCodecConfiguration#jacksonCodecCustomizer matched:
          - @ConditionalOnBean (types: com.fasterxml.jackson.databind.ObjectMapper; SearchStrategy: all) found bean 'jacksonObjectMapper' (OnBeanCondition)

       CommonsClientAutoConfiguration.ActuatorConfiguration matched:
          - @ConditionalOnClass found required class 'org.springframework.boot.actuate.endpoint.annotation.Endpoint' (OnClassCondition)
          - @ConditionalOnProperty (spring.cloud.features.enabled) matched (OnPropertyCondition)

       CompatibilityVerifierAutoConfiguration matched:
          - @ConditionalOnProperty (spring.cloud.compatibility-verifier.enabled) matched (OnPropertyCondition)

       CompositeMeterRegistryAutoConfiguration matched:
          - @ConditionalOnClass found required class 'io.micrometer.core.instrument.composite.CompositeMeterRegistry' (OnClassCondition)

       ConsulAutoConfiguration.ConsulHealthConfig matched:
          - @ConditionalOnClass found required class 'org.springframework.boot.actuate.endpoint.annotation.Endpoint' (OnClassCondition)

       DiskSpaceHealthContributorAutoConfiguration matched:
          - @ConditionalOnClass found required class 'org.springframework.boot.health.contributor.Health' (OnClassCondition)
          - @ConditionalOnEnabledHealthIndicator management.health.defaults.enabled is considered true (OnEnabledHealthIndicatorCondition)

       EndpointAutoConfiguration#endpointCachingOperationInvokerAdvisor matched:
          - @ConditionalOnMissingBean (types: org.springframework.boot.actuate.endpoint.invoker.cache.CachingOperationInvokerAdvisor; SearchStrategy: all) did not find any beans (OnBeanCondition)

       EndpointAutoConfiguration#endpointOperationParameterMapper matched:
          - @ConditionalOnMissingBean (types: org.springframework.boot.actuate.endpoint.invoke.ParameterValueMapper; SearchStrategy: all) did not find any beans (OnBeanCondition)

       EndpointAutoConfiguration#propertiesEndpointAccessResolver matched:
          - @ConditionalOnMissingBean (types: org.springframework.boot.actuate.endpoint.EndpointAccessResolver; SearchStrategy: all) did not find any beans (OnBeanCondition)

       ErrorWebFluxAutoConfiguration matched:
          - @ConditionalOnClass found required class 'org.springframework.web.reactive.config.WebFluxConfigurer' (OnClassCondition)
          - found ConfigurableReactiveWebEnvironment (OnWebApplicationCondition)

       ErrorWebFluxAutoConfiguration#errorAttributes matched:
          - @ConditionalOnMissingBean (types: org.springframework.boot.webflux.error.ErrorAttributes; SearchStrategy: current) did not find any beans (OnBeanCondition)

       ErrorWebFluxAutoConfiguration#errorWebExceptionHandler matched:
          - @ConditionalOnMissingBean (types: org.springframework.boot.webflux.error.ErrorWebExceptionHandler; SearchStrategy: current) did not find any beans (OnBeanCondition)

       FallbackConfigurationOnMissingBean#completionStageFallbackDecorator matched:
          - @ConditionalOnMissingBean (types: io.github.resilience4j.spring6.fallback.CompletionStageFallbackDecorator; SearchStrategy: all) did not find any beans (OnBeanCondition)

       FallbackConfigurationOnMissingBean#fallbackDecorators matched:
          - @ConditionalOnMissingBean (types: io.github.resilience4j.spring6.fallback.FallbackDecorators; SearchStrategy: all) did not find any beans (OnBeanCondition)

       FallbackConfigurationOnMissingBean#fallbackExecutor matched:
          - @ConditionalOnMissingBean (types: io.github.resilience4j.spring6.fallback.FallbackExecutor; SearchStrategy: all) did not find any beans (OnBeanCondition)

       FallbackConfigurationOnMissingBean#reactorFallbackDecorator matched:
          - @ConditionalOnMissingBean (types: io.github.resilience4j.spring6.fallback.ReactorFallbackDecorator; SearchStrategy: all) did not find any beans (OnBeanCondition)

       GatewayAutoConfiguration matched:
          - @ConditionalOnClass found required class 'org.springframework.web.reactive.DispatcherHandler' (OnClassCondition)
          - @ConditionalOnProperty (spring.cloud.gateway.enabled) matched (OnPropertyCondition)

       GatewayAutoConfiguration.NettyConfiguration matched:
          - @ConditionalOnClass found required class 'reactor.netty.http.client.HttpClient' (OnClassCondition)

       GatewayClassPathWarningAutoConfiguration matched:
          - @ConditionalOnProperty (spring.cloud.gateway.enabled) matched (OnPropertyCondition)

       GatewayDiscoveryClientAutoConfiguration matched:
          - @ConditionalOnClass found required classes 'org.springframework.web.reactive.DispatcherHandler', 'org.springframework.cloud.client.discovery.composite.CompositeDiscoveryClientAutoConfiguration' (OnClassCondition)
          - @ConditionalOnProperty (spring.cloud.gateway.enabled) matched (OnPropertyCondition)

       GatewayDiscoveryClientAutoConfiguration.ReactiveDiscoveryClientRouteDefinitionLocatorConfiguration matched:
          - @ConditionalOnProperty (spring.cloud.discovery.reactive.enabled) matched (OnPropertyCondition)

       GatewayReactiveLoadBalancerClientAutoConfiguration matched:
          - @ConditionalOnClass found required classes 'org.springframework.cloud.client.loadbalancer.reactive.ReactiveLoadBalancer', 'org.springframework.cloud.loadbalancer.config.LoadBalancerAutoConfiguration', 'org.springframework.web.reactive.DispatcherHandler' (OnClassCondition)

       GatewayResilience4JCircuitBreakerAutoConfiguration matched:
          - @ConditionalOnClass found required classes 'org.springframework.web.reactive.DispatcherHandler', 'org.springframework.cloud.circuitbreaker.resilience4j.ReactiveResilience4JAutoConfiguration', 'org.springframework.cloud.client.circuitbreaker.ReactiveCircuitBreakerFactory', 'org.springframework.cloud.circuitbreaker.resilience4j.ReactiveResilience4JCircuitBreakerFactory' (OnClassCondition)
          - @ConditionalOnProperty (spring.cloud.gateway.enabled) matched (OnPropertyCondition)

       GenericCacheConfiguration matched:
          - Cache org.springframework.boot.cache.autoconfigure.GenericCacheConfiguration automatic cache type (CacheCondition)

       HealthContributorRegistryAutoConfiguration.ReactiveHealthContributorRegistryConfiguration matched:
          - @ConditionalOnClass found required class 'reactor.core.publisher.Flux' (OnClassCondition)

       HealthEndpointAutoConfiguration matched:
          - @ConditionalOnClass found required class 'org.springframework.boot.health.contributor.Health' (OnClassCondition)
          - @ConditionalOnAvailableEndpoint marked as exposed by a 'management.endpoints.web.exposure' property (OnAvailableEndpointCondition)

       HealthEndpointReactiveWebExtensionConfiguration matched:
          - found ConfigurableReactiveWebEnvironment (OnWebApplicationCondition)
          - @ConditionalOnAvailableEndpoint marked as exposed by a 'management.endpoints.web.exposure' property (OnAvailableEndpointCondition)

       HttpHandlerAutoConfiguration matched:
          - @ConditionalOnClass found required classes 'org.springframework.web.reactive.DispatcherHandler', 'org.springframework.http.server.reactive.HttpHandler' (OnClassCondition)
          - found ConfigurableReactiveWebEnvironment (OnWebApplicationCondition)
          - @ConditionalOnMissingBean (types: org.springframework.http.server.reactive.HttpHandler; SearchStrategy: all) did not find any beans (OnBeanCondition)

       InfoEndpointAutoConfiguration matched:
          - @ConditionalOnAvailableEndpoint marked as exposed by a 'management.endpoints.web.exposure' property (OnAvailableEndpointCondition)

       JacksonAutoConfiguration matched:
          - @ConditionalOnClass found required class 'com.fasterxml.jackson.databind.ObjectMapper' (OnClassCondition)

       JacksonAutoConfiguration.Jackson2ObjectMapperBuilderCustomizerConfiguration matched:
          - @ConditionalOnClass found required class 'org.springframework.http.converter.json.Jackson2ObjectMapperBuilder' (OnClassCondition)

       JacksonAutoConfiguration.JacksonObjectMapperBuilderConfiguration matched:
          - @ConditionalOnClass found required class 'org.springframework.http.converter.json.Jackson2ObjectMapperBuilder' (OnClassCondition)

       JacksonAutoConfiguration.JacksonObjectMapperBuilderConfiguration#jacksonObjectMapperBuilder matched:
          - @ConditionalOnMissingBean (types: org.springframework.http.converter.json.Jackson2ObjectMapperBuilder; SearchStrategy: all) did not find any beans (OnBeanCondition)

       JacksonAutoConfiguration.JacksonObjectMapperConfiguration matched:
          - @ConditionalOnClass found required class 'org.springframework.http.converter.json.Jackson2ObjectMapperBuilder' (OnClassCondition)

       JacksonAutoConfiguration.JacksonObjectMapperConfiguration#jacksonObjectMapper matched:
          - @ConditionalOnMissingBean (types: com.fasterxml.jackson.databind.ObjectMapper; SearchStrategy: all) did not find any beans (OnBeanCondition)

       JacksonAutoConfiguration.ParameterNamesModuleConfiguration matched:
          - @ConditionalOnClass found required class 'com.fasterxml.jackson.module.paramnames.ParameterNamesModule' (OnClassCondition)

       JacksonAutoConfiguration.ParameterNamesModuleConfiguration#parameterNamesModule matched:
          - @ConditionalOnMissingBean (types: com.fasterxml.jackson.module.paramnames.ParameterNamesModule; SearchStrategy: all) did not find any beans (OnBeanCondition)

       JacksonEndpointAutoConfiguration#endpointObjectMapper matched:
          - @ConditionalOnClass found required classes 'com.fasterxml.jackson.databind.ObjectMapper', 'org.springframework.http.converter.json.Jackson2ObjectMapperBuilder' (OnClassCondition)
          - @ConditionalOnBooleanProperty (management.endpoints.jackson.isolated-object-mapper=true) matched (OnPropertyCondition)

       JvmMetricsAutoConfiguration matched:
          - @ConditionalOnClass found required class 'io.micrometer.core.instrument.MeterRegistry' (OnClassCondition)

       LoadBalancerBeanPostProcessorAutoConfiguration matched:
          - @ConditionalOnClass found required class 'org.springframework.web.reactive.function.client.WebClient' (OnClassCondition)

       LogbackMetricsAutoConfiguration matched:
          - @ConditionalOnClass found required classes 'io.micrometer.core.instrument.MeterRegistry', 'ch.qos.logback.classic.LoggerContext', 'org.slf4j.LoggerFactory' (OnClassCondition)
          - LogbackLoggingCondition ILoggerFactory is a Logback LoggerContext (LogbackMetricsAutoConfiguration.LogbackLoggingCondition)

       ManagementContextAutoConfiguration.SameManagementContextConfiguration matched:
          - Management Port actual port type (SAME) matched required type (OnManagementPortCondition)

       MetricsAutoConfiguration matched:
          - @ConditionalOnClass found required class 'io.micrometer.core.annotation.Timed' (OnClassCondition)

       NettyAutoConfiguration matched:
          - @ConditionalOnClass found required class 'io.netty.util.NettyRuntime' (OnClassCondition)

       NettyReactiveWebServerAutoConfiguration matched:
          - @ConditionalOnClass found required classes 'org.springframework.http.ReactiveHttpInputMessage', 'reactor.netty.http.server.HttpServer' (OnClassCondition)

       NoOpCacheConfiguration matched:
          - Cache org.springframework.boot.cache.autoconfigure.NoOpCacheConfiguration automatic cache type (CacheCondition)

       NoopTracerAutoConfiguration matched:
          - @ConditionalOnClass found required class 'io.micrometer.tracing.Tracer' (OnClassCondition)

       ObservationAutoConfiguration matched:
          - @ConditionalOnClass found required class 'io.micrometer.observation.ObservationRegistry' (OnClassCondition)

       PrometheusExemplarsAutoConfiguration matched:
          - @ConditionalOnClass found required classes 'io.micrometer.tracing.Tracer', 'io.prometheus.metrics.tracer.common.SpanContext' (OnClassCondition)

       PropertyPlaceholderAutoConfiguration#propertySourcesPlaceholderConfigurer matched:
          - @ConditionalOnMissingBean (types: org.springframework.context.support.PropertySourcesPlaceholderConfigurer; SearchStrategy: current) did not find any beans (OnBeanCondition)

       RateLimiterAutoConfiguration matched:
          - @ConditionalOnClass found required class 'io.github.resilience4j.ratelimiter.RateLimiter' (OnClassCondition)

       RateLimiterAutoConfiguration.RateLimiterEndpointAutoConfiguration matched:
          - @ConditionalOnClass found required class 'org.springframework.boot.actuate.endpoint.annotation.Endpoint' (OnClassCondition)

       RateLimiterConfigurationOnMissingBean#rateLimiterEventsConsumerRegistry matched:
          - @ConditionalOnMissingBean (types: io.github.resilience4j.ratelimiter.event.RateLimiterEvent; SearchStrategy: all) did not find any beans (OnBeanCondition)

       RateLimiterMetricsAutoConfiguration matched:
          - @ConditionalOnClass found required classes 'io.micrometer.core.instrument.MeterRegistry', 'io.github.resilience4j.ratelimiter.RateLimiter', 'io.github.resilience4j.micrometer.tagged.TaggedRateLimiterMetricsPublisher' (OnClassCondition)
          - @ConditionalOnProperty (resilience4j.ratelimiter.metrics.enabled) matched (OnPropertyCondition)

       ReactiveManagementWebSecurityAutoConfiguration matched:
          - @ConditionalOnClass found required classes 'org.springframework.security.config.annotation.web.reactive.EnableWebFluxSecurity', 'org.springframework.security.web.server.WebFilterChainProxy', 'org.springframework.boot.actuate.autoconfigure.endpoint.web.WebEndpointAutoConfiguration' (OnClassCondition)
          - found ConfigurableReactiveWebEnvironment (OnWebApplicationCondition)

       ReactiveMultipartAutoConfiguration matched:
          - @ConditionalOnClass found required classes 'org.springframework.http.codec.multipart.DefaultPartHttpMessageReader', 'org.springframework.web.reactive.config.WebFluxConfigurer' (OnClassCondition)
          - found ConfigurableReactiveWebEnvironment (OnWebApplicationCondition)

       ReactiveOAuth2ClientAutoConfiguration matched:
          - @ConditionalOnClass found required classes 'reactor.core.publisher.Flux', 'org.springframework.security.oauth2.client.registration.ClientRegistration' (OnClassCondition)
          - NoneNestedConditions 0 matched 1 did not; NestedCondition on ReactiveOAuth2ClientAutoConfiguration.NonServletApplicationCondition.ServletApplicationCondition not a servlet web application (ReactiveOAuth2ClientAutoConfiguration.NonServletApplicationCondition)

       ReactiveOAuth2ClientWebSecurityAutoConfiguration matched:
          - @ConditionalOnClass found required classes 'reactor.core.publisher.Flux', 'org.springframework.security.config.annotation.web.reactive.EnableWebFluxSecurity', 'org.springframework.security.oauth2.client.web.server.ServerOAuth2AuthorizedClientRepository' (OnClassCondition)
          - found ConfigurableReactiveWebEnvironment (OnWebApplicationCondition)

       ReactiveOAuth2ResourceServerAutoConfiguration matched:
          - @ConditionalOnClass found required class 'org.springframework.security.config.annotation.web.reactive.EnableWebFluxSecurity' (OnClassCondition)
          - found ConfigurableReactiveWebEnvironment (OnWebApplicationCondition)

       ReactiveOAuth2ResourceServerConfiguration.JwtConfiguration matched:
          - @ConditionalOnClass found required classes 'org.springframework.security.oauth2.server.resource.authentication.BearerTokenAuthenticationToken', 'org.springframework.security.oauth2.jwt.ReactiveJwtDecoder' (OnClassCondition)

       ReactiveOAuth2ResourceServerConfiguration.OpaqueTokenConfiguration matched:
          - @ConditionalOnClass found required classes 'org.springframework.security.oauth2.server.resource.authentication.BearerTokenAuthenticationToken', 'org.springframework.security.oauth2.server.resource.introspection.ReactiveOpaqueTokenIntrospector' (OnClassCondition)

       ReactiveResilience4JAutoConfiguration matched:
          - @ConditionalOnClass found required classes 'reactor.core.publisher.Mono', 'reactor.core.publisher.Flux', 'io.github.resilience4j.reactor.circuitbreaker.operator.CircuitBreakerOperator' (OnClassCondition)
          - @ConditionalOnProperty ([spring.cloud.circuitbreaker.resilience4j.enabled,spring.cloud.circuitbreaker.resilience4j.reactive.enabled]) matched (OnPropertyCondition)

       ReactiveResilience4JAutoConfiguration.MicrometerReactiveResilience4JCustomizerConfiguration matched:
          - @ConditionalOnClass found required classes 'reactor.core.publisher.Mono', 'reactor.core.publisher.Flux', 'io.github.resilience4j.micrometer.tagged.TaggedCircuitBreakerMetrics', 'io.github.resilience4j.micrometer.tagged.TaggedCircuitBreakerMetricsPublisher' (OnClassCondition)

       ReactiveResilience4JAutoConfiguration.Resilience4jBulkheadConfiguration matched:
          - @ConditionalOnClass found required class 'io.github.resilience4j.bulkhead.Bulkhead' (OnClassCondition)
          - @ConditionalOnProperty (spring.cloud.circuitbreaker.bulkhead.resilience4j.enabled) matched (OnPropertyCondition)

       ReactiveSecurityAutoConfiguration matched:
          - @ConditionalOnClass found required classes 'reactor.core.publisher.Flux', 'org.springframework.security.config.annotation.web.reactive.EnableWebFluxSecurity', 'org.springframework.security.web.server.WebFilterChainProxy', 'org.springframework.web.reactive.config.WebFluxConfigurer' (OnClassCondition)

       ReactiveSecurityAutoConfiguration.SpringBootWebFluxSecurityConfiguration matched:
          - found ConfigurableReactiveWebEnvironment (OnWebApplicationCondition)

       ReactiveUserDetailsServiceAutoConfiguration matched:
          - @ConditionalOnClass found required class 'org.springframework.security.authentication.ReactiveAuthenticationManager' (OnClassCondition)
          - AnyNestedCondition 2 matched 1 did not; NestedCondition on ReactiveUserDetailsServiceAutoConfiguration.MissingAlternativeOrUserPropertiesConfigured.PasswordConfigured @ConditionalOnProperty (spring.security.user.password) matched; NestedCondition on ReactiveUserDetailsServiceAutoConfiguration.MissingAlternativeOrUserPropertiesConfigured.NameConfigured @ConditionalOnProperty (spring.security.user.name) matched; NestedCondition on ReactiveUserDetailsServiceAutoConfiguration.MissingAlternativeOrUserPropertiesConfigured.MissingAlternative @ConditionalOnMissingClass found unwanted classes 'org.springframework.security.oauth2.client.registration.ClientRegistrationRepository', 'org.springframework.security.oauth2.server.resource.introspection.ReactiveOpaqueTokenIntrospector' (ReactiveUserDetailsServiceAutoConfiguration.MissingAlternativeOrUserPropertiesConfigured)

       ReactorAutoConfiguration matched:
          - @ConditionalOnClass found required class 'reactor.core.publisher.Hooks' (OnClassCondition)

       ReactorLoadBalancerClientAutoConfiguration matched:
          - @ConditionalOnClass found required class 'org.springframework.web.reactive.function.client.WebClient' (OnClassCondition)

       RefreshAutoConfiguration matched:
          - @ConditionalOnClass found required class 'org.springframework.cloud.context.scope.refresh.RefreshScope' (OnClassCondition)
          - @ConditionalOnProperty (spring.cloud.refresh.enabled) matched (OnPropertyCondition)

       Resilience4JAutoConfiguration matched:
          - @ConditionalOnProperty ([spring.cloud.circuitbreaker.resilience4j.enabled,spring.cloud.circuitbreaker.resilience4j.blocking.enabled]) matched (OnPropertyCondition)

       Resilience4JAutoConfiguration.MicrometerResilience4JCustomizerConfiguration matched:
          - @ConditionalOnClass found required classes 'io.github.resilience4j.micrometer.tagged.TaggedCircuitBreakerMetrics', 'io.github.resilience4j.micrometer.tagged.TaggedCircuitBreakerMetricsPublisher' (OnClassCondition)

       Resilience4JAutoConfiguration.Resilience4jBulkheadConfiguration matched:
          - @ConditionalOnClass found required class 'io.github.resilience4j.bulkhead.Bulkhead' (OnClassCondition)
          - @ConditionalOnProperty (spring.cloud.circuitbreaker.bulkhead.resilience4j.enabled) matched (OnPropertyCondition)

       RetryAutoConfiguration matched:
          - @ConditionalOnClass found required class 'io.github.resilience4j.retry.Retry' (OnClassCondition)

       RetryAutoConfiguration.RetryAutoEndpointConfiguration matched:
          - @ConditionalOnClass found required class 'org.springframework.boot.actuate.endpoint.annotation.Endpoint' (OnClassCondition)

       RetryConfigurationOnMissingBean#retryEventConsumerRegistry matched:
          - @ConditionalOnMissingBean (types: io.github.resilience4j.retry.event.RetryEvent; SearchStrategy: all) did not find any beans (OnBeanCondition)

       RetryMetricsAutoConfiguration matched:
          - @ConditionalOnClass found required classes 'io.micrometer.core.instrument.MeterRegistry', 'io.github.resilience4j.retry.Retry', 'io.github.resilience4j.micrometer.tagged.TaggedRetryMetricsPublisher' (OnClassCondition)
          - @ConditionalOnProperty (resilience4j.retry.metrics.enabled) matched (OnPropertyCondition)

       ScheduledTasksObservabilityAutoConfiguration matched:
          - @ConditionalOnClass found required class 'org.springframework.scheduling.concurrent.ThreadPoolTaskScheduler' (OnClassCondition)

       SecurityAutoConfiguration matched:
          - @ConditionalOnClass found required class 'org.springframework.security.authentication.DefaultAuthenticationEventPublisher' (OnClassCondition)

       ServiceRegistryAutoConfiguration.ServiceRegistryEndpointConfiguration matched:
          - @ConditionalOnClass found required class 'org.springframework.boot.actuate.endpoint.annotation.Endpoint' (OnClassCondition)

       SimpleCacheConfiguration matched:
          - Cache org.springframework.boot.cache.autoconfigure.SimpleCacheConfiguration automatic cache type (CacheCondition)

       SimpleMetricsExportAutoConfiguration matched:
          - @ConditionalOnEnabledMetricsExport management.simple.metrics.export.enabled is true (OnMetricsExportEnabledCondition)

       SpelResolverConfigurationOnMissingBean#parameterNameDiscoverer matched:
          - @ConditionalOnMissingBean (types: org.springframework.core.ParameterNameDiscoverer; SearchStrategy: all) did not find any beans (OnBeanCondition)

       SpelResolverConfigurationOnMissingBean#spelExpressionParser matched:
          - @ConditionalOnMissingBean (types: org.springframework.expression.spel.standard.SpelExpressionParser; SearchStrategy: all) did not find any beans (OnBeanCondition)

       SpelResolverConfigurationOnMissingBean#spelResolver matched:
          - @ConditionalOnMissingBean (types: io.github.resilience4j.spring6.spelresolver.SpelResolver; SearchStrategy: all) did not find any beans (OnBeanCondition)

       SslHealthContributorAutoConfiguration matched:
          - @ConditionalOnClass found required class 'org.springframework.boot.health.contributor.Health' (OnClassCondition)
          - @ConditionalOnEnabledHealthIndicator management.health.defaults.enabled is considered true (OnEnabledHealthIndicatorCondition)

       StartupTimeMetricsListenerAutoConfiguration matched:
          - @ConditionalOnClass found required class 'io.micrometer.core.instrument.MeterRegistry' (OnClassCondition)

       SystemMetricsAutoConfiguration matched:
          - @ConditionalOnClass found required class 'io.micrometer.core.instrument.MeterRegistry' (OnClassCondition)

       TaskExecutionAutoConfiguration matched:
          - @ConditionalOnClass found required class 'org.springframework.scheduling.concurrent.ThreadPoolTaskExecutor' (OnClassCondition)

       TaskExecutorMetricsAutoConfiguration matched:
          - @ConditionalOnClass found required class 'io.micrometer.core.instrument.binder.jvm.ExecutorServiceMetrics' (OnClassCondition)

       TaskSchedulingAutoConfiguration matched:
          - @ConditionalOnClass found required class 'org.springframework.scheduling.concurrent.ThreadPoolTaskScheduler' (OnClassCondition)

       ThreadPoolBulkheadMetricsAutoConfiguration matched:
          - @ConditionalOnClass found required classes 'io.micrometer.core.instrument.MeterRegistry', 'io.github.resilience4j.bulkhead.ThreadPoolBulkhead', 'io.github.resilience4j.micrometer.tagged.TaggedThreadPoolBulkheadMetricsPublisher' (OnClassCondition)
          - @ConditionalOnProperty (resilience4j.thread-pool-bulkhead.metrics.enabled) matched (OnPropertyCondition)

       TimeLimiterAutoConfiguration matched:
          - @ConditionalOnClass found required class 'io.github.resilience4j.timelimiter.TimeLimiter' (OnClassCondition)

       TimeLimiterAutoConfiguration.TimeLimiterAutoEndpointConfiguration matched:
          - @ConditionalOnClass found required class 'org.springframework.boot.actuate.endpoint.annotation.Endpoint' (OnClassCondition)

       TimeLimiterConfigurationOnMissingBean#timeLimiterEventsConsumerRegistry matched:
          - @ConditionalOnMissingBean (types: io.github.resilience4j.timelimiter.event.TimeLimiterEvent; SearchStrategy: all) did not find any beans (OnBeanCondition)

       TimeLimiterMetricsAutoConfiguration matched:
          - @ConditionalOnClass found required classes 'io.micrometer.core.instrument.MeterRegistry', 'io.github.resilience4j.timelimiter.TimeLimiter', 'io.github.resilience4j.micrometer.tagged.TaggedTimeLimiterMetricsPublisher' (OnClassCondition)
          - @ConditionalOnProperty (resilience4j.timelimiter.metrics.enabled) matched (OnPropertyCondition)

       TimerAutoConfiguration matched:
          - @ConditionalOnClass found required class 'io.github.resilience4j.micrometer.Timer' (OnClassCondition)

       TimerAutoConfiguration.TimerAutoEndpointConfiguration matched:
          - @ConditionalOnClass found required class 'org.springframework.boot.actuate.endpoint.annotation.Endpoint' (OnClassCondition)

       TimerConfigurationOnMissingBean#timerEventsConsumerRegistry matched:
          - @ConditionalOnMissingBean (types: io.github.resilience4j.micrometer.event.TimerEvent; SearchStrategy: all) did not find any beans (OnBeanCondition)

       UtilAutoConfiguration matched:
          - @ConditionalOnProperty (spring.cloud.util.enabled) matched (OnPropertyCondition)

       ValidationAutoConfiguration matched:
          - @ConditionalOnClass found required class 'jakarta.validation.executable.ExecutableValidator' (OnClassCondition)
          - @ConditionalOnResource found location classpath:META-INF/services/jakarta.validation.spi.ValidationProvider (OnResourceCondition)

       ValidationAutoConfiguration#defaultValidator matched:
          - @ConditionalOnMissingBean (types: jakarta.validation.Validator; SearchStrategy: all) did not find any beans (OnBeanCondition)

       ValidationAutoConfiguration#methodValidationPostProcessor matched:
          - @ConditionalOnMissingBean (types: org.springframework.validation.beanvalidation.MethodValidationPostProcessor; SearchStrategy: current) did not find any beans (OnBeanCondition)

       WebEndpointAutoConfiguration matched:
          - @ConditionalOnWebApplication (required) found ConfigurableReactiveWebEnvironment (OnWebApplicationCondition)

       WebEndpointAutoConfiguration#controllerEndpointDiscoverer matched:
          - @ConditionalOnMissingBean (types: org.springframework.boot.actuate.endpoint.web.annotation.ControllerEndpointsSupplier; SearchStrategy: all) did not find any beans (OnBeanCondition)

       WebEndpointAutoConfiguration#endpointMediaTypes matched:
          - @ConditionalOnMissingBean (types: org.springframework.boot.actuate.endpoint.web.EndpointMediaTypes; SearchStrategy: all) did not find any beans (OnBeanCondition)

       WebEndpointAutoConfiguration#pathMappedEndpoints matched:
          - @ConditionalOnMissingBean (types: org.springframework.boot.actuate.endpoint.web.PathMappedEndpoints; SearchStrategy: all) did not find any beans (OnBeanCondition)

       WebEndpointAutoConfiguration#webEndpointDiscoverer matched:
          - @ConditionalOnMissingBean (types: org.springframework.boot.actuate.endpoint.web.WebEndpointsSupplier; SearchStrategy: all) did not find any beans (OnBeanCondition)

       WebFluxAutoConfiguration matched:
          - @ConditionalOnClass found required class 'org.springframework.web.reactive.config.WebFluxConfigurer' (OnClassCondition)
          - found ConfigurableReactiveWebEnvironment (OnWebApplicationCondition)
          - @ConditionalOnMissingBean (types: org.springframework.web.reactive.config.WebFluxConfigurationSupport; SearchStrategy: all) did not find any beans (OnBeanCondition)

       WebFluxAutoConfiguration.EnableWebFluxConfiguration#localeContextResolver matched:
          - @ConditionalOnMissingBean (names: localeContextResolver; SearchStrategy: all) did not find any beans (OnBeanCondition)

       WebFluxAutoConfiguration.EnableWebFluxConfiguration#webSessionManager matched:
          - @ConditionalOnMissingBean (names: webSessionManager; SearchStrategy: all) did not find any beans (OnBeanCondition)

       WebFluxEndpointManagementContextConfiguration matched:
          - @ConditionalOnClass found required classes 'org.springframework.web.reactive.DispatcherHandler', 'org.springframework.http.server.reactive.HttpHandler' (OnClassCondition)
          - found ConfigurableReactiveWebEnvironment (OnWebApplicationCondition)

       WebFluxHealthEndpointExtensionAutoConfiguration matched:
          - @ConditionalOnClass found required classes 'org.springframework.boot.actuate.health.HealthEndpoint', 'org.springframework.boot.health.contributor.Health' (OnClassCondition)
          - found ConfigurableReactiveWebEnvironment (OnWebApplicationCondition)
          - @ConditionalOnAvailableEndpoint marked as exposed by a 'management.endpoints.web.exposure' property (OnAvailableEndpointCondition)

       WebFluxHttpExchangesAutoConfiguration matched:
          - found ConfigurableReactiveWebEnvironment (OnWebApplicationCondition)
          - @ConditionalOnBooleanProperty (management.httpexchanges.recording.enabled=true) matched (OnPropertyCondition)

       WebFluxObservationAutoConfiguration matched:
          - @ConditionalOnClass found required classes 'io.micrometer.observation.Observation', 'io.micrometer.core.instrument.MeterRegistry' (OnClassCondition)
          - found ConfigurableReactiveWebEnvironment (OnWebApplicationCondition)

       WebSessionIdResolverAutoConfiguration matched:
          - @ConditionalOnClass found required classes 'org.springframework.web.server.session.WebSessionManager', 'reactor.core.publisher.Mono' (OnClassCondition)
          - found ConfigurableReactiveWebEnvironment (OnWebApplicationCondition)

       WebSessionIdResolverAutoConfiguration#webSessionIdResolver matched:
          - @ConditionalOnMissingBean (types: org.springframework.web.server.session.WebSessionIdResolver; SearchStrategy: all) did not find any beans (OnBeanCondition)

       WebTestClientAutoConfiguration matched:
          - @ConditionalOnClass found required classes 'org.springframework.boot.http.codec.CodecCustomizer', 'org.springframework.web.reactive.function.client.WebClient', 'org.springframework.test.web.reactive.server.WebTestClient' (OnClassCondition)

       ZipkinTracingAutoConfiguration matched:
          - @ConditionalOnClass found required class 'zipkin2.reporter.Encoding' (OnClassCondition)

       ZipkinTracingAutoConfiguration.BraveConfiguration matched:
          - @ConditionalOnClass found required class 'zipkin2.reporter.brave.AsyncZipkinSpanHandler' (OnClassCondition)


    Negative matches:
    -----------------

       AopAutoConfiguration.AspectJAutoProxyingConfiguration.JdkDynamicAutoProxyConfiguration:
          Did not match:
             - @ConditionalOnBooleanProperty (spring.aop.proxy-target-class=false) did not find property 'spring.aop.proxy-target-class' (OnPropertyCondition)

       AopAutoConfiguration.ClassProxyingConfiguration:
          Did not match:
             - @ConditionalOnMissingClass found unwanted class 'org.aspectj.weaver.Advice' (OnClassCondition)

       AppOpticsMetricsExportAutoConfiguration:
          Did not match:
             - @ConditionalOnClass did not find required class 'io.micrometer.appoptics.AppOpticsMeterRegistry' (OnClassCondition)

       AtlasMetricsExportAutoConfiguration:
          Did not match:
             - @ConditionalOnClass did not find required class 'io.micrometer.atlas.AtlasMeterRegistry' (OnClassCondition)

       AuditAutoConfiguration:
          Did not match:
             - @ConditionalOnBean (types: org.springframework.boot.actuate.audit.AuditEventRepository; SearchStrategy: all) did not find any beans of type org.springframework.boot.actuate.audit.AuditEventRepository (OnBeanCondition)
          Matched:
             - @ConditionalOnBooleanProperty (management.auditevents.enabled=true) matched (OnPropertyCondition)

       AuditEventsEndpointAutoConfiguration:
          Did not match:
             - @ConditionalOnAvailableEndpoint not exposed (OnAvailableEndpointCondition)

       AvailabilityHealthContributorAutoConfiguration#livenessStateHealthIndicator:
          Did not match:
             - @ConditionalOnBooleanProperty (management.health.livenessstate.enabled=true) did not find property 'management.health.livenessstate.enabled' (OnPropertyCondition)

       AvailabilityHealthContributorAutoConfiguration#readinessStateHealthIndicator:
          Did not match:
             - @ConditionalOnBooleanProperty (management.health.readinessstate.enabled=true) did not find property 'management.health.readinessstate.enabled' (OnPropertyCondition)

       BeansEndpointAutoConfiguration:
          Did not match:
             - @ConditionalOnAvailableEndpoint not exposed (OnAvailableEndpointCondition)

       BlockingLoadBalancerClientAutoConfiguration:
          Did not match:
             - @ConditionalOnProperty (spring.cloud.loadbalancer.enabled=true) found different value in property 'spring.cloud.loadbalancer.enabled' (OnPropertyCondition)

       BravePropagationConfigurations.PropagationWithoutBaggage:
          Did not match:
             - @ConditionalOnBooleanProperty (management.tracing.baggage.enabled=false) did not find property 'management.tracing.baggage.enabled' (OnPropertyCondition)

       BulkheadAutoConfiguration.BulkheadEndpointAutoConfiguration#bulkheadEndpoint:
          Did not match:
             - @ConditionalOnAvailableEndpoint not exposed (OnAvailableEndpointCondition)

       BulkheadAutoConfiguration.BulkheadEndpointAutoConfiguration#bulkheadEventsEndpoint:
          Did not match:
             - @ConditionalOnAvailableEndpoint not exposed (OnAvailableEndpointCondition)

       BulkheadMetricsAutoConfiguration#registerBulkheadMetrics:
          Did not match:
             - @ConditionalOnProperty (resilience4j.bulkhead.metrics.legacy.enabled=true) did not find property 'resilience4j.bulkhead.metrics.legacy.enabled' (OnPropertyCondition)

       BulkheadMetricsAutoConfiguration#taggedBulkheadMetricsPublisher:
          Did not match:
             - @ConditionalOnBean (types: io.micrometer.core.instrument.MeterRegistry; SearchStrategy: all) did not find any beans of type io.micrometer.core.instrument.MeterRegistry (OnBeanCondition)
          Matched:
             - @ConditionalOnProperty (resilience4j.bulkhead.metrics.legacy.enabled=false) matched (OnPropertyCondition)

       Cache2kCacheConfiguration:
          Did not match:
             - @ConditionalOnClass did not find required class 'org.cache2k.Cache2kBuilder' (OnClassCondition)

       CacheAutoConfiguration.CacheManagerEntityManagerFactoryDependsOnConfiguration:
          Did not match:
             - @ConditionalOnClass did not find required classes 'org.springframework.boot.jpa.autoconfigure.EntityManagerFactoryDependsOnPostProcessor', 'org.springframework.orm.jpa.LocalContainerEntityManagerFactoryBean' (OnClassCondition)

       CacheMeterBinderProvidersConfiguration.Cache2kCacheMeterBinderProviderConfiguration:
          Did not match:
             - @ConditionalOnClass did not find required classes 'org.cache2k.Cache2kBuilder', 'org.cache2k.extra.spring.SpringCache2kCache', 'org.cache2k.extra.micrometer.Cache2kCacheMetrics' (OnClassCondition)

       CacheMeterBinderProvidersConfiguration.CaffeineCacheMeterBinderProviderConfiguration:
          Did not match:
             - @ConditionalOnClass did not find required class 'com.github.benmanes.caffeine.cache.Cache' (OnClassCondition)

       CacheMeterBinderProvidersConfiguration.HazelcastCacheMeterBinderProviderConfiguration:
          Did not match:
             - @ConditionalOnClass did not find required classes 'com.hazelcast.spring.cache.HazelcastCache', 'com.hazelcast.core.Hazelcast' (OnClassCondition)

       CacheMeterBinderProvidersConfiguration.JCacheCacheMeterBinderProviderConfiguration:
          Did not match:
             - @ConditionalOnClass did not find required class 'javax.cache.CacheManager' (OnClassCondition)

       CacheMeterBinderProvidersConfiguration.RedisCacheMeterBinderProviderConfiguration:
          Did not match:
             - @ConditionalOnClass did not find required class 'org.springframework.data.redis.cache.RedisCache' (OnClassCondition)

       CachesEndpointAutoConfiguration:
          Did not match:
             - @ConditionalOnAvailableEndpoint not exposed (OnAvailableEndpointCondition)
          Matched:
             - @ConditionalOnClass found required classes 'org.springframework.cache.CacheManager', 'org.springframework.boot.actuate.autoconfigure.endpoint.condition.ConditionalOnAvailableEndpoint' (OnClassCondition)

       CaffeineCacheConfiguration:
          Did not match:
             - @ConditionalOnClass did not find required class 'com.github.benmanes.caffeine.cache.Caffeine' (OnClassCondition)

       CircuitBreakerAutoConfiguration.CircuitBreakerEndpointAutoConfiguration#circuitBreakerEndpoint:
          Did not match:
             - @ConditionalOnAvailableEndpoint not exposed (OnAvailableEndpointCondition)

       CircuitBreakerAutoConfiguration.CircuitBreakerEndpointAutoConfiguration#circuitBreakerEventsEndpoint:
          Did not match:
             - @ConditionalOnAvailableEndpoint not exposed (OnAvailableEndpointCondition)

       CircuitBreakerMetricsAutoConfiguration#registerCircuitBreakerMetrics:
          Did not match:
             - @ConditionalOnProperty (resilience4j.circuitbreaker.metrics.legacy.enabled=true) did not find property 'resilience4j.circuitbreaker.metrics.legacy.enabled' (OnPropertyCondition)

       CircuitBreakerMetricsAutoConfiguration#taggedCircuitBreakerMetricsPublisher:
          Did not match:
             - @ConditionalOnBean (types: io.micrometer.core.instrument.MeterRegistry; SearchStrategy: all) did not find any beans of type io.micrometer.core.instrument.MeterRegistry (OnBeanCondition)
          Matched:
             - @ConditionalOnProperty (resilience4j.circuitbreaker.metrics.legacy.enabled=false) matched (OnPropertyCondition)

       CircuitBreakerStreamEventsAutoConfiguration#circuitBreakerHystrixServerSideEventEndpoint:
          Did not match:
             - @ConditionalOnAvailableEndpoint not exposed (OnAvailableEndpointCondition)

       CircuitBreakerStreamEventsAutoConfiguration#circuitBreakerServerSideEventEndpoint:
          Did not match:
             - @ConditionalOnAvailableEndpoint not exposed (OnAvailableEndpointCondition)

       CircuitBreakersHealthIndicatorAutoConfiguration:
          Did not match:
             - @ConditionalOnClass did not find required class 'org.springframework.boot.actuate.health.HealthIndicator' (OnClassCondition)

       CloudHypermediaAutoConfiguration:
          Did not match:
             - @ConditionalOnClass did not find required class 'org.springframework.hateoas.Link' (OnClassCondition)

       CommonsClientAutoConfiguration.DiscoveryLoadBalancerConfiguration:
          Did not match:
             - @ConditionalOnClass did not find required class 'org.springframework.boot.actuate.health.HealthIndicator' (OnClassCondition)

       ConditionsReportEndpointAutoConfiguration:
          Did not match:
             - @ConditionalOnAvailableEndpoint not exposed (OnAvailableEndpointCondition)

       ConfigurationPropertiesReportEndpointAutoConfiguration:
          Did not match:
             - @ConditionalOnAvailableEndpoint not exposed (OnAvailableEndpointCondition)

       ConsulAutoConfiguration.RetryConfiguration:
          Did not match:
             - @ConditionalOnClass did not find required class 'org.springframework.retry.annotation.Retryable' (OnClassCondition)

       ConsulAutoServiceRegistrationAutoConfiguration.ConsulServletConfiguration:
          Did not match:
             - @ConditionalOnClass did not find required class 'jakarta.servlet.ServletContext' (OnClassCondition)

       ConsulCatalogWatchAutoConfiguration:
          Did not match:
             - @ConditionalOnProperty (spring.cloud.discovery.enabled) found different value in property 'spring.cloud.discovery.enabled' (OnPropertyCondition)

       ConsulConfigServerAutoConfiguration:
          Did not match:
             - @ConditionalOnClass did not find required class 'org.springframework.cloud.config.server.config.ConfigServerProperties' (OnClassCondition)

       ConsulDiscoveryClientConfiguration:
          Did not match:
             - @ConditionalOnProperty (spring.cloud.discovery.enabled) found different value in property 'spring.cloud.discovery.enabled' (OnPropertyCondition)

       ConsulHeartbeatAutoConfiguration:
          Did not match:
             - @ConditionalOnProperty (spring.cloud.consul.discovery.heartbeat.enabled) did not find property 'spring.cloud.consul.discovery.heartbeat.enabled'; @ConditionalOnProperty (spring.cloud.discovery.enabled) found different value in property 'spring.cloud.discovery.enabled' (OnPropertyCondition)

       ConsulReactiveDiscoveryClientConfiguration:
          Did not match:
             - @ConditionalOnProperty (spring.cloud.discovery.enabled) found different value in property 'spring.cloud.discovery.enabled' (OnPropertyCondition)
          Matched:
             - @ConditionalOnClass found required class 'org.springframework.web.reactive.function.client.WebClient' (OnClassCondition)

       ContextAwareScheduledThreadPoolAutoConfiguration:
          Did not match:
             - @ConditionalOnProperty (resilience4j.scheduled.executor.core-pool-size) did not find property 'resilience4j.scheduled.executor.core-pool-size' (OnPropertyCondition)

       CouchbaseCacheConfiguration:
          Did not match:
             - @ConditionalOnClass did not find required class 'com.couchbase.client.java.Cluster' (OnClassCondition)

       DatadogMetricsExportAutoConfiguration:
          Did not match:
             - @ConditionalOnClass did not find required class 'io.micrometer.datadog.DatadogMeterRegistry' (OnClassCondition)

       DynatraceMetricsExportAutoConfiguration:
          Did not match:
             - @ConditionalOnClass did not find required class 'io.micrometer.dynatrace.DynatraceMeterRegistry' (OnClassCondition)

       ElasticMetricsExportAutoConfiguration:
          Did not match:
             - @ConditionalOnClass did not find required class 'io.micrometer.elastic.ElasticMeterRegistry' (OnClassCondition)

       EnvironmentEndpointAutoConfiguration:
          Did not match:
             - @ConditionalOnAvailableEndpoint not exposed (OnAvailableEndpointCondition)

       GangliaMetricsExportAutoConfiguration:
          Did not match:
             - @ConditionalOnClass did not find required class 'io.micrometer.ganglia.GangliaMeterRegistry' (OnClassCondition)

       GatewayAutoConfiguration.Bucket4jConfiguration:
          Did not match:
             - @ConditionalOnClass did not find required class 'io.github.bucket4j.distributed.proxy.AsyncProxyManager' (OnClassCondition)

       GatewayAutoConfiguration.GatewayActuatorConfiguration:
          Did not match:
             - @ConditionalOnClass did not find required class 'org.springframework.boot.actuate.health.Health' (OnClassCondition)

       GatewayAutoConfiguration.TokenRelayConfiguration:
          Did not match:
             - @ConditionalOnClass did not find required class 'org.springframework.boot.autoconfigure.security.SecurityProperties' (OnClassCondition)

       GatewayClassPathWarningAutoConfiguration.NewModuleConfiguration:
          Did not match:
             - @ConditionalOnMissingClass found unwanted class 'org.springframework.cloud.gateway.server.webflux.Marker' (OnClassCondition)

       GatewayClassPathWarningAutoConfiguration.SpringMvcFoundOnClasspathConfiguration:
          Did not match:
             - @ConditionalOnClass did not find required class 'org.springframework.web.servlet.DispatcherServlet' (OnClassCondition)

       GatewayClassPathWarningAutoConfiguration.WebfluxMissingFromClasspathConfiguration:
          Did not match:
             - @ConditionalOnMissingClass found unwanted class 'org.springframework.web.reactive.DispatcherHandler' (OnClassCondition)

       GatewayFunctionAutoConfiguration:
          Did not match:
             - @ConditionalOnClass did not find required class 'org.springframework.cloud.function.context.FunctionCatalog' (OnClassCondition)

       GatewayMetricsAutoConfiguration:
          Did not match:
             - @ConditionalOnClass did not find required class 'org.springframework.boot.actuate.autoconfigure.metrics.MetricsAutoConfiguration' (OnClassCondition)

       GatewayNoLoadBalancerClientAutoConfiguration:
          Did not match:
             - @ConditionalOnMissingClass found unwanted class 'org.springframework.cloud.loadbalancer.core.ReactorLoadBalancer' (OnClassCondition)

       GatewayRedisAutoConfiguration:
          Did not match:
             - @ConditionalOnClass did not find required class 'org.springframework.data.redis.core.RedisTemplate' (OnClassCondition)

       GatewayStreamAutoConfiguration:
          Did not match:
             - @ConditionalOnClass did not find required class 'org.springframework.cloud.stream.function.StreamBridge' (OnClassCondition)

       GraphiteMetricsExportAutoConfiguration:
          Did not match:
             - @ConditionalOnClass did not find required class 'io.micrometer.graphite.GraphiteMeterRegistry' (OnClassCondition)

       HazelcastCacheConfiguration:
          Did not match:
             - @ConditionalOnClass did not find required class 'com.hazelcast.core.HazelcastInstance' (OnClassCondition)

       HealthEndpointWebExtensionConfiguration:
          Did not match:
             - not a servlet web application (OnWebApplicationCondition)

       HeapDumpWebEndpointAutoConfiguration:
          Did not match:
             - @ConditionalOnAvailableEndpoint the configured access for endpoint 'heapdump' is NONE (OnAvailableEndpointCondition)

       HttpExchangesEndpointAutoConfiguration:
          Did not match:
             - @ConditionalOnAvailableEndpoint not exposed (OnAvailableEndpointCondition)

       HumioMetricsExportAutoConfiguration:
          Did not match:
             - @ConditionalOnClass did not find required class 'io.micrometer.humio.HumioMeterRegistry' (OnClassCondition)

       InfinispanCacheConfiguration:
          Did not match:
             - @ConditionalOnClass did not find required class 'org.infinispan.spring.embedded.provider.SpringEmbeddedCacheManager' (OnClassCondition)

       InfluxMetricsExportAutoConfiguration:
          Did not match:
             - @ConditionalOnClass did not find required class 'io.micrometer.influx.InfluxMeterRegistry' (OnClassCondition)

       JCacheCacheConfiguration:
          Did not match:
             - @ConditionalOnClass did not find required class 'javax.cache.Caching' (OnClassCondition)

       JmxAutoConfiguration:
          Did not match:
             - @ConditionalOnBooleanProperty (spring.jmx.enabled=true) found different value in property 'spring.jmx.enabled' (OnPropertyCondition)
          Matched:
             - @ConditionalOnClass found required class 'org.springframework.jmx.export.MBeanExporter' (OnClassCondition)

       JmxEndpointAutoConfiguration:
          Did not match:
             - @ConditionalOnBooleanProperty (spring.jmx.enabled=true) found different value in property 'spring.jmx.enabled' (OnPropertyCondition)

       JmxMetricsExportAutoConfiguration:
          Did not match:
             - @ConditionalOnClass did not find required class 'io.micrometer.jmx.JmxMeterRegistry' (OnClassCondition)

       KairosMetricsExportAutoConfiguration:
          Did not match:
             - @ConditionalOnClass did not find required class 'io.micrometer.kairos.KairosMeterRegistry' (OnClassCondition)

       LoadBalancerAutoConfiguration:
          Did not match:
             - @ConditionalOnProperty (spring.cloud.loadbalancer.enabled=true) found different value in property 'spring.cloud.loadbalancer.enabled' (OnPropertyCondition)

       LoadBalancerAutoConfiguration.RetryAutoConfiguration:
          Did not match:
             - @ConditionalOnClass did not find required class 'org.springframework.retry.support.RetryTemplate' (OnClassCondition)

       LoadBalancerAutoConfiguration.RetryInterceptorAutoConfiguration:
          Did not match:
             - @ConditionalOnClass did not find required class 'org.springframework.retry.support.RetryTemplate' (OnClassCondition)

       LoadBalancerCacheAutoConfiguration:
          Did not match:
             - @ConditionalOnClass did not find required class 'org.springframework.boot.autoconfigure.cache.CacheAutoConfiguration' (OnClassCondition)

       LoadBalancerStatsAutoConfiguration:
          Did not match:
             - @ConditionalOnProperty (spring.cloud.loadbalancer.stats.micrometer.enabled=true) did not find property 'spring.cloud.loadbalancer.stats.micrometer.enabled' (OnPropertyCondition)
          Matched:
             - @ConditionalOnClass found required class 'io.micrometer.core.instrument.MeterRegistry' (OnClassCondition)

       LocalResponseCacheAutoConfiguration:
          Did not match:
             - @ConditionalOnClass did not find required class 'com.github.benmanes.caffeine.cache.Caffeine' (OnClassCondition)

       Log4J2MetricsAutoConfiguration:
          Did not match:
             - @ConditionalOnClass did not find required class 'org.apache.logging.log4j.core.LoggerContext' (OnClassCondition)

       LogFileWebEndpointAutoConfiguration:
          Did not match:
             - @ConditionalOnAvailableEndpoint not exposed (OnAvailableEndpointCondition)

       LoggersEndpointAutoConfiguration:
          Did not match:
             - @ConditionalOnAvailableEndpoint not exposed (OnAvailableEndpointCondition)

       ManagementContextAutoConfiguration.DifferentManagementContextConfiguration:
          Did not match:
             - Management Port actual port type (SAME) did not match required type (DIFFERENT) (OnManagementPortCondition)

       ManagementWebSecurityAutoConfiguration:
          Did not match:
             - not a servlet web application (OnWebApplicationCondition)
          Matched:
             - @ConditionalOnClass found required classes 'org.springframework.security.web.util.matcher.RequestMatcher', 'org.springframework.boot.actuate.autoconfigure.endpoint.web.WebEndpointAutoConfiguration' (OnClassCondition)

       MappingsEndpointAutoConfiguration:
          Did not match:
             - @ConditionalOnAvailableEndpoint not exposed (OnAvailableEndpointCondition)

       MessageSourceAutoConfiguration:
          Did not match:
             - ResourceBundle did not find bundle with basename messages (MessageSourceAutoConfiguration.ResourceBundleCondition)

       MetricsAspectsAutoConfiguration:
          Did not match:
             - @ConditionalOnBooleanProperty (management.observations.annotations.enabled=true) did not find property 'management.observations.annotations.enabled' (OnPropertyCondition)
          Matched:
             - @ConditionalOnClass found required classes 'io.micrometer.core.instrument.MeterRegistry', 'org.aspectj.weaver.Advice' (OnClassCondition)

       MetricsEndpointAutoConfiguration:
          Did not match:
             - @ConditionalOnAvailableEndpoint not exposed (OnAvailableEndpointCondition)
          Matched:
             - @ConditionalOnClass found required classes 'org.springframework.boot.actuate.autoconfigure.endpoint.condition.ConditionalOnAvailableEndpoint', 'io.micrometer.core.annotation.Timed' (OnClassCondition)

       MicrometerTracingAutoConfiguration.SpanAspectConfiguration:
          Did not match:
             - @ConditionalOnBooleanProperty (management.observations.annotations.enabled=true) did not find property 'management.observations.annotations.enabled' (OnPropertyCondition)
          Matched:
             - @ConditionalOnClass found required class 'org.aspectj.weaver.Advice' (OnClassCondition)

       MonitoringClientAutoConfiguration:
          Did not match:
             - @ConditionalOnClass did not find required class 'org.springframework.boot.actuate.autoconfigure.metrics.MetricsAutoConfiguration' (OnClassCondition)

       NettyReactiveManagementContextAutoConfiguration:
          Did not match:
             - Management Port actual port type (SAME) did not match required type (DIFFERENT) (OnManagementPortCondition)
          Matched:
             - @ConditionalOnClass found required classes 'reactor.netty.http.server.HttpServer', 'org.springframework.boot.actuate.autoconfigure.web.server.ManagementContextFactory' (OnClassCondition)
             - found ConfigurableReactiveWebEnvironment (OnWebApplicationCondition)

       NewRelicMetricsExportAutoConfiguration:
          Did not match:
             - @ConditionalOnClass did not find required class 'io.micrometer.newrelic.NewRelicMeterRegistry' (OnClassCondition)

       OAuth2ClientAutoConfiguration:
          Did not match:
             - NoneNestedConditions 1 matched 0 did not; NestedCondition on OAuth2ClientAutoConfiguration.NonReactiveWebApplicationCondition.ReactiveWebApplicationCondition found ConfigurableReactiveWebEnvironment (OAuth2ClientAutoConfiguration.NonReactiveWebApplicationCondition)
          Matched:
             - @ConditionalOnClass found required class 'org.springframework.security.oauth2.client.registration.ClientRegistration' (OnClassCondition)

       OAuth2ClientWebSecurityAutoConfiguration:
          Did not match:
             - not a servlet web application (OnWebApplicationCondition)
          Matched:
             - @ConditionalOnClass found required classes 'org.springframework.security.config.annotation.web.configuration.EnableWebSecurity', 'org.springframework.security.oauth2.client.web.OAuth2AuthorizedClientRepository' (OnClassCondition)

       OAuth2LoadBalancerClientAutoConfiguration:
          Did not match:
             - @ConditionalOnProperty (spring.cloud.oauth2.load-balanced.enabled) did not find property 'spring.cloud.oauth2.load-balanced.enabled' (OnPropertyCondition)

       OAuth2ResourceServerAutoConfiguration:
          Did not match:
             - not a servlet web application (OnWebApplicationCondition)
          Matched:
             - @ConditionalOnClass found required class 'org.springframework.security.oauth2.server.resource.authentication.BearerTokenAuthenticationToken' (OnClassCondition)

       ObservationAutoConfiguration.ObservedAspectConfiguration:
          Did not match:
             - @ConditionalOnBooleanProperty (management.observations.annotations.enabled=true) did not find property 'management.observations.annotations.enabled' (OnPropertyCondition)
          Matched:
             - @ConditionalOnClass found required class 'org.aspectj.weaver.Advice' (OnClassCondition)

       OpenTelemetryTracingAutoConfiguration:
          Did not match:
             - @ConditionalOnClass did not find required class 'io.micrometer.tracing.otel.bridge.OtelTracer' (OnClassCondition)

       OtlpMetricsExportAutoConfiguration:
          Did not match:
             - @ConditionalOnClass did not find required class 'io.micrometer.registry.otlp.OtlpMeterRegistry' (OnClassCondition)

       OtlpTracingAutoConfiguration:
          Did not match:
             - @ConditionalOnClass did not find required class 'io.micrometer.tracing.otel.bridge.OtelTracer' (OnClassCondition)

       PrometheusMetricsExportAutoConfiguration:
          Did not match:
             - @ConditionalOnEnabledMetricsExport management.defaults.metrics.export.enabled is considered false (OnMetricsExportEnabledCondition)
          Matched:
             - @ConditionalOnClass found required class 'io.micrometer.prometheusmetrics.PrometheusMeterRegistry' (OnClassCondition)

       RSocketSecurityAutoConfiguration:
          Did not match:
             - @ConditionalOnClass did not find required class 'org.springframework.boot.rsocket.server.RSocketServerCustomizer' (OnClassCondition)

       RateLimiterAutoConfiguration.RateLimiterEndpointAutoConfiguration#rateLimiterEndpoint:
          Did not match:
             - @ConditionalOnAvailableEndpoint not exposed (OnAvailableEndpointCondition)

       RateLimiterAutoConfiguration.RateLimiterEndpointAutoConfiguration#rateLimiterEventsEndpoint:
          Did not match:
             - @ConditionalOnAvailableEndpoint not exposed (OnAvailableEndpointCondition)

       RateLimiterMetricsAutoConfiguration#registerRateLimiterMetrics:
          Did not match:
             - @ConditionalOnProperty (resilience4j.ratelimiter.metrics.legacy.enabled=true) did not find property 'resilience4j.ratelimiter.metrics.legacy.enabled' (OnPropertyCondition)

       RateLimiterMetricsAutoConfiguration#taggedRateLimiterMetricsPublisher:
          Did not match:
             - @ConditionalOnBean (types: io.micrometer.core.instrument.MeterRegistry; SearchStrategy: all) did not find any beans of type io.micrometer.core.instrument.MeterRegistry (OnBeanCondition)
          Matched:
             - @ConditionalOnProperty (resilience4j.ratelimiter.metrics.legacy.enabled=false) matched (OnPropertyCondition)

       RateLimitersHealthIndicatorAutoConfiguration:
          Did not match:
             - @ConditionalOnClass did not find required class 'org.springframework.boot.actuate.health.HealthIndicator' (OnClassCondition)

       ReactiveCommonsClientAutoConfiguration.ReactiveDiscoveryLoadBalancerConfiguration:
          Did not match:
             - @ConditionalOnClass did not find required class 'org.springframework.boot.actuate.health.ReactiveHealthIndicator' (OnClassCondition)

       ReactiveCompositeDiscoveryClientAutoConfiguration:
          Did not match:
             - @ConditionalOnProperty (spring.cloud.discovery.enabled) found different value in property 'spring.cloud.discovery.enabled' (OnPropertyCondition)
          Matched:
             - @ConditionalOnClass found required class 'org.springframework.web.reactive.function.client.WebClient' (OnClassCondition)

       ReactiveOAuth2ClientConfigurations.ReactiveClientRegistrationRepositoryConfiguration:
          Did not match:
             - OAuth2 Clients Configured Condition registered clients is not available (ClientsConfiguredCondition)

       RedisCacheConfiguration:
          Did not match:
             - @ConditionalOnClass did not find required class 'org.springframework.data.redis.connection.RedisConnectionFactory' (OnClassCondition)

       RefreshEndpointAutoConfiguration:
          Did not match:
             - @ConditionalOnClass did not find required class 'org.springframework.boot.actuate.health.Health' (OnClassCondition)

       ResourceServerTokenRelayAutoConfiguration:
          Did not match:
             - @ConditionalOnClass did not find required class 'org.springframework.web.servlet.config.annotation.WebMvcConfigurer' (OnClassCondition)

       RetryAutoConfiguration.RetryAutoEndpointConfiguration#retryEndpoint:
          Did not match:
             - @ConditionalOnAvailableEndpoint not exposed (OnAvailableEndpointCondition)

       RetryAutoConfiguration.RetryAutoEndpointConfiguration#retryEventsEndpoint:
          Did not match:
             - @ConditionalOnAvailableEndpoint not exposed (OnAvailableEndpointCondition)

       RetryMetricsAutoConfiguration#registerRetryMetrics:
          Did not match:
             - @ConditionalOnProperty (resilience4j.retry.metrics.legacy.enabled=true) did not find property 'resilience4j.retry.metrics.legacy.enabled' (OnPropertyCondition)

       RetryMetricsAutoConfiguration#taggedRetryMetricsPublisher:
          Did not match:
             - @ConditionalOnBean (types: io.micrometer.core.instrument.MeterRegistry; SearchStrategy: all) did not find any beans of type io.micrometer.core.instrument.MeterRegistry (OnBeanCondition)
          Matched:
             - @ConditionalOnProperty (resilience4j.retry.metrics.legacy.enabled=false) matched (OnPropertyCondition)

       SbomEndpointAutoConfiguration:
          Did not match:
             - @ConditionalOnAvailableEndpoint not exposed (OnAvailableEndpointCondition)

       ScheduledTasksEndpointAutoConfiguration:
          Did not match:
             - @ConditionalOnAvailableEndpoint not exposed (OnAvailableEndpointCondition)

       SecurityDataConfiguration:
          Did not match:
             - @ConditionalOnClass did not find required class 'org.springframework.security.data.repository.query.SecurityEvaluationContextExtension' (OnClassCondition)

       SecurityFilterAutoConfiguration:
          Did not match:
             - not a servlet web application (OnWebApplicationCondition)
          Matched:
             - @ConditionalOnClass found required classes 'org.springframework.security.web.context.AbstractSecurityWebApplicationInitializer', 'org.springframework.security.config.http.SessionCreationPolicy' (OnClassCondition)

       SecurityRequestMatchersManagementContextConfiguration:
          Did not match:
             - not a servlet web application (OnWebApplicationCondition)
          Matched:
             - @ConditionalOnClass found required class 'org.springframework.security.web.util.matcher.RequestMatcher' (OnClassCondition)

       ShutdownEndpointAutoConfiguration:
          Did not match:
             - @ConditionalOnAvailableEndpoint the configured access for endpoint 'shutdown' is NONE (OnAvailableEndpointCondition)

       SimpleReactiveDiscoveryClientAutoConfiguration:
          Did not match:
             - @ConditionalOnProperty (spring.cloud.discovery.enabled) found different value in property 'spring.cloud.discovery.enabled' (OnPropertyCondition)
          Matched:
             - @ConditionalOnClass found required class 'org.springframework.web.reactive.function.client.WebClient' (OnClassCondition)

       SimpleUrlHandlerMappingGlobalCorsAutoConfiguration:
          Did not match:
             - @ConditionalOnProperty (spring.cloud.gateway.globalcors.add-to-simple-url-handler-mapping) did not find property 'spring.cloud.gateway.globalcors.add-to-simple-url-handler-mapping' (OnPropertyCondition)
          Matched:
             - @ConditionalOnClass found required class 'org.springframework.web.reactive.handler.SimpleUrlHandlerMapping' (OnClassCondition)

       SpringApplicationAdminJmxAutoConfiguration:
          Did not match:
             - @ConditionalOnBooleanProperty (spring.application.admin.enabled=true) did not find property 'spring.application.admin.enabled' (OnPropertyCondition)

       SpringBootWebSecurityConfiguration:
          Did not match:
             - not a servlet web application (OnWebApplicationCondition)

       StackdriverMetricsExportAutoConfiguration:
          Did not match:
             - @ConditionalOnClass did not find required class 'io.micrometer.stackdriver.StackdriverMeterRegistry' (OnClassCondition)

       StartupEndpointAutoConfiguration:
          Did not match:
             - ApplicationStartup configured applicationStartup is of type class org.springframework.core.metrics.DefaultApplicationStartup, expected BufferingApplicationStartup. (StartupEndpointAutoConfiguration.ApplicationStartupCondition)

       StatsdMetricsExportAutoConfiguration:
          Did not match:
             - @ConditionalOnClass did not find required class 'io.micrometer.statsd.StatsdMeterRegistry' (OnClassCondition)

       ThreadDumpEndpointAutoConfiguration:
          Did not match:
             - @ConditionalOnAvailableEndpoint not exposed (OnAvailableEndpointCondition)

       ThreadPoolBulkheadMetricsAutoConfiguration#registerThreadPoolBulkheadMetrics:
          Did not match:
             - @ConditionalOnProperty (resilience4j.thread-pool-bulkhead.metrics.legacy.enabled=true) did not find property 'resilience4j.thread-pool-bulkhead.metrics.legacy.enabled' (OnPropertyCondition)

       ThreadPoolBulkheadMetricsAutoConfiguration#taggedThreadPoolBulkheadMetricsPublisher:
          Did not match:
             - @ConditionalOnBean (types: io.micrometer.core.instrument.MeterRegistry; SearchStrategy: all) did not find any beans of type io.micrometer.core.instrument.MeterRegistry (OnBeanCondition)
          Matched:
             - @ConditionalOnProperty (resilience4j.thread-pool-bulkhead.metrics.legacy.enabled=false) matched (OnPropertyCondition)

       TimeLimiterAutoConfiguration.TimeLimiterAutoEndpointConfiguration#timeLimiterEndpoint:
          Did not match:
             - @ConditionalOnAvailableEndpoint not exposed (OnAvailableEndpointCondition)

       TimeLimiterAutoConfiguration.TimeLimiterAutoEndpointConfiguration#timeLimiterEventsEndpoint:
          Did not match:
             - @ConditionalOnAvailableEndpoint not exposed (OnAvailableEndpointCondition)

       TimeLimiterMetricsAutoConfiguration#registerTimeLimiterMetrics:
          Did not match:
             - @ConditionalOnProperty (resilience4j.timelimiter.metrics.legacy.enabled=true) did not find property 'resilience4j.timelimiter.metrics.legacy.enabled' (OnPropertyCondition)

       TimeLimiterMetricsAutoConfiguration#taggedTimeLimiterMetricsPublisher:
          Did not match:
             - @ConditionalOnBean (types: io.micrometer.core.instrument.MeterRegistry; SearchStrategy: all) did not find any beans of type io.micrometer.core.instrument.MeterRegistry (OnBeanCondition)
          Matched:
             - @ConditionalOnProperty (resilience4j.timelimiter.metrics.legacy.enabled=false) matched (OnPropertyCondition)

       TimerAutoConfiguration.TimerAutoEndpointConfiguration#timerEndpoint:
          Did not match:
             - @ConditionalOnAvailableEndpoint not exposed (OnAvailableEndpointCondition)

       TimerAutoConfiguration.TimerAutoEndpointConfiguration#timerEventsEndpoint:
          Did not match:
             - @ConditionalOnAvailableEndpoint not exposed (OnAvailableEndpointCondition)

       UserDetailsServiceAutoConfiguration:
          Did not match:
             - not a servlet web application (OnWebApplicationCondition)
          Matched:
             - @ConditionalOnClass found required class 'org.springframework.security.authentication.AuthenticationManager' (OnClassCondition)

       WebEndpointAutoConfiguration.WebEndpointServletConfiguration:
          Did not match:
             - not a servlet web application (OnWebApplicationCondition)

       WebFluxAutoConfiguration#hiddenHttpMethodFilter:
          Did not match:
             - @ConditionalOnBooleanProperty (spring.webflux.hiddenmethod.filter.enabled=true) found different value in property 'spring.webflux.hiddenmethod.filter.enabled' (OnPropertyCondition)

       WebFluxAutoConfiguration.ProblemDetailsErrorHandlingConfiguration:
          Did not match:
             - @ConditionalOnBooleanProperty (spring.webflux.problemdetails.enabled=true) did not find property 'spring.webflux.problemdetails.enabled' (OnPropertyCondition)

       WebFluxAutoConfiguration.ResourceChainCustomizerConfiguration:
          Did not match:
             - @ConditionalOnEnabledResourceChain did not find class org.webjars.WebJarVersionLocator (OnEnabledResourceChainCondition)

       WebFluxMappingsAutoConfiguration:
          Did not match:
             - @ConditionalOnAvailableEndpoint not exposed (OnAvailableEndpointCondition)
          Matched:
             - @ConditionalOnClass found required classes 'org.springframework.boot.actuate.autoconfigure.endpoint.condition.ConditionalOnAvailableEndpoint', 'org.springframework.web.reactive.DispatcherHandler', 'org.springframework.boot.actuate.web.mappings.MappingsEndpoint' (OnClassCondition)
             - found ConfigurableReactiveWebEnvironment (OnWebApplicationCondition)

       WebTestClientSecurityConfiguration:
          Did not match:
             - @ConditionalOnClass did not find required class 'org.springframework.security.test.web.reactive.server.SecurityMockServerConfigurers' (OnClassCondition)

       WritableEnvironmentEndpointAutoConfiguration:
          Did not match:
             - @ConditionalOnProperty (management.endpoint.env.post.enabled) did not find property 'management.endpoint.env.post.enabled' (OnPropertyCondition)
          Matched:
             - @ConditionalOnClass found required classes 'org.springframework.boot.actuate.env.EnvironmentEndpoint', 'org.springframework.boot.actuate.autoconfigure.env.EnvironmentEndpointProperties' (OnClassCondition)

       ZipkinTracingAutoConfiguration.OpenTelemetryConfiguration:
          Did not match:
             - @ConditionalOnClass did not find required classes 'io.opentelemetry.exporter.zipkin.ZipkinSpanExporter', 'zipkin2.Span' (OnClassCondition)


    Exclusions:
    -----------

        None


    Unconditional classes:
    ----------------------

        org.springframework.cloud.client.ReactiveCommonsClientAutoConfiguration

        org.springframework.boot.actuate.autoconfigure.info.InfoContributorAutoConfiguration

        org.springframework.cloud.client.discovery.simple.SimpleDiscoveryClientAutoConfiguration

        org.springframework.boot.autoconfigure.context.PropertyPlaceholderAutoConfiguration

        org.springframework.boot.autoconfigure.context.LifecycleAutoConfiguration

        org.springframework.cloud.client.loadbalancer.LoadBalancerAutoConfiguration

        org.springframework.boot.health.autoconfigure.contributor.HealthContributorAutoConfiguration

        org.springframework.cloud.consul.serviceregistry.ConsulServiceRegistryAutoConfiguration

        org.springframework.cloud.client.serviceregistry.ServiceRegistryAutoConfiguration

        org.springframework.cloud.autoconfigure.LifecycleMvcEndpointAutoConfiguration

        org.springframework.cloud.autoconfigure.ConfigurationPropertiesRebinderAutoConfiguration

        org.springframework.boot.health.autoconfigure.registry.HealthContributorRegistryAutoConfiguration

        org.springframework.boot.autoconfigure.context.ConfigurationPropertiesAutoConfiguration

        org.springframework.boot.autoconfigure.ssl.SslAutoConfiguration

        org.springframework.cloud.consul.serviceregistry.ConsulAutoServiceRegistrationAutoConfiguration

        org.springframework.cloud.client.CommonsClientAutoConfiguration

        org.springframework.boot.micrometer.tracing.autoconfigure.MicrometerTracingAutoConfiguration

        org.springframework.boot.actuate.autoconfigure.endpoint.EndpointAutoConfiguration

        org.springframework.cloud.commons.config.CommonsConfigAutoConfiguration

        org.springframework.boot.actuate.autoconfigure.web.server.ManagementContextAutoConfiguration

        org.springframework.cloud.client.loadbalancer.LoadBalancerDefaultMappingsProviderAutoConfiguration

        org.springframework.cloud.consul.ConsulAutoConfiguration

        org.springframework.cloud.client.discovery.composite.CompositeDiscoveryClientAutoConfiguration

        org.springframework.boot.actuate.autoconfigure.endpoint.jackson.JacksonEndpointAutoConfiguration

        org.springframework.boot.autoconfigure.availability.ApplicationAvailabilityAutoConfiguration

        org.springframework.boot.autoconfigure.info.ProjectInfoAutoConfiguration




GatewaySecurityTests STANDARD_OUT
    15:52:44.373 [Test worker] ERROR o.s.boot.SpringApplication - Application run failed
    java.lang.IllegalArgumentException: Could not find class [org.springframework.boot.autoconfigure.web.servlet.WebMvcAutoConfiguration]
    	at org.springframework.util.ClassUtils.resolveClassName(ClassUtils.java:353)
    	at org.springframework.core.annotation.TypeMappedAnnotation.adapt(TypeMappedAnnotation.java:451)
    	at org.springframework.core.annotation.TypeMappedAnnotation.getValue(TypeMappedAnnotation.java:384)
    	at org.springframework.core.annotation.TypeMappedAnnotation.asMap(TypeMappedAnnotation.java:273)
    	at org.springframework.core.annotation.AbstractMergedAnnotation.asAnnotationAttributes(AbstractMergedAnnotation.java:191)
    	at org.springframework.context.annotation.AnnotationBeanNameGenerator.determineBeanNameFromAnnotation(AnnotationBeanNameGenerator.java:143)
    	at org.springframework.context.annotation.AnnotationBeanNameGenerator.generateBeanName(AnnotationBeanNameGenerator.java:110)
    	at org.springframework.context.annotation.ConfigurationClassBeanDefinitionReader.registerBeanDefinitionForImportedConfigurationClass(ConfigurationClassBeanDefinitionReader.java:164)
    	at org.springframework.context.annotation.ConfigurationClassBeanDefinitionReader.loadBeanDefinitionsForConfigurationClass(ConfigurationClassBeanDefinitionReader.java:144)
    	at org.springframework.context.annotation.ConfigurationClassBeanDefinitionReader.loadBeanDefinitions(ConfigurationClassBeanDefinitionReader.java:123)
    	at org.springframework.context.annotation.ConfigurationClassPostProcessor.processConfigBeanDefinitions(ConfigurationClassPostProcessor.java:454)
    	at org.springframework.context.annotation.ConfigurationClassPostProcessor.postProcessBeanDefinitionRegistry(ConfigurationClassPostProcessor.java:306)
    	at org.springframework.context.support.PostProcessorRegistrationDelegate.invokeBeanDefinitionRegistryPostProcessors(PostProcessorRegistrationDelegate.java:349)
    	at org.springframework.context.support.PostProcessorRegistrationDelegate.invokeBeanFactoryPostProcessors(PostProcessorRegistrationDelegate.java:118)
    	at org.springframework.context.support.AbstractApplicationContext.invokeBeanFactoryPostProcessors(AbstractApplicationContext.java:783)
    	at org.springframework.context.support.AbstractApplicationContext.refresh(AbstractApplicationContext.java:601)
    	at org.springframework.boot.web.server.reactive.context.ReactiveWebServerApplicationContext.refresh(ReactiveWebServerApplicationContext.java:69)
    	at org.springframework.boot.SpringApplication.refresh(SpringApplication.java:748)
    	at org.springframework.boot.SpringApplication.refreshContext(SpringApplication.java:437)
    	at org.springframework.boot.SpringApplication.run(SpringApplication.java:316)
    	at org.springframework.boot.test.context.SpringBootContextLoader.lambda$loadContext$2(SpringBootContextLoader.java:148)
    	at org.springframework.util.function.ThrowingSupplier.get(ThrowingSupplier.java:58)
    	at org.springframework.util.function.ThrowingSupplier.get(ThrowingSupplier.java:46)
    	at org.springframework.boot.SpringApplication.withHook(SpringApplication.java:1457)
    	at org.springframework.boot.test.context.SpringBootContextLoader$ContextLoaderHook.run(SpringBootContextLoader.java:571)
    	at org.springframework.boot.test.context.SpringBootContextLoader.loadContext(SpringBootContextLoader.java:148)
    	at org.springframework.boot.test.context.SpringBootContextLoader.loadContext(SpringBootContextLoader.java:114)
    	at org.springframework.test.context.cache.DefaultCacheAwareContextLoaderDelegate.loadContextInternal(DefaultCacheAwareContextLoaderDelegate.java:246)
    	at org.springframework.test.context.cache.DefaultCacheAwareContextLoaderDelegate.loadContext(DefaultCacheAwareContextLoaderDelegate.java:157)
    	at org.springframework.test.context.support.DefaultTestContext.getApplicationContext(DefaultTestContext.java:128)
    	at org.springframework.test.context.support.DependencyInjectionTestExecutionListener.injectDependencies(DependencyInjectionTestExecutionListener.java:155)
    	at org.springframework.test.context.support.DependencyInjectionTestExecutionListener.prepareTestInstance(DependencyInjectionTestExecutionListener.java:111)
    	at org.springframework.test.context.TestContextManager.prepareTestInstance(TestContextManager.java:260)
    	at org.springframework.test.context.junit.jupiter.SpringExtension.postProcessTestInstance(SpringExtension.java:159)
    	at org.junit.jupiter.engine.descriptor.ClassBasedTestDescriptor.lambda$invokeTestInstancePostProcessors$10(ClassBasedTestDescriptor.java:383)
    	at org.junit.jupiter.engine.descriptor.ClassBasedTestDescriptor.executeAndMaskThrowable(ClassBasedTestDescriptor.java:388)
    	at org.junit.jupiter.engine.descriptor.ClassBasedTestDescriptor.lambda$invokeTestInstancePostProcessors$11(ClassBasedTestDescriptor.java:382)
    	at java.base/java.util.stream.ForEachOps$ForEachOp$OfRef.accept(ForEachOps.java:186)
    	at java.base/java.util.stream.ReferencePipeline$3$1.accept(ReferencePipeline.java:214)
    	at java.base/java.util.stream.ReferencePipeline$2$1.accept(ReferencePipeline.java:197)
    	at java.base/java.util.stream.ReferencePipeline$3$1.accept(ReferencePipeline.java:214)
    	at java.base/java.util.ArrayList$ArrayListSpliterator.forEachRemaining(ArrayList.java:1716)
    	at java.base/java.util.stream.AbstractPipeline.copyInto(AbstractPipeline.java:570)
    	at java.base/java.util.stream.AbstractPipeline.wrapAndCopyInto(AbstractPipeline.java:560)
    	at java.base/java.util.stream.ForEachOps$ForEachOp.evaluateSequential(ForEachOps.java:153)
    	at java.base/java.util.stream.ForEachOps$ForEachOp$OfRef.evaluateSequential(ForEachOps.java:176)
    	at java.base/java.util.stream.AbstractPipeline.evaluate(AbstractPipeline.java:265)
    	at java.base/java.util.stream.ReferencePipeline.forEach(ReferencePipeline.java:632)
    	at org.junit.jupiter.engine.descriptor.ClassBasedTestDescriptor.invokeTestInstancePostProcessors(ClassBasedTestDescriptor.java:382)
    	at org.junit.jupiter.engine.descriptor.ClassBasedTestDescriptor.lambda$instantiateAndPostProcessTestInstance$6(ClassBasedTestDescriptor.java:293)
    	at org.junit.platform.engine.support.hierarchical.ThrowableCollector.execute(ThrowableCollector.java:73)
    	at org.junit.jupiter.engine.descriptor.ClassBasedTestDescriptor.instantiateAndPostProcessTestInstance(ClassBasedTestDescriptor.java:292)
    	at org.junit.jupiter.engine.descriptor.ClassBasedTestDescriptor.lambda$testInstancesProvider$4(ClassBasedTestDescriptor.java:281)
    	at java.base/java.util.Optional.orElseGet(Optional.java:364)
    	at org.junit.jupiter.engine.descriptor.ClassBasedTestDescriptor.lambda$testInstancesProvider$5(ClassBasedTestDescriptor.java:280)
    	at org.junit.jupiter.engine.execution.TestInstancesProvider.getTestInstances(TestInstancesProvider.java:27)
    	at org.junit.jupiter.engine.descriptor.TestMethodTestDescriptor.lambda$prepare$0(TestMethodTestDescriptor.java:112)
    	at org.junit.platform.engine.support.hierarchical.ThrowableCollector.execute(ThrowableCollector.java:73)
    	at org.junit.jupiter.engine.descriptor.TestMethodTestDescriptor.prepare(TestMethodTestDescriptor.java:111)
    	at org.junit.jupiter.engine.descriptor.TestMethodTestDescriptor.prepare(TestMethodTestDescriptor.java:69)
    	at org.junit.platform.engine.support.hierarchical.NodeTestTask.lambda$prepare$2(NodeTestTask.java:129)
    	at org.junit.platform.engine.support.hierarchical.ThrowableCollector.execute(ThrowableCollector.java:73)
    	at org.junit.platform.engine.support.hierarchical.NodeTestTask.prepare(NodeTestTask.java:129)
    	at org.junit.platform.engine.support.hierarchical.NodeTestTask.execute(NodeTestTask.java:96)
    	at java.base/java.util.ArrayList.forEach(ArrayList.java:1604)
    	at org.junit.platform.engine.support.hierarchical.SameThreadHierarchicalTestExecutorService.invokeAll(SameThreadHierarchicalTestExecutorService.java:41)
    	at org.junit.platform.engine.support.hierarchical.NodeTestTask.lambda$executeRecursively$6(NodeTestTask.java:161)
    	at org.junit.platform.engine.support.hierarchical.ThrowableCollector.execute(ThrowableCollector.java:73)
    	at org.junit.platform.engine.support.hierarchical.NodeTestTask.lambda$executeRecursively$8(NodeTestTask.java:147)
    	at org.junit.platform.engine.support.hierarchical.Node.around(Node.java:137)
    	at org.junit.platform.engine.support.hierarchical.NodeTestTask.lambda$executeRecursively$9(NodeTestTask.java:145)
    	at org.junit.platform.engine.support.hierarchical.ThrowableCollector.execute(ThrowableCollector.java:73)
    	at org.junit.platform.engine.support.hierarchical.NodeTestTask.executeRecursively(NodeTestTask.java:144)
    	at org.junit.platform.engine.support.hierarchical.NodeTestTask.execute(NodeTestTask.java:101)
    	at java.base/java.util.ArrayList.forEach(ArrayList.java:1604)
    	at org.junit.platform.engine.support.hierarchical.SameThreadHierarchicalTestExecutorService.invokeAll(SameThreadHierarchicalTestExecutorService.java:41)
    	at org.junit.platform.engine.support.hierarchical.NodeTestTask.lambda$executeRecursively$6(NodeTestTask.java:161)
    	at org.junit.platform.engine.support.hierarchical.ThrowableCollector.execute(ThrowableCollector.java:73)
    	at org.junit.platform.engine.support.hierarchical.NodeTestTask.lambda$executeRecursively$8(NodeTestTask.java:147)
    	at org.junit.platform.engine.support.hierarchical.Node.around(Node.java:137)
    	at org.junit.platform.engine.support.hierarchical.NodeTestTask.lambda$executeRecursively$9(NodeTestTask.java:145)
    	at org.junit.platform.engine.support.hierarchical.ThrowableCollector.execute(ThrowableCollector.java:73)
    	at org.junit.platform.engine.support.hierarchical.NodeTestTask.executeRecursively(NodeTestTask.java:144)
    	at org.junit.platform.engine.support.hierarchical.NodeTestTask.execute(NodeTestTask.java:101)
    	at org.junit.platform.engine.support.hierarchical.SameThreadHierarchicalTestExecutorService.submit(SameThreadHierarchicalTestExecutorService.java:35)
    	at org.junit.platform.engine.support.hierarchical.HierarchicalTestExecutor.execute(HierarchicalTestExecutor.java:57)
    	at org.junit.platform.engine.support.hierarchical.HierarchicalTestEngine.execute(HierarchicalTestEngine.java:54)
    	at org.junit.platform.launcher.core.EngineExecutionOrchestrator.executeEngine(EngineExecutionOrchestrator.java:230)
    	at org.junit.platform.launcher.core.EngineExecutionOrchestrator.failOrExecuteEngine(EngineExecutionOrchestrator.java:204)
    	at org.junit.platform.launcher.core.EngineExecutionOrchestrator.execute(EngineExecutionOrchestrator.java:172)
    	at org.junit.platform.launcher.core.EngineExecutionOrchestrator.execute(EngineExecutionOrchestrator.java:101)
    	at org.junit.platform.launcher.core.EngineExecutionOrchestrator.lambda$execute$0(EngineExecutionOrchestrator.java:64)
    	at org.junit.platform.launcher.core.EngineExecutionOrchestrator.withInterceptedStreams(EngineExecutionOrchestrator.java:150)
    	at org.junit.platform.launcher.core.EngineExecutionOrchestrator.execute(EngineExecutionOrchestrator.java:63)
    	at org.junit.platform.launcher.core.DefaultLauncher.execute(DefaultLauncher.java:109)
    	at org.junit.platform.launcher.core.DefaultLauncher.execute(DefaultLauncher.java:91)
    	at org.junit.platform.launcher.core.DelegatingLauncher.execute(DelegatingLauncher.java:47)
    	at org.junit.platform.launcher.core.InterceptingLauncher.lambda$execute$1(InterceptingLauncher.java:39)
    	at org.junit.platform.launcher.core.ClasspathAlignmentCheckingLauncherInterceptor.intercept(ClasspathAlignmentCheckingLauncherInterceptor.java:25)
    	at org.junit.platform.launcher.core.InterceptingLauncher.execute(InterceptingLauncher.java:38)
    	at org.junit.platform.launcher.core.DelegatingLauncher.execute(DelegatingLauncher.java:47)
    	at org.gradle.api.internal.tasks.testing.junitplatform.JUnitPlatformTestClassProcessor$CollectAllTestClassesExecutor.processAllTestClasses(JUnitPlatformTestClassProcessor.java:135)
    	at org.gradle.api.internal.tasks.testing.junitplatform.JUnitPlatformTestClassProcessor$CollectAllTestClassesExecutor.access$000(JUnitPlatformTestClassProcessor.java:110)
    	at org.gradle.api.internal.tasks.testing.junitplatform.JUnitPlatformTestClassProcessor.stop(JUnitPlatformTestClassProcessor.java:104)
    	at org.gradle.api.internal.tasks.testing.SuiteTestClassProcessor.stop(SuiteTestClassProcessor.java:64)
    	at java.base/jdk.internal.reflect.DirectMethodHandleAccessor.invoke(DirectMethodHandleAccessor.java:104)
    	at java.base/java.lang.reflect.Method.invoke(Method.java:565)
    	at org.gradle.internal.dispatch.ReflectionDispatch.dispatch(ReflectionDispatch.java:36)
    	at org.gradle.internal.dispatch.ReflectionDispatch.dispatch(ReflectionDispatch.java:24)
    	at org.gradle.internal.dispatch.ContextClassLoaderDispatch.dispatch(ContextClassLoaderDispatch.java:33)
    	at org.gradle.internal.dispatch.ProxyDispatchAdapter$DispatchingInvocationHandler.invoke(ProxyDispatchAdapter.java:92)
    	at jdk.proxy1/jdk.proxy1.$Proxy4.stop(Unknown Source)
    	at org.gradle.api.internal.tasks.testing.worker.TestWorker$3.run(TestWorker.java:200)
    	at org.gradle.api.internal.tasks.testing.worker.TestWorker.executeAndMaintainThreadName(TestWorker.java:132)
    	at org.gradle.api.internal.tasks.testing.worker.TestWorker.execute(TestWorker.java:103)
    	at org.gradle.api.internal.tasks.testing.worker.TestWorker.execute(TestWorker.java:63)
    	at org.gradle.process.internal.worker.child.ActionExecutionWorker.execute(ActionExecutionWorker.java:56)
    	at org.gradle.process.internal.worker.child.SystemApplicationClassLoaderWorker.call(SystemApplicationClassLoaderWorker.java:122)
    	at org.gradle.process.internal.worker.child.SystemApplicationClassLoaderWorker.call(SystemApplicationClassLoaderWorker.java:72)
    	at worker.org.gradle.process.internal.worker.GradleWorkerMain.run(GradleWorkerMain.java:69)
    	at worker.org.gradle.process.internal.worker.GradleWorkerMain.main(GradleWorkerMain.java:74)
    Caused by: java.lang.ClassNotFoundException: org.springframework.boot.autoconfigure.web.servlet.WebMvcAutoConfiguration
    	at java.base/jdk.internal.loader.BuiltinClassLoader.loadClass(BuiltinClassLoader.java:580)
    	at java.base/java.lang.ClassLoader.loadClass(ClassLoader.java:490)
    	at java.base/java.lang.Class.forName0(Native Method)
    	at java.base/java.lang.Class.forName(Class.java:547)
    	at org.springframework.util.ClassUtils.forName(ClassUtils.java:302)
    	at org.springframework.util.ClassUtils.resolveClassName(ClassUtils.java:343)
    	... 120 common frames omitted
    15:52:44.379 [Test worker] WARN  o.s.test.context.TestContextManager - Caught exception while allowing TestExecutionListener [org.springframework.test.context.support.DependencyInjectionTestExecutionListener] to prepare test instance [at.mocode.infrastructure.gateway.GatewaySecurityTests@643f6179]
    java.lang.IllegalStateException: Failed to load ApplicationContext for [ReactiveWebMergedContextConfiguration@4baf997 testClass = at.mocode.infrastructure.gateway.GatewaySecurityTests, locations = [], classes = [at.mocode.infrastructure.gateway.GatewayApplication], contextInitializerClasses = [], activeProfiles = ["test"], propertySourceDescriptors = [], propertySourceProperties = ["spring.cloud.discovery.enabled=false", "spring.cloud.consul.enabled=false", "spring.cloud.consul.config.enabled=false", "spring.cloud.consul.discovery.register=false", "spring.cloud.loadbalancer.enabled=false", "resilience4j.circuitbreaker.configs.default.registerHealthIndicator=false", "management.health.circuitbreakers.enabled=false", "gateway.security.jwt.enabled=false", "spring.main.web-application-type=reactive", "spring.cloud.gateway.server.webflux.discovery.locator.enabled=false", "server.port=0", "org.springframework.boot.test.context.SpringBootTestContextBootstrapper=true", "server.port=0"], contextCustomizers = [org.springframework.boot.test.autoconfigure.OnFailureConditionReportContextCustomizerFactory$OnFailureConditionReportContextCustomizer@2899a8db, org.springframework.boot.test.autoconfigure.actuate.observability.ObservabilityContextCustomizerFactory$DisableObservabilityContextCustomizer@1f, org.springframework.boot.test.autoconfigure.properties.PropertyMappingContextCustomizer@ec54a5c9, org.springframework.boot.test.autoconfigure.web.servlet.WebDriverContextCustomizer@3773862a, org.springframework.boot.web.server.test.client.reactive.WebTestClientContextCustomizer@22175d4f, org.springframework.boot.web.server.test.reactor.netty.DisableReactorResourceFactoryGlobalResourcesContextCustomizerFactory$DisableReactorResourceFactoryGlobalResourcesContextCustomizerCustomizer@405325cf, [ImportsContextCustomizer@5280688 key = [org.springframework.boot.security.autoconfigure.reactive.ReactiveSecurityAutoConfiguration, org.springframework.boot.security.oauth2.client.autoconfigure.reactive.ReactiveOAuth2ClientWebSecurityAutoConfiguration, at.mocode.infrastructure.gateway.GatewaySecurityTests$TestSecurityConfig, org.springframework.boot.security.oauth2.server.resource.autoconfigure.reactive.ReactiveOAuth2ResourceServerAutoConfiguration, org.springframework.boot.security.autoconfigure.reactive.ReactiveUserDetailsServiceAutoConfiguration, at.mocode.infrastructure.gateway.config.TestSecurityConfig, org.springframework.boot.security.oauth2.client.autoconfigure.reactive.ReactiveOAuth2ClientAutoConfiguration, org.springframework.boot.test.autoconfigure.web.reactive.WebTestClientAutoConfiguration]], org.springframework.boot.test.context.filter.ExcludeFilterContextCustomizer@341a8659, org.springframework.boot.test.json.DuplicateJsonObjectContextCustomizerFactory$DuplicateJsonObjectContextCustomizer@181d7f28, org.springframework.test.context.support.DynamicPropertiesContextCustomizer@0, org.springframework.boot.test.context.SpringBootTestAnnotation@5e02380f], contextLoader = org.springframework.boot.test.context.SpringBootContextLoader, parent = null]
    	at org.springframework.test.context.cache.DefaultCacheAwareContextLoaderDelegate.loadContext(DefaultCacheAwareContextLoaderDelegate.java:185)
    	at org.springframework.test.context.support.DefaultTestContext.getApplicationContext(DefaultTestContext.java:128)
    	at org.springframework.test.context.support.DependencyInjectionTestExecutionListener.injectDependencies(DependencyInjectionTestExecutionListener.java:155)
    	at org.springframework.test.context.support.DependencyInjectionTestExecutionListener.prepareTestInstance(DependencyInjectionTestExecutionListener.java:111)
    	at org.springframework.test.context.TestContextManager.prepareTestInstance(TestContextManager.java:260)
    	at org.springframework.test.context.junit.jupiter.SpringExtension.postProcessTestInstance(SpringExtension.java:159)
    	at org.junit.jupiter.engine.descriptor.ClassBasedTestDescriptor.lambda$invokeTestInstancePostProcessors$10(ClassBasedTestDescriptor.java:383)
    	at org.junit.jupiter.engine.descriptor.ClassBasedTestDescriptor.executeAndMaskThrowable(ClassBasedTestDescriptor.java:388)
    	at org.junit.jupiter.engine.descriptor.ClassBasedTestDescriptor.lambda$invokeTestInstancePostProcessors$11(ClassBasedTestDescriptor.java:382)
    	at java.base/java.util.stream.ForEachOps$ForEachOp$OfRef.accept(ForEachOps.java:186)
    	at java.base/java.util.stream.ReferencePipeline$3$1.accept(ReferencePipeline.java:214)
    	at java.base/java.util.stream.ReferencePipeline$2$1.accept(ReferencePipeline.java:197)
    	at java.base/java.util.stream.ReferencePipeline$3$1.accept(ReferencePipeline.java:214)
    	at java.base/java.util.ArrayList$ArrayListSpliterator.forEachRemaining(ArrayList.java:1716)
    	at java.base/java.util.stream.AbstractPipeline.copyInto(AbstractPipeline.java:570)
    	at java.base/java.util.stream.AbstractPipeline.wrapAndCopyInto(AbstractPipeline.java:560)
    	at java.base/java.util.stream.ForEachOps$ForEachOp.evaluateSequential(ForEachOps.java:153)
    	at java.base/java.util.stream.ForEachOps$ForEachOp$OfRef.evaluateSequential(ForEachOps.java:176)
    	at java.base/java.util.stream.AbstractPipeline.evaluate(AbstractPipeline.java:265)
    	at java.base/java.util.stream.ReferencePipeline.forEach(ReferencePipeline.java:632)
    	at org.junit.jupiter.engine.descriptor.ClassBasedTestDescriptor.invokeTestInstancePostProcessors(ClassBasedTestDescriptor.java:382)
    	at org.junit.jupiter.engine.descriptor.ClassBasedTestDescriptor.lambda$instantiateAndPostProcessTestInstance$6(ClassBasedTestDescriptor.java:293)
    	at org.junit.platform.engine.support.hierarchical.ThrowableCollector.execute(ThrowableCollector.java:73)
    	at org.junit.jupiter.engine.descriptor.ClassBasedTestDescriptor.instantiateAndPostProcessTestInstance(ClassBasedTestDescriptor.java:292)
    	at org.junit.jupiter.engine.descriptor.ClassBasedTestDescriptor.lambda$testInstancesProvider$4(ClassBasedTestDescriptor.java:281)
    	at java.base/java.util.Optional.orElseGet(Optional.java:364)
    	at org.junit.jupiter.engine.descriptor.ClassBasedTestDescriptor.lambda$testInstancesProvider$5(ClassBasedTestDescriptor.java:280)
    	at org.junit.jupiter.engine.execution.TestInstancesProvider.getTestInstances(TestInstancesProvider.java:27)
    	at org.junit.jupiter.engine.descriptor.TestMethodTestDescriptor.lambda$prepare$0(TestMethodTestDescriptor.java:112)
    	at org.junit.platform.engine.support.hierarchical.ThrowableCollector.execute(ThrowableCollector.java:73)
    	at org.junit.jupiter.engine.descriptor.TestMethodTestDescriptor.prepare(TestMethodTestDescriptor.java:111)
    	at org.junit.jupiter.engine.descriptor.TestMethodTestDescriptor.prepare(TestMethodTestDescriptor.java:69)
    	at org.junit.platform.engine.support.hierarchical.NodeTestTask.lambda$prepare$2(NodeTestTask.java:129)
    	at org.junit.platform.engine.support.hierarchical.ThrowableCollector.execute(ThrowableCollector.java:73)
    	at org.junit.platform.engine.support.hierarchical.NodeTestTask.prepare(NodeTestTask.java:129)
    	at org.junit.platform.engine.support.hierarchical.NodeTestTask.execute(NodeTestTask.java:96)
    	at java.base/java.util.ArrayList.forEach(ArrayList.java:1604)
    	at org.junit.platform.engine.support.hierarchical.SameThreadHierarchicalTestExecutorService.invokeAll(SameThreadHierarchicalTestExecutorService.java:41)
    	at org.junit.platform.engine.support.hierarchical.NodeTestTask.lambda$executeRecursively$6(NodeTestTask.java:161)
    	at org.junit.platform.engine.support.hierarchical.ThrowableCollector.execute(ThrowableCollector.java:73)
    	at org.junit.platform.engine.support.hierarchical.NodeTestTask.lambda$executeRecursively$8(NodeTestTask.java:147)
    	at org.junit.platform.engine.support.hierarchical.Node.around(Node.java:137)
    	at org.junit.platform.engine.support.hierarchical.NodeTestTask.lambda$executeRecursively$9(NodeTestTask.java:145)
    	at org.junit.platform.engine.support.hierarchical.ThrowableCollector.execute(ThrowableCollector.java:73)
    	at org.junit.platform.engine.support.hierarchical.NodeTestTask.executeRecursively(NodeTestTask.java:144)
    	at org.junit.platform.engine.support.hierarchical.NodeTestTask.execute(NodeTestTask.java:101)
    	at java.base/java.util.ArrayList.forEach(ArrayList.java:1604)
    	at org.junit.platform.engine.support.hierarchical.SameThreadHierarchicalTestExecutorService.invokeAll(SameThreadHierarchicalTestExecutorService.java:41)
    	at org.junit.platform.engine.support.hierarchical.NodeTestTask.lambda$executeRecursively$6(NodeTestTask.java:161)
    	at org.junit.platform.engine.support.hierarchical.ThrowableCollector.execute(ThrowableCollector.java:73)
    	at org.junit.platform.engine.support.hierarchical.NodeTestTask.lambda$executeRecursively$8(NodeTestTask.java:147)
    	at org.junit.platform.engine.support.hierarchical.Node.around(Node.java:137)
    	at org.junit.platform.engine.support.hierarchical.NodeTestTask.lambda$executeRecursively$9(NodeTestTask.java:145)
    	at org.junit.platform.engine.support.hierarchical.ThrowableCollector.execute(ThrowableCollector.java:73)
    	at org.junit.platform.engine.support.hierarchical.NodeTestTask.executeRecursively(NodeTestTask.java:144)
    	at org.junit.platform.engine.support.hierarchical.NodeTestTask.execute(NodeTestTask.java:101)
    	at org.junit.platform.engine.support.hierarchical.SameThreadHierarchicalTestExecutorService.submit(SameThreadHierarchicalTestExecutorService.java:35)
    	at org.junit.platform.engine.support.hierarchical.HierarchicalTestExecutor.execute(HierarchicalTestExecutor.java:57)
    	at org.junit.platform.engine.support.hierarchical.HierarchicalTestEngine.execute(HierarchicalTestEngine.java:54)
    	at org.junit.platform.launcher.core.EngineExecutionOrchestrator.executeEngine(EngineExecutionOrchestrator.java:230)
    	at org.junit.platform.launcher.core.EngineExecutionOrchestrator.failOrExecuteEngine(EngineExecutionOrchestrator.java:204)
    	at org.junit.platform.launcher.core.EngineExecutionOrchestrator.execute(EngineExecutionOrchestrator.java:172)
    	at org.junit.platform.launcher.core.EngineExecutionOrchestrator.execute(EngineExecutionOrchestrator.java:101)
    	at org.junit.platform.launcher.core.EngineExecutionOrchestrator.lambda$execute$0(EngineExecutionOrchestrator.java:64)
    	at org.junit.platform.launcher.core.EngineExecutionOrchestrator.withInterceptedStreams(EngineExecutionOrchestrator.java:150)
    	at org.junit.platform.launcher.core.EngineExecutionOrchestrator.execute(EngineExecutionOrchestrator.java:63)
    	at org.junit.platform.launcher.core.DefaultLauncher.execute(DefaultLauncher.java:109)
    	at org.junit.platform.launcher.core.DefaultLauncher.execute(DefaultLauncher.java:91)
    	at org.junit.platform.launcher.core.DelegatingLauncher.execute(DelegatingLauncher.java:47)
    	at org.junit.platform.launcher.core.InterceptingLauncher.lambda$execute$1(InterceptingLauncher.java:39)
    	at org.junit.platform.launcher.core.ClasspathAlignmentCheckingLauncherInterceptor.intercept(ClasspathAlignmentCheckingLauncherInterceptor.java:25)
    	at org.junit.platform.launcher.core.InterceptingLauncher.execute(InterceptingLauncher.java:38)
    	at org.junit.platform.launcher.core.DelegatingLauncher.execute(DelegatingLauncher.java:47)
    	at org.gradle.api.internal.tasks.testing.junitplatform.JUnitPlatformTestClassProcessor$CollectAllTestClassesExecutor.processAllTestClasses(JUnitPlatformTestClassProcessor.java:135)
    	at org.gradle.api.internal.tasks.testing.junitplatform.JUnitPlatformTestClassProcessor$CollectAllTestClassesExecutor.access$000(JUnitPlatformTestClassProcessor.java:110)
    	at org.gradle.api.internal.tasks.testing.junitplatform.JUnitPlatformTestClassProcessor.stop(JUnitPlatformTestClassProcessor.java:104)
    	at org.gradle.api.internal.tasks.testing.SuiteTestClassProcessor.stop(SuiteTestClassProcessor.java:64)
    	at java.base/jdk.internal.reflect.DirectMethodHandleAccessor.invoke(DirectMethodHandleAccessor.java:104)
    	at java.base/java.lang.reflect.Method.invoke(Method.java:565)
    	at org.gradle.internal.dispatch.ReflectionDispatch.dispatch(ReflectionDispatch.java:36)
    	at org.gradle.internal.dispatch.ReflectionDispatch.dispatch(ReflectionDispatch.java:24)
    	at org.gradle.internal.dispatch.ContextClassLoaderDispatch.dispatch(ContextClassLoaderDispatch.java:33)
    	at org.gradle.internal.dispatch.ProxyDispatchAdapter$DispatchingInvocationHandler.invoke(ProxyDispatchAdapter.java:92)
    	at jdk.proxy1/jdk.proxy1.$Proxy4.stop(Unknown Source)
    	at org.gradle.api.internal.tasks.testing.worker.TestWorker$3.run(TestWorker.java:200)
    	at org.gradle.api.internal.tasks.testing.worker.TestWorker.executeAndMaintainThreadName(TestWorker.java:132)
    	at org.gradle.api.internal.tasks.testing.worker.TestWorker.execute(TestWorker.java:103)
    	at org.gradle.api.internal.tasks.testing.worker.TestWorker.execute(TestWorker.java:63)
    	at org.gradle.process.internal.worker.child.ActionExecutionWorker.execute(ActionExecutionWorker.java:56)
    	at org.gradle.process.internal.worker.child.SystemApplicationClassLoaderWorker.call(SystemApplicationClassLoaderWorker.java:122)
    	at org.gradle.process.internal.worker.child.SystemApplicationClassLoaderWorker.call(SystemApplicationClassLoaderWorker.java:72)
    	at worker.org.gradle.process.internal.worker.GradleWorkerMain.run(GradleWorkerMain.java:69)
    	at worker.org.gradle.process.internal.worker.GradleWorkerMain.main(GradleWorkerMain.java:74)
    Caused by: java.lang.IllegalArgumentException: Could not find class [org.springframework.boot.autoconfigure.web.servlet.WebMvcAutoConfiguration]
    	at org.springframework.util.ClassUtils.resolveClassName(ClassUtils.java:353)
    	at org.springframework.core.annotation.TypeMappedAnnotation.adapt(TypeMappedAnnotation.java:451)
    	at org.springframework.core.annotation.TypeMappedAnnotation.getValue(TypeMappedAnnotation.java:384)
    	at org.springframework.core.annotation.TypeMappedAnnotation.asMap(TypeMappedAnnotation.java:273)
    	at org.springframework.core.annotation.AbstractMergedAnnotation.asAnnotationAttributes(AbstractMergedAnnotation.java:191)
    	at org.springframework.context.annotation.AnnotationBeanNameGenerator.determineBeanNameFromAnnotation(AnnotationBeanNameGenerator.java:143)
    	at org.springframework.context.annotation.AnnotationBeanNameGenerator.generateBeanName(AnnotationBeanNameGenerator.java:110)
    	at org.springframework.context.annotation.ConfigurationClassBeanDefinitionReader.registerBeanDefinitionForImportedConfigurationClass(ConfigurationClassBeanDefinitionReader.java:164)
    	at org.springframework.context.annotation.ConfigurationClassBeanDefinitionReader.loadBeanDefinitionsForConfigurationClass(ConfigurationClassBeanDefinitionReader.java:144)
    	at org.springframework.context.annotation.ConfigurationClassBeanDefinitionReader.loadBeanDefinitions(ConfigurationClassBeanDefinitionReader.java:123)
    	at org.springframework.context.annotation.ConfigurationClassPostProcessor.processConfigBeanDefinitions(ConfigurationClassPostProcessor.java:454)
    	at org.springframework.context.annotation.ConfigurationClassPostProcessor.postProcessBeanDefinitionRegistry(ConfigurationClassPostProcessor.java:306)
    	at org.springframework.context.support.PostProcessorRegistrationDelegate.invokeBeanDefinitionRegistryPostProcessors(PostProcessorRegistrationDelegate.java:349)
    	at org.springframework.context.support.PostProcessorRegistrationDelegate.invokeBeanFactoryPostProcessors(PostProcessorRegistrationDelegate.java:118)
    	at org.springframework.context.support.AbstractApplicationContext.invokeBeanFactoryPostProcessors(AbstractApplicationContext.java:783)
    	at org.springframework.context.support.AbstractApplicationContext.refresh(AbstractApplicationContext.java:601)
    	at org.springframework.boot.web.server.reactive.context.ReactiveWebServerApplicationContext.refresh(ReactiveWebServerApplicationContext.java:69)
    	at org.springframework.boot.SpringApplication.refresh(SpringApplication.java:748)
    	at org.springframework.boot.SpringApplication.refreshContext(SpringApplication.java:437)
    	at org.springframework.boot.SpringApplication.run(SpringApplication.java:316)
    	at org.springframework.boot.test.context.SpringBootContextLoader.lambda$loadContext$2(SpringBootContextLoader.java:148)
    	at org.springframework.util.function.ThrowingSupplier.get(ThrowingSupplier.java:58)
    	at org.springframework.util.function.ThrowingSupplier.get(ThrowingSupplier.java:46)
    	at org.springframework.boot.SpringApplication.withHook(SpringApplication.java:1457)
    	at org.springframework.boot.test.context.SpringBootContextLoader$ContextLoaderHook.run(SpringBootContextLoader.java:571)
    	at org.springframework.boot.test.context.SpringBootContextLoader.loadContext(SpringBootContextLoader.java:148)
    	at org.springframework.boot.test.context.SpringBootContextLoader.loadContext(SpringBootContextLoader.java:114)
    	at org.springframework.test.context.cache.DefaultCacheAwareContextLoaderDelegate.loadContextInternal(DefaultCacheAwareContextLoaderDelegate.java:246)
    	at org.springframework.test.context.cache.DefaultCacheAwareContextLoaderDelegate.loadContext(DefaultCacheAwareContextLoaderDelegate.java:157)
    	... 92 common frames omitted
    Caused by: java.lang.ClassNotFoundException: org.springframework.boot.autoconfigure.web.servlet.WebMvcAutoConfiguration
    	at java.base/jdk.internal.loader.BuiltinClassLoader.loadClass(BuiltinClassLoader.java:580)
    	at java.base/java.lang.ClassLoader.loadClass(ClassLoader.java:490)
    	at java.base/java.lang.Class.forName0(Native Method)
    	at java.base/java.lang.Class.forName(Class.java:547)
    	at org.springframework.util.ClassUtils.forName(ClassUtils.java:302)
    	at org.springframework.util.ClassUtils.resolveClassName(ClassUtils.java:343)
    	... 120 common frames omitted

GatewaySecurityTests > should handle different HTTP methods allowed in CORS() FAILED
    java.lang.IllegalStateException: Failed to load ApplicationContext for [ReactiveWebMergedContextConfiguration@4baf997 testClass = at.mocode.infrastructure.gateway.GatewaySecurityTests, locations = [], classes = [at.mocode.infrastructure.gateway.GatewayApplication], contextInitializerClasses = [], activeProfiles = ["test"], propertySourceDescriptors = [], propertySourceProperties = ["spring.cloud.discovery.enabled=false", "spring.cloud.consul.enabled=false", "spring.cloud.consul.config.enabled=false", "spring.cloud.consul.discovery.register=false", "spring.cloud.loadbalancer.enabled=false", "resilience4j.circuitbreaker.configs.default.registerHealthIndicator=false", "management.health.circuitbreakers.enabled=false", "gateway.security.jwt.enabled=false", "spring.main.web-application-type=reactive", "spring.cloud.gateway.server.webflux.discovery.locator.enabled=false", "server.port=0", "org.springframework.boot.test.context.SpringBootTestContextBootstrapper=true", "server.port=0"], contextCustomizers = [org.springframework.boot.test.autoconfigure.OnFailureConditionReportContextCustomizerFactory$OnFailureConditionReportContextCustomizer@2899a8db, org.springframework.boot.test.autoconfigure.actuate.observability.ObservabilityContextCustomizerFactory$DisableObservabilityContextCustomizer@1f, org.springframework.boot.test.autoconfigure.properties.PropertyMappingContextCustomizer@ec54a5c9, org.springframework.boot.test.autoconfigure.web.servlet.WebDriverContextCustomizer@3773862a, org.springframework.boot.web.server.test.client.reactive.WebTestClientContextCustomizer@22175d4f, org.springframework.boot.web.server.test.reactor.netty.DisableReactorResourceFactoryGlobalResourcesContextCustomizerFactory$DisableReactorResourceFactoryGlobalResourcesContextCustomizerCustomizer@405325cf, [ImportsContextCustomizer@5280688 key = [org.springframework.boot.security.autoconfigure.reactive.ReactiveSecurityAutoConfiguration, org.springframework.boot.security.oauth2.client.autoconfigure.reactive.ReactiveOAuth2ClientWebSecurityAutoConfiguration, at.mocode.infrastructure.gateway.GatewaySecurityTests$TestSecurityConfig, org.springframework.boot.security.oauth2.server.resource.autoconfigure.reactive.ReactiveOAuth2ResourceServerAutoConfiguration, org.springframework.boot.security.autoconfigure.reactive.ReactiveUserDetailsServiceAutoConfiguration, at.mocode.infrastructure.gateway.config.TestSecurityConfig, org.springframework.boot.security.oauth2.client.autoconfigure.reactive.ReactiveOAuth2ClientAutoConfiguration, org.springframework.boot.test.autoconfigure.web.reactive.WebTestClientAutoConfiguration]], org.springframework.boot.test.context.filter.ExcludeFilterContextCustomizer@341a8659, org.springframework.boot.test.json.DuplicateJsonObjectContextCustomizerFactory$DuplicateJsonObjectContextCustomizer@181d7f28, org.springframework.test.context.support.DynamicPropertiesContextCustomizer@0, org.springframework.boot.test.context.SpringBootTestAnnotation@5e02380f], contextLoader = org.springframework.boot.test.context.SpringBootContextLoader, parent = null]
        at org.springframework.test.context.cache.DefaultCacheAwareContextLoaderDelegate.loadContext(DefaultCacheAwareContextLoaderDelegate.java:185)
        at org.springframework.test.context.support.DefaultTestContext.getApplicationContext(DefaultTestContext.java:128)
        at org.springframework.test.context.support.DependencyInjectionTestExecutionListener.injectDependencies(DependencyInjectionTestExecutionListener.java:155)
        at org.springframework.test.context.support.DependencyInjectionTestExecutionListener.prepareTestInstance(DependencyInjectionTestExecutionListener.java:111)
        at org.springframework.test.context.TestContextManager.prepareTestInstance(TestContextManager.java:260)
        at org.springframework.test.context.junit.jupiter.SpringExtension.postProcessTestInstance(SpringExtension.java:159)
        at java.base/java.util.stream.ForEachOps$ForEachOp$OfRef.accept(ForEachOps.java:186)
        at java.base/java.util.stream.ReferencePipeline$3$1.accept(ReferencePipeline.java:214)
        at java.base/java.util.stream.ReferencePipeline$2$1.accept(ReferencePipeline.java:197)
        at java.base/java.util.stream.ReferencePipeline$3$1.accept(ReferencePipeline.java:214)
        at java.base/java.util.ArrayList$ArrayListSpliterator.forEachRemaining(ArrayList.java:1716)
        at java.base/java.util.stream.AbstractPipeline.copyInto(AbstractPipeline.java:570)
        at java.base/java.util.stream.AbstractPipeline.wrapAndCopyInto(AbstractPipeline.java:560)
        at java.base/java.util.stream.ForEachOps$ForEachOp.evaluateSequential(ForEachOps.java:153)
        at java.base/java.util.stream.ForEachOps$ForEachOp$OfRef.evaluateSequential(ForEachOps.java:176)
        at java.base/java.util.stream.AbstractPipeline.evaluate(AbstractPipeline.java:265)
        at java.base/java.util.stream.ReferencePipeline.forEach(ReferencePipeline.java:632)
        at java.base/java.util.Optional.orElseGet(Optional.java:364)
        at java.base/java.util.ArrayList.forEach(ArrayList.java:1604)
        at java.base/java.util.ArrayList.forEach(ArrayList.java:1604)

        Caused by:
        java.lang.IllegalArgumentException: Could not find class [org.springframework.boot.autoconfigure.web.servlet.WebMvcAutoConfiguration]
            at org.springframework.util.ClassUtils.resolveClassName(ClassUtils.java:353)
            at org.springframework.core.annotation.TypeMappedAnnotation.adapt(TypeMappedAnnotation.java:451)
            at org.springframework.core.annotation.TypeMappedAnnotation.getValue(TypeMappedAnnotation.java:384)
            at org.springframework.core.annotation.TypeMappedAnnotation.asMap(TypeMappedAnnotation.java:273)
            at org.springframework.core.annotation.AbstractMergedAnnotation.asAnnotationAttributes(AbstractMergedAnnotation.java:191)
            at org.springframework.context.annotation.AnnotationBeanNameGenerator.determineBeanNameFromAnnotation(AnnotationBeanNameGenerator.java:143)
            at org.springframework.context.annotation.AnnotationBeanNameGenerator.generateBeanName(AnnotationBeanNameGenerator.java:110)
            at org.springframework.context.annotation.ConfigurationClassBeanDefinitionReader.registerBeanDefinitionForImportedConfigurationClass(ConfigurationClassBeanDefinitionReader.java:164)
            at org.springframework.context.annotation.ConfigurationClassBeanDefinitionReader.loadBeanDefinitionsForConfigurationClass(ConfigurationClassBeanDefinitionReader.java:144)
            at org.springframework.context.annotation.ConfigurationClassBeanDefinitionReader.loadBeanDefinitions(ConfigurationClassBeanDefinitionReader.java:123)
            at org.springframework.context.annotation.ConfigurationClassPostProcessor.processConfigBeanDefinitions(ConfigurationClassPostProcessor.java:454)
            at org.springframework.context.annotation.ConfigurationClassPostProcessor.postProcessBeanDefinitionRegistry(ConfigurationClassPostProcessor.java:306)
            at org.springframework.context.support.PostProcessorRegistrationDelegate.invokeBeanDefinitionRegistryPostProcessors(PostProcessorRegistrationDelegate.java:349)
            at org.springframework.context.support.PostProcessorRegistrationDelegate.invokeBeanFactoryPostProcessors(PostProcessorRegistrationDelegate.java:118)
            at org.springframework.context.support.AbstractApplicationContext.invokeBeanFactoryPostProcessors(AbstractApplicationContext.java:783)
            at org.springframework.context.support.AbstractApplicationContext.refresh(AbstractApplicationContext.java:601)
            at org.springframework.boot.web.server.reactive.context.ReactiveWebServerApplicationContext.refresh(ReactiveWebServerApplicationContext.java:69)
            at org.springframework.boot.SpringApplication.refresh(SpringApplication.java:748)
            at org.springframework.boot.SpringApplication.refreshContext(SpringApplication.java:437)
            at org.springframework.boot.SpringApplication.run(SpringApplication.java:316)
            at org.springframework.boot.test.context.SpringBootContextLoader.lambda$loadContext$2(SpringBootContextLoader.java:148)
            at org.springframework.util.function.ThrowingSupplier.get(ThrowingSupplier.java:58)
            at org.springframework.util.function.ThrowingSupplier.get(ThrowingSupplier.java:46)
            at org.springframework.boot.SpringApplication.withHook(SpringApplication.java:1457)
            at org.springframework.boot.test.context.SpringBootContextLoader$ContextLoaderHook.run(SpringBootContextLoader.java:571)
            at org.springframework.boot.test.context.SpringBootContextLoader.loadContext(SpringBootContextLoader.java:148)
            at org.springframework.boot.test.context.SpringBootContextLoader.loadContext(SpringBootContextLoader.java:114)
            at org.springframework.test.context.cache.DefaultCacheAwareContextLoaderDelegate.loadContextInternal(DefaultCacheAwareContextLoaderDelegate.java:246)
            at org.springframework.test.context.cache.DefaultCacheAwareContextLoaderDelegate.loadContext(DefaultCacheAwareContextLoaderDelegate.java:157)
            ... 19 more

            Caused by:
            java.lang.ClassNotFoundException: org.springframework.boot.autoconfigure.web.servlet.WebMvcAutoConfiguration
                at java.base/jdk.internal.loader.BuiltinClassLoader.loadClass(BuiltinClassLoader.java:580)
                at java.base/java.lang.ClassLoader.loadClass(ClassLoader.java:490)
                at java.base/java.lang.Class.forName0(Native Method)
                at java.base/java.lang.Class.forName(Class.java:547)
                at org.springframework.util.ClassUtils.forName(ClassUtils.java:302)
                at org.springframework.util.ClassUtils.resolveClassName(ClassUtils.java:343)
                ... 47 more

GatewaySecurityTests STANDARD_OUT
    15:52:44.393 [Test worker] WARN  o.s.test.context.TestContextManager - Caught exception while allowing TestExecutionListener [org.springframework.test.context.support.DependencyInjectionTestExecutionListener] to prepare test instance [at.mocode.infrastructure.gateway.GatewaySecurityTests@6e2eead5]
    java.lang.IllegalStateException: ApplicationContext failure threshold (1) exceeded: skipping repeated attempt to load context for [ReactiveWebMergedContextConfiguration@4baf997 testClass = at.mocode.infrastructure.gateway.GatewaySecurityTests, locations = [], classes = [at.mocode.infrastructure.gateway.GatewayApplication], contextInitializerClasses = [], activeProfiles = ["test"], propertySourceDescriptors = [], propertySourceProperties = ["spring.cloud.discovery.enabled=false", "spring.cloud.consul.enabled=false", "spring.cloud.consul.config.enabled=false", "spring.cloud.consul.discovery.register=false", "spring.cloud.loadbalancer.enabled=false", "resilience4j.circuitbreaker.configs.default.registerHealthIndicator=false", "management.health.circuitbreakers.enabled=false", "gateway.security.jwt.enabled=false", "spring.main.web-application-type=reactive", "spring.cloud.gateway.server.webflux.discovery.locator.enabled=false", "server.port=0", "org.springframework.boot.test.context.SpringBootTestContextBootstrapper=true", "server.port=0"], contextCustomizers = [org.springframework.boot.test.autoconfigure.OnFailureConditionReportContextCustomizerFactory$OnFailureConditionReportContextCustomizer@2899a8db, org.springframework.boot.test.autoconfigure.actuate.observability.ObservabilityContextCustomizerFactory$DisableObservabilityContextCustomizer@1f, org.springframework.boot.test.autoconfigure.properties.PropertyMappingContextCustomizer@ec54a5c9, org.springframework.boot.test.autoconfigure.web.servlet.WebDriverContextCustomizer@3773862a, org.springframework.boot.web.server.test.client.reactive.WebTestClientContextCustomizer@22175d4f, org.springframework.boot.web.server.test.reactor.netty.DisableReactorResourceFactoryGlobalResourcesContextCustomizerFactory$DisableReactorResourceFactoryGlobalResourcesContextCustomizerCustomizer@405325cf, [ImportsContextCustomizer@5280688 key = [org.springframework.boot.security.autoconfigure.reactive.ReactiveSecurityAutoConfiguration, org.springframework.boot.security.oauth2.client.autoconfigure.reactive.ReactiveOAuth2ClientWebSecurityAutoConfiguration, at.mocode.infrastructure.gateway.GatewaySecurityTests$TestSecurityConfig, org.springframework.boot.security.oauth2.server.resource.autoconfigure.reactive.ReactiveOAuth2ResourceServerAutoConfiguration, org.springframework.boot.security.autoconfigure.reactive.ReactiveUserDetailsServiceAutoConfiguration, at.mocode.infrastructure.gateway.config.TestSecurityConfig, org.springframework.boot.security.oauth2.client.autoconfigure.reactive.ReactiveOAuth2ClientAutoConfiguration, org.springframework.boot.test.autoconfigure.web.reactive.WebTestClientAutoConfiguration]], org.springframework.boot.test.context.filter.ExcludeFilterContextCustomizer@341a8659, org.springframework.boot.test.json.DuplicateJsonObjectContextCustomizerFactory$DuplicateJsonObjectContextCustomizer@181d7f28, org.springframework.test.context.support.DynamicPropertiesContextCustomizer@0, org.springframework.boot.test.context.SpringBootTestAnnotation@5e02380f], contextLoader = org.springframework.boot.test.context.SpringBootContextLoader, parent = null]
    	at org.springframework.test.context.cache.DefaultCacheAwareContextLoaderDelegate.loadContext(DefaultCacheAwareContextLoaderDelegate.java:150)
    	at org.springframework.test.context.support.DefaultTestContext.getApplicationContext(DefaultTestContext.java:128)
    	at org.springframework.test.context.support.DependencyInjectionTestExecutionListener.injectDependencies(DependencyInjectionTestExecutionListener.java:155)
    	at org.springframework.test.context.support.DependencyInjectionTestExecutionListener.prepareTestInstance(DependencyInjectionTestExecutionListener.java:111)
    	at org.springframework.test.context.TestContextManager.prepareTestInstance(TestContextManager.java:260)
    	at org.springframework.test.context.junit.jupiter.SpringExtension.postProcessTestInstance(SpringExtension.java:159)
    	at org.junit.jupiter.engine.descriptor.ClassBasedTestDescriptor.lambda$invokeTestInstancePostProcessors$10(ClassBasedTestDescriptor.java:383)
    	at org.junit.jupiter.engine.descriptor.ClassBasedTestDescriptor.executeAndMaskThrowable(ClassBasedTestDescriptor.java:388)
    	at org.junit.jupiter.engine.descriptor.ClassBasedTestDescriptor.lambda$invokeTestInstancePostProcessors$11(ClassBasedTestDescriptor.java:382)
    	at java.base/java.util.stream.ForEachOps$ForEachOp$OfRef.accept(ForEachOps.java:186)
    	at java.base/java.util.stream.ReferencePipeline$3$1.accept(ReferencePipeline.java:214)
    	at java.base/java.util.stream.ReferencePipeline$2$1.accept(ReferencePipeline.java:197)
    	at java.base/java.util.stream.ReferencePipeline$3$1.accept(ReferencePipeline.java:214)
    	at java.base/java.util.ArrayList$ArrayListSpliterator.forEachRemaining(ArrayList.java:1716)
    	at java.base/java.util.stream.AbstractPipeline.copyInto(AbstractPipeline.java:570)
    	at java.base/java.util.stream.AbstractPipeline.wrapAndCopyInto(AbstractPipeline.java:560)
    	at java.base/java.util.stream.ForEachOps$ForEachOp.evaluateSequential(ForEachOps.java:153)
    	at java.base/java.util.stream.ForEachOps$ForEachOp$OfRef.evaluateSequential(ForEachOps.java:176)
    	at java.base/java.util.stream.AbstractPipeline.evaluate(AbstractPipeline.java:265)
    	at java.base/java.util.stream.ReferencePipeline.forEach(ReferencePipeline.java:632)
    	at org.junit.jupiter.engine.descriptor.ClassBasedTestDescriptor.invokeTestInstancePostProcessors(ClassBasedTestDescriptor.java:382)
    	at org.junit.jupiter.engine.descriptor.ClassBasedTestDescriptor.lambda$instantiateAndPostProcessTestInstance$6(ClassBasedTestDescriptor.java:293)
    	at org.junit.platform.engine.support.hierarchical.ThrowableCollector.execute(ThrowableCollector.java:73)
    	at org.junit.jupiter.engine.descriptor.ClassBasedTestDescriptor.instantiateAndPostProcessTestInstance(ClassBasedTestDescriptor.java:292)
    	at org.junit.jupiter.engine.descriptor.ClassBasedTestDescriptor.lambda$testInstancesProvider$4(ClassBasedTestDescriptor.java:281)
    	at java.base/java.util.Optional.orElseGet(Optional.java:364)
    	at org.junit.jupiter.engine.descriptor.ClassBasedTestDescriptor.lambda$testInstancesProvider$5(ClassBasedTestDescriptor.java:280)
    	at org.junit.jupiter.engine.execution.TestInstancesProvider.getTestInstances(TestInstancesProvider.java:27)
    	at org.junit.jupiter.engine.descriptor.TestMethodTestDescriptor.lambda$prepare$0(TestMethodTestDescriptor.java:112)
    	at org.junit.platform.engine.support.hierarchical.ThrowableCollector.execute(ThrowableCollector.java:73)
    	at org.junit.jupiter.engine.descriptor.TestMethodTestDescriptor.prepare(TestMethodTestDescriptor.java:111)
    	at org.junit.jupiter.engine.descriptor.TestMethodTestDescriptor.prepare(TestMethodTestDescriptor.java:69)
    	at org.junit.platform.engine.support.hierarchical.NodeTestTask.lambda$prepare$2(NodeTestTask.java:129)
    	at org.junit.platform.engine.support.hierarchical.ThrowableCollector.execute(ThrowableCollector.java:73)
    	at org.junit.platform.engine.support.hierarchical.NodeTestTask.prepare(NodeTestTask.java:129)
    	at org.junit.platform.engine.support.hierarchical.NodeTestTask.execute(NodeTestTask.java:96)
    	at java.base/java.util.ArrayList.forEach(ArrayList.java:1604)
    	at org.junit.platform.engine.support.hierarchical.SameThreadHierarchicalTestExecutorService.invokeAll(SameThreadHierarchicalTestExecutorService.java:41)
    	at org.junit.platform.engine.support.hierarchical.NodeTestTask.lambda$executeRecursively$6(NodeTestTask.java:161)
    	at org.junit.platform.engine.support.hierarchical.ThrowableCollector.execute(ThrowableCollector.java:73)
    	at org.junit.platform.engine.support.hierarchical.NodeTestTask.lambda$executeRecursively$8(NodeTestTask.java:147)
    	at org.junit.platform.engine.support.hierarchical.Node.around(Node.java:137)
    	at org.junit.platform.engine.support.hierarchical.NodeTestTask.lambda$executeRecursively$9(NodeTestTask.java:145)
    	at org.junit.platform.engine.support.hierarchical.ThrowableCollector.execute(ThrowableCollector.java:73)
    	at org.junit.platform.engine.support.hierarchical.NodeTestTask.executeRecursively(NodeTestTask.java:144)
    	at org.junit.platform.engine.support.hierarchical.NodeTestTask.execute(NodeTestTask.java:101)
    	at java.base/java.util.ArrayList.forEach(ArrayList.java:1604)
    	at org.junit.platform.engine.support.hierarchical.SameThreadHierarchicalTestExecutorService.invokeAll(SameThreadHierarchicalTestExecutorService.java:41)
    	at org.junit.platform.engine.support.hierarchical.NodeTestTask.lambda$executeRecursively$6(NodeTestTask.java:161)
    	at org.junit.platform.engine.support.hierarchical.ThrowableCollector.execute(ThrowableCollector.java:73)
    	at org.junit.platform.engine.support.hierarchical.NodeTestTask.lambda$executeRecursively$8(NodeTestTask.java:147)
    	at org.junit.platform.engine.support.hierarchical.Node.around(Node.java:137)
    	at org.junit.platform.engine.support.hierarchical.NodeTestTask.lambda$executeRecursively$9(NodeTestTask.java:145)
    	at org.junit.platform.engine.support.hierarchical.ThrowableCollector.execute(ThrowableCollector.java:73)
    	at org.junit.platform.engine.support.hierarchical.NodeTestTask.executeRecursively(NodeTestTask.java:144)
    	at org.junit.platform.engine.support.hierarchical.NodeTestTask.execute(NodeTestTask.java:101)
    	at org.junit.platform.engine.support.hierarchical.SameThreadHierarchicalTestExecutorService.submit(SameThreadHierarchicalTestExecutorService.java:35)
    	at org.junit.platform.engine.support.hierarchical.HierarchicalTestExecutor.execute(HierarchicalTestExecutor.java:57)
    	at org.junit.platform.engine.support.hierarchical.HierarchicalTestEngine.execute(HierarchicalTestEngine.java:54)
    	at org.junit.platform.launcher.core.EngineExecutionOrchestrator.executeEngine(EngineExecutionOrchestrator.java:230)
    	at org.junit.platform.launcher.core.EngineExecutionOrchestrator.failOrExecuteEngine(EngineExecutionOrchestrator.java:204)
    	at org.junit.platform.launcher.core.EngineExecutionOrchestrator.execute(EngineExecutionOrchestrator.java:172)
    	at org.junit.platform.launcher.core.EngineExecutionOrchestrator.execute(EngineExecutionOrchestrator.java:101)
    	at org.junit.platform.launcher.core.EngineExecutionOrchestrator.lambda$execute$0(EngineExecutionOrchestrator.java:64)
    	at org.junit.platform.launcher.core.EngineExecutionOrchestrator.withInterceptedStreams(EngineExecutionOrchestrator.java:150)
    	at org.junit.platform.launcher.core.EngineExecutionOrchestrator.execute(EngineExecutionOrchestrator.java:63)
    	at org.junit.platform.launcher.core.DefaultLauncher.execute(DefaultLauncher.java:109)
    	at org.junit.platform.launcher.core.DefaultLauncher.execute(DefaultLauncher.java:91)
    	at org.junit.platform.launcher.core.DelegatingLauncher.execute(DelegatingLauncher.java:47)
    	at org.junit.platform.launcher.core.InterceptingLauncher.lambda$execute$1(InterceptingLauncher.java:39)
    	at org.junit.platform.launcher.core.ClasspathAlignmentCheckingLauncherInterceptor.intercept(ClasspathAlignmentCheckingLauncherInterceptor.java:25)
    	at org.junit.platform.launcher.core.InterceptingLauncher.execute(InterceptingLauncher.java:38)
    	at org.junit.platform.launcher.core.DelegatingLauncher.execute(DelegatingLauncher.java:47)
    	at org.gradle.api.internal.tasks.testing.junitplatform.JUnitPlatformTestClassProcessor$CollectAllTestClassesExecutor.processAllTestClasses(JUnitPlatformTestClassProcessor.java:135)
    	at org.gradle.api.internal.tasks.testing.junitplatform.JUnitPlatformTestClassProcessor$CollectAllTestClassesExecutor.access$000(JUnitPlatformTestClassProcessor.java:110)
    	at org.gradle.api.internal.tasks.testing.junitplatform.JUnitPlatformTestClassProcessor.stop(JUnitPlatformTestClassProcessor.java:104)
    	at org.gradle.api.internal.tasks.testing.SuiteTestClassProcessor.stop(SuiteTestClassProcessor.java:64)
    	at java.base/jdk.internal.reflect.DirectMethodHandleAccessor.invoke(DirectMethodHandleAccessor.java:104)
    	at java.base/java.lang.reflect.Method.invoke(Method.java:565)
    	at org.gradle.internal.dispatch.ReflectionDispatch.dispatch(ReflectionDispatch.java:36)
    	at org.gradle.internal.dispatch.ReflectionDispatch.dispatch(ReflectionDispatch.java:24)
    	at org.gradle.internal.dispatch.ContextClassLoaderDispatch.dispatch(ContextClassLoaderDispatch.java:33)
    	at org.gradle.internal.dispatch.ProxyDispatchAdapter$DispatchingInvocationHandler.invoke(ProxyDispatchAdapter.java:92)
    	at jdk.proxy1/jdk.proxy1.$Proxy4.stop(Unknown Source)
    	at org.gradle.api.internal.tasks.testing.worker.TestWorker$3.run(TestWorker.java:200)
    	at org.gradle.api.internal.tasks.testing.worker.TestWorker.executeAndMaintainThreadName(TestWorker.java:132)
    	at org.gradle.api.internal.tasks.testing.worker.TestWorker.execute(TestWorker.java:103)
    	at org.gradle.api.internal.tasks.testing.worker.TestWorker.execute(TestWorker.java:63)
    	at org.gradle.process.internal.worker.child.ActionExecutionWorker.execute(ActionExecutionWorker.java:56)
    	at org.gradle.process.internal.worker.child.SystemApplicationClassLoaderWorker.call(SystemApplicationClassLoaderWorker.java:122)
    	at org.gradle.process.internal.worker.child.SystemApplicationClassLoaderWorker.call(SystemApplicationClassLoaderWorker.java:72)
    	at worker.org.gradle.process.internal.worker.GradleWorkerMain.run(GradleWorkerMain.java:69)
    	at worker.org.gradle.process.internal.worker.GradleWorkerMain.main(GradleWorkerMain.java:74)

GatewaySecurityTests > should handle complex CORS scenarios() FAILED
    java.lang.IllegalStateException: ApplicationContext failure threshold (1) exceeded: skipping repeated attempt to load context for [ReactiveWebMergedContextConfiguration@4baf997 testClass = at.mocode.infrastructure.gateway.GatewaySecurityTests, locations = [], classes = [at.mocode.infrastructure.gateway.GatewayApplication], contextInitializerClasses = [], activeProfiles = ["test"], propertySourceDescriptors = [], propertySourceProperties = ["spring.cloud.discovery.enabled=false", "spring.cloud.consul.enabled=false", "spring.cloud.consul.config.enabled=false", "spring.cloud.consul.discovery.register=false", "spring.cloud.loadbalancer.enabled=false", "resilience4j.circuitbreaker.configs.default.registerHealthIndicator=false", "management.health.circuitbreakers.enabled=false", "gateway.security.jwt.enabled=false", "spring.main.web-application-type=reactive", "spring.cloud.gateway.server.webflux.discovery.locator.enabled=false", "server.port=0", "org.springframework.boot.test.context.SpringBootTestContextBootstrapper=true", "server.port=0"], contextCustomizers = [org.springframework.boot.test.autoconfigure.OnFailureConditionReportContextCustomizerFactory$OnFailureConditionReportContextCustomizer@2899a8db, org.springframework.boot.test.autoconfigure.actuate.observability.ObservabilityContextCustomizerFactory$DisableObservabilityContextCustomizer@1f, org.springframework.boot.test.autoconfigure.properties.PropertyMappingContextCustomizer@ec54a5c9, org.springframework.boot.test.autoconfigure.web.servlet.WebDriverContextCustomizer@3773862a, org.springframework.boot.web.server.test.client.reactive.WebTestClientContextCustomizer@22175d4f, org.springframework.boot.web.server.test.reactor.netty.DisableReactorResourceFactoryGlobalResourcesContextCustomizerFactory$DisableReactorResourceFactoryGlobalResourcesContextCustomizerCustomizer@405325cf, [ImportsContextCustomizer@5280688 key = [org.springframework.boot.security.autoconfigure.reactive.ReactiveSecurityAutoConfiguration, org.springframework.boot.security.oauth2.client.autoconfigure.reactive.ReactiveOAuth2ClientWebSecurityAutoConfiguration, at.mocode.infrastructure.gateway.GatewaySecurityTests$TestSecurityConfig, org.springframework.boot.security.oauth2.server.resource.autoconfigure.reactive.ReactiveOAuth2ResourceServerAutoConfiguration, org.springframework.boot.security.autoconfigure.reactive.ReactiveUserDetailsServiceAutoConfiguration, at.mocode.infrastructure.gateway.config.TestSecurityConfig, org.springframework.boot.security.oauth2.client.autoconfigure.reactive.ReactiveOAuth2ClientAutoConfiguration, org.springframework.boot.test.autoconfigure.web.reactive.WebTestClientAutoConfiguration]], org.springframework.boot.test.context.filter.ExcludeFilterContextCustomizer@341a8659, org.springframework.boot.test.json.DuplicateJsonObjectContextCustomizerFactory$DuplicateJsonObjectContextCustomizer@181d7f28, org.springframework.test.context.support.DynamicPropertiesContextCustomizer@0, org.springframework.boot.test.context.SpringBootTestAnnotation@5e02380f], contextLoader = org.springframework.boot.test.context.SpringBootContextLoader, parent = null]
        at org.springframework.test.context.cache.DefaultCacheAwareContextLoaderDelegate.loadContext(DefaultCacheAwareContextLoaderDelegate.java:150)
        at org.springframework.test.context.support.DefaultTestContext.getApplicationContext(DefaultTestContext.java:128)
        at org.springframework.test.context.support.DependencyInjectionTestExecutionListener.injectDependencies(DependencyInjectionTestExecutionListener.java:155)
        at org.springframework.test.context.support.DependencyInjectionTestExecutionListener.prepareTestInstance(DependencyInjectionTestExecutionListener.java:111)
        at org.springframework.test.context.TestContextManager.prepareTestInstance(TestContextManager.java:260)
        at org.springframework.test.context.junit.jupiter.SpringExtension.postProcessTestInstance(SpringExtension.java:159)
        at java.base/java.util.stream.ForEachOps$ForEachOp$OfRef.accept(ForEachOps.java:186)
        at java.base/java.util.stream.ReferencePipeline$3$1.accept(ReferencePipeline.java:214)
        at java.base/java.util.stream.ReferencePipeline$2$1.accept(ReferencePipeline.java:197)
        at java.base/java.util.stream.ReferencePipeline$3$1.accept(ReferencePipeline.java:214)
        at java.base/java.util.ArrayList$ArrayListSpliterator.forEachRemaining(ArrayList.java:1716)
        at java.base/java.util.stream.AbstractPipeline.copyInto(AbstractPipeline.java:570)
        at java.base/java.util.stream.AbstractPipeline.wrapAndCopyInto(AbstractPipeline.java:560)
        at java.base/java.util.stream.ForEachOps$ForEachOp.evaluateSequential(ForEachOps.java:153)
        at java.base/java.util.stream.ForEachOps$ForEachOp$OfRef.evaluateSequential(ForEachOps.java:176)
        at java.base/java.util.stream.AbstractPipeline.evaluate(AbstractPipeline.java:265)
        at java.base/java.util.stream.ReferencePipeline.forEach(ReferencePipeline.java:632)
        at java.base/java.util.Optional.orElseGet(Optional.java:364)
        at java.base/java.util.ArrayList.forEach(ArrayList.java:1604)
        at java.base/java.util.ArrayList.forEach(ArrayList.java:1604)

GatewaySecurityTests STANDARD_OUT
    15:52:44.396 [Test worker] WARN  o.s.test.context.TestContextManager - Caught exception while allowing TestExecutionListener [org.springframework.test.context.support.DependencyInjectionTestExecutionListener] to prepare test instance [at.mocode.infrastructure.gateway.GatewaySecurityTests@ca546a1]
    java.lang.IllegalStateException: ApplicationContext failure threshold (1) exceeded: skipping repeated attempt to load context for [ReactiveWebMergedContextConfiguration@4baf997 testClass = at.mocode.infrastructure.gateway.GatewaySecurityTests, locations = [], classes = [at.mocode.infrastructure.gateway.GatewayApplication], contextInitializerClasses = [], activeProfiles = ["test"], propertySourceDescriptors = [], propertySourceProperties = ["spring.cloud.discovery.enabled=false", "spring.cloud.consul.enabled=false", "spring.cloud.consul.config.enabled=false", "spring.cloud.consul.discovery.register=false", "spring.cloud.loadbalancer.enabled=false", "resilience4j.circuitbreaker.configs.default.registerHealthIndicator=false", "management.health.circuitbreakers.enabled=false", "gateway.security.jwt.enabled=false", "spring.main.web-application-type=reactive", "spring.cloud.gateway.server.webflux.discovery.locator.enabled=false", "server.port=0", "org.springframework.boot.test.context.SpringBootTestContextBootstrapper=true", "server.port=0"], contextCustomizers = [org.springframework.boot.test.autoconfigure.OnFailureConditionReportContextCustomizerFactory$OnFailureConditionReportContextCustomizer@2899a8db, org.springframework.boot.test.autoconfigure.actuate.observability.ObservabilityContextCustomizerFactory$DisableObservabilityContextCustomizer@1f, org.springframework.boot.test.autoconfigure.properties.PropertyMappingContextCustomizer@ec54a5c9, org.springframework.boot.test.autoconfigure.web.servlet.WebDriverContextCustomizer@3773862a, org.springframework.boot.web.server.test.client.reactive.WebTestClientContextCustomizer@22175d4f, org.springframework.boot.web.server.test.reactor.netty.DisableReactorResourceFactoryGlobalResourcesContextCustomizerFactory$DisableReactorResourceFactoryGlobalResourcesContextCustomizerCustomizer@405325cf, [ImportsContextCustomizer@5280688 key = [org.springframework.boot.security.autoconfigure.reactive.ReactiveSecurityAutoConfiguration, org.springframework.boot.security.oauth2.client.autoconfigure.reactive.ReactiveOAuth2ClientWebSecurityAutoConfiguration, at.mocode.infrastructure.gateway.GatewaySecurityTests$TestSecurityConfig, org.springframework.boot.security.oauth2.server.resource.autoconfigure.reactive.ReactiveOAuth2ResourceServerAutoConfiguration, org.springframework.boot.security.autoconfigure.reactive.ReactiveUserDetailsServiceAutoConfiguration, at.mocode.infrastructure.gateway.config.TestSecurityConfig, org.springframework.boot.security.oauth2.client.autoconfigure.reactive.ReactiveOAuth2ClientAutoConfiguration, org.springframework.boot.test.autoconfigure.web.reactive.WebTestClientAutoConfiguration]], org.springframework.boot.test.context.filter.ExcludeFilterContextCustomizer@341a8659, org.springframework.boot.test.json.DuplicateJsonObjectContextCustomizerFactory$DuplicateJsonObjectContextCustomizer@181d7f28, org.springframework.test.context.support.DynamicPropertiesContextCustomizer@0, org.springframework.boot.test.context.SpringBootTestAnnotation@5e02380f], contextLoader = org.springframework.boot.test.context.SpringBootContextLoader, parent = null]
    	at org.springframework.test.context.cache.DefaultCacheAwareContextLoaderDelegate.loadContext(DefaultCacheAwareContextLoaderDelegate.java:150)
    	at org.springframework.test.context.support.DefaultTestContext.getApplicationContext(DefaultTestContext.java:128)
    	at org.springframework.test.context.support.DependencyInjectionTestExecutionListener.injectDependencies(DependencyInjectionTestExecutionListener.java:155)
    	at org.springframework.test.context.support.DependencyInjectionTestExecutionListener.prepareTestInstance(DependencyInjectionTestExecutionListener.java:111)
    	at org.springframework.test.context.TestContextManager.prepareTestInstance(TestContextManager.java:260)
    	at org.springframework.test.context.junit.jupiter.SpringExtension.postProcessTestInstance(SpringExtension.java:159)
    	at org.junit.jupiter.engine.descriptor.ClassBasedTestDescriptor.lambda$invokeTestInstancePostProcessors$10(ClassBasedTestDescriptor.java:383)
    	at org.junit.jupiter.engine.descriptor.ClassBasedTestDescriptor.executeAndMaskThrowable(ClassBasedTestDescriptor.java:388)
    	at org.junit.jupiter.engine.descriptor.ClassBasedTestDescriptor.lambda$invokeTestInstancePostProcessors$11(ClassBasedTestDescriptor.java:382)
    	at java.base/java.util.stream.ForEachOps$ForEachOp$OfRef.accept(ForEachOps.java:186)
    	at java.base/java.util.stream.ReferencePipeline$3$1.accept(ReferencePipeline.java:214)
    	at java.base/java.util.stream.ReferencePipeline$2$1.accept(ReferencePipeline.java:197)
    	at java.base/java.util.stream.ReferencePipeline$3$1.accept(ReferencePipeline.java:214)
    	at java.base/java.util.ArrayList$ArrayListSpliterator.forEachRemaining(ArrayList.java:1716)
    	at java.base/java.util.stream.AbstractPipeline.copyInto(AbstractPipeline.java:570)
    	at java.base/java.util.stream.AbstractPipeline.wrapAndCopyInto(AbstractPipeline.java:560)
    	at java.base/java.util.stream.ForEachOps$ForEachOp.evaluateSequential(ForEachOps.java:153)
    	at java.base/java.util.stream.ForEachOps$ForEachOp$OfRef.evaluateSequential(ForEachOps.java:176)
    	at java.base/java.util.stream.AbstractPipeline.evaluate(AbstractPipeline.java:265)
    	at java.base/java.util.stream.ReferencePipeline.forEach(ReferencePipeline.java:632)
    	at org.junit.jupiter.engine.descriptor.ClassBasedTestDescriptor.invokeTestInstancePostProcessors(ClassBasedTestDescriptor.java:382)
    	at org.junit.jupiter.engine.descriptor.ClassBasedTestDescriptor.lambda$instantiateAndPostProcessTestInstance$6(ClassBasedTestDescriptor.java:293)
    	at org.junit.platform.engine.support.hierarchical.ThrowableCollector.execute(ThrowableCollector.java:73)
    	at org.junit.jupiter.engine.descriptor.ClassBasedTestDescriptor.instantiateAndPostProcessTestInstance(ClassBasedTestDescriptor.java:292)
    	at org.junit.jupiter.engine.descriptor.ClassBasedTestDescriptor.lambda$testInstancesProvider$4(ClassBasedTestDescriptor.java:281)
    	at java.base/java.util.Optional.orElseGet(Optional.java:364)
    	at org.junit.jupiter.engine.descriptor.ClassBasedTestDescriptor.lambda$testInstancesProvider$5(ClassBasedTestDescriptor.java:280)
    	at org.junit.jupiter.engine.execution.TestInstancesProvider.getTestInstances(TestInstancesProvider.java:27)
    	at org.junit.jupiter.engine.descriptor.TestMethodTestDescriptor.lambda$prepare$0(TestMethodTestDescriptor.java:112)
    	at org.junit.platform.engine.support.hierarchical.ThrowableCollector.execute(ThrowableCollector.java:73)
    	at org.junit.jupiter.engine.descriptor.TestMethodTestDescriptor.prepare(TestMethodTestDescriptor.java:111)
    	at org.junit.jupiter.engine.descriptor.TestMethodTestDescriptor.prepare(TestMethodTestDescriptor.java:69)
    	at org.junit.platform.engine.support.hierarchical.NodeTestTask.lambda$prepare$2(NodeTestTask.java:129)
    	at org.junit.platform.engine.support.hierarchical.ThrowableCollector.execute(ThrowableCollector.java:73)
    	at org.junit.platform.engine.support.hierarchical.NodeTestTask.prepare(NodeTestTask.java:129)
    	at org.junit.platform.engine.support.hierarchical.NodeTestTask.execute(NodeTestTask.java:96)
    	at java.base/java.util.ArrayList.forEach(ArrayList.java:1604)
    	at org.junit.platform.engine.support.hierarchical.SameThreadHierarchicalTestExecutorService.invokeAll(SameThreadHierarchicalTestExecutorService.java:41)
    	at org.junit.platform.engine.support.hierarchical.NodeTestTask.lambda$executeRecursively$6(NodeTestTask.java:161)
    	at org.junit.platform.engine.support.hierarchical.ThrowableCollector.execute(ThrowableCollector.java:73)
    	at org.junit.platform.engine.support.hierarchical.NodeTestTask.lambda$executeRecursively$8(NodeTestTask.java:147)
    	at org.junit.platform.engine.support.hierarchical.Node.around(Node.java:137)
    	at org.junit.platform.engine.support.hierarchical.NodeTestTask.lambda$executeRecursively$9(NodeTestTask.java:145)
    	at org.junit.platform.engine.support.hierarchical.ThrowableCollector.execute(ThrowableCollector.java:73)
    	at org.junit.platform.engine.support.hierarchical.NodeTestTask.executeRecursively(NodeTestTask.java:144)
    	at org.junit.platform.engine.support.hierarchical.NodeTestTask.execute(NodeTestTask.java:101)
    	at java.base/java.util.ArrayList.forEach(ArrayList.java:1604)
    	at org.junit.platform.engine.support.hierarchical.SameThreadHierarchicalTestExecutorService.invokeAll(SameThreadHierarchicalTestExecutorService.java:41)
    	at org.junit.platform.engine.support.hierarchical.NodeTestTask.lambda$executeRecursively$6(NodeTestTask.java:161)
    	at org.junit.platform.engine.support.hierarchical.ThrowableCollector.execute(ThrowableCollector.java:73)
    	at org.junit.platform.engine.support.hierarchical.NodeTestTask.lambda$executeRecursively$8(NodeTestTask.java:147)
    	at org.junit.platform.engine.support.hierarchical.Node.around(Node.java:137)
    	at org.junit.platform.engine.support.hierarchical.NodeTestTask.lambda$executeRecursively$9(NodeTestTask.java:145)
    	at org.junit.platform.engine.support.hierarchical.ThrowableCollector.execute(ThrowableCollector.java:73)
    	at org.junit.platform.engine.support.hierarchical.NodeTestTask.executeRecursively(NodeTestTask.java:144)
    	at org.junit.platform.engine.support.hierarchical.NodeTestTask.execute(NodeTestTask.java:101)
    	at org.junit.platform.engine.support.hierarchical.SameThreadHierarchicalTestExecutorService.submit(SameThreadHierarchicalTestExecutorService.java:35)
    	at org.junit.platform.engine.support.hierarchical.HierarchicalTestExecutor.execute(HierarchicalTestExecutor.java:57)
    	at org.junit.platform.engine.support.hierarchical.HierarchicalTestEngine.execute(HierarchicalTestEngine.java:54)
    	at org.junit.platform.launcher.core.EngineExecutionOrchestrator.executeEngine(EngineExecutionOrchestrator.java:230)
    	at org.junit.platform.launcher.core.EngineExecutionOrchestrator.failOrExecuteEngine(EngineExecutionOrchestrator.java:204)
    	at org.junit.platform.launcher.core.EngineExecutionOrchestrator.execute(EngineExecutionOrchestrator.java:172)
    	at org.junit.platform.launcher.core.EngineExecutionOrchestrator.execute(EngineExecutionOrchestrator.java:101)
    	at org.junit.platform.launcher.core.EngineExecutionOrchestrator.lambda$execute$0(EngineExecutionOrchestrator.java:64)
    	at org.junit.platform.launcher.core.EngineExecutionOrchestrator.withInterceptedStreams(EngineExecutionOrchestrator.java:150)
    	at org.junit.platform.launcher.core.EngineExecutionOrchestrator.execute(EngineExecutionOrchestrator.java:63)
    	at org.junit.platform.launcher.core.DefaultLauncher.execute(DefaultLauncher.java:109)
    	at org.junit.platform.launcher.core.DefaultLauncher.execute(DefaultLauncher.java:91)
    	at org.junit.platform.launcher.core.DelegatingLauncher.execute(DelegatingLauncher.java:47)
    	at org.junit.platform.launcher.core.InterceptingLauncher.lambda$execute$1(InterceptingLauncher.java:39)
    	at org.junit.platform.launcher.core.ClasspathAlignmentCheckingLauncherInterceptor.intercept(ClasspathAlignmentCheckingLauncherInterceptor.java:25)
    	at org.junit.platform.launcher.core.InterceptingLauncher.execute(InterceptingLauncher.java:38)
    	at org.junit.platform.launcher.core.DelegatingLauncher.execute(DelegatingLauncher.java:47)
    	at org.gradle.api.internal.tasks.testing.junitplatform.JUnitPlatformTestClassProcessor$CollectAllTestClassesExecutor.processAllTestClasses(JUnitPlatformTestClassProcessor.java:135)
    	at org.gradle.api.internal.tasks.testing.junitplatform.JUnitPlatformTestClassProcessor$CollectAllTestClassesExecutor.access$000(JUnitPlatformTestClassProcessor.java:110)
    	at org.gradle.api.internal.tasks.testing.junitplatform.JUnitPlatformTestClassProcessor.stop(JUnitPlatformTestClassProcessor.java:104)
    	at org.gradle.api.internal.tasks.testing.SuiteTestClassProcessor.stop(SuiteTestClassProcessor.java:64)
    	at java.base/jdk.internal.reflect.DirectMethodHandleAccessor.invoke(DirectMethodHandleAccessor.java:104)
    	at java.base/java.lang.reflect.Method.invoke(Method.java:565)
    	at org.gradle.internal.dispatch.ReflectionDispatch.dispatch(ReflectionDispatch.java:36)
    	at org.gradle.internal.dispatch.ReflectionDispatch.dispatch(ReflectionDispatch.java:24)
    	at org.gradle.internal.dispatch.ContextClassLoaderDispatch.dispatch(ContextClassLoaderDispatch.java:33)
    	at org.gradle.internal.dispatch.ProxyDispatchAdapter$DispatchingInvocationHandler.invoke(ProxyDispatchAdapter.java:92)
    	at jdk.proxy1/jdk.proxy1.$Proxy4.stop(Unknown Source)
    	at org.gradle.api.internal.tasks.testing.worker.TestWorker$3.run(TestWorker.java:200)
    	at org.gradle.api.internal.tasks.testing.worker.TestWorker.executeAndMaintainThreadName(TestWorker.java:132)
    	at org.gradle.api.internal.tasks.testing.worker.TestWorker.execute(TestWorker.java:103)
    	at org.gradle.api.internal.tasks.testing.worker.TestWorker.execute(TestWorker.java:63)
    	at org.gradle.process.internal.worker.child.ActionExecutionWorker.execute(ActionExecutionWorker.java:56)
    	at org.gradle.process.internal.worker.child.SystemApplicationClassLoaderWorker.call(SystemApplicationClassLoaderWorker.java:122)
    	at org.gradle.process.internal.worker.child.SystemApplicationClassLoaderWorker.call(SystemApplicationClassLoaderWorker.java:72)
    	at worker.org.gradle.process.internal.worker.GradleWorkerMain.run(GradleWorkerMain.java:69)
    	at worker.org.gradle.process.internal.worker.GradleWorkerMain.main(GradleWorkerMain.java:74)

GatewaySecurityTests > should handle PUT requests with CORS headers() FAILED
    java.lang.IllegalStateException: ApplicationContext failure threshold (1) exceeded: skipping repeated attempt to load context for [ReactiveWebMergedContextConfiguration@4baf997 testClass = at.mocode.infrastructure.gateway.GatewaySecurityTests, locations = [], classes = [at.mocode.infrastructure.gateway.GatewayApplication], contextInitializerClasses = [], activeProfiles = ["test"], propertySourceDescriptors = [], propertySourceProperties = ["spring.cloud.discovery.enabled=false", "spring.cloud.consul.enabled=false", "spring.cloud.consul.config.enabled=false", "spring.cloud.consul.discovery.register=false", "spring.cloud.loadbalancer.enabled=false", "resilience4j.circuitbreaker.configs.default.registerHealthIndicator=false", "management.health.circuitbreakers.enabled=false", "gateway.security.jwt.enabled=false", "spring.main.web-application-type=reactive", "spring.cloud.gateway.server.webflux.discovery.locator.enabled=false", "server.port=0", "org.springframework.boot.test.context.SpringBootTestContextBootstrapper=true", "server.port=0"], contextCustomizers = [org.springframework.boot.test.autoconfigure.OnFailureConditionReportContextCustomizerFactory$OnFailureConditionReportContextCustomizer@2899a8db, org.springframework.boot.test.autoconfigure.actuate.observability.ObservabilityContextCustomizerFactory$DisableObservabilityContextCustomizer@1f, org.springframework.boot.test.autoconfigure.properties.PropertyMappingContextCustomizer@ec54a5c9, org.springframework.boot.test.autoconfigure.web.servlet.WebDriverContextCustomizer@3773862a, org.springframework.boot.web.server.test.client.reactive.WebTestClientContextCustomizer@22175d4f, org.springframework.boot.web.server.test.reactor.netty.DisableReactorResourceFactoryGlobalResourcesContextCustomizerFactory$DisableReactorResourceFactoryGlobalResourcesContextCustomizerCustomizer@405325cf, [ImportsContextCustomizer@5280688 key = [org.springframework.boot.security.autoconfigure.reactive.ReactiveSecurityAutoConfiguration, org.springframework.boot.security.oauth2.client.autoconfigure.reactive.ReactiveOAuth2ClientWebSecurityAutoConfiguration, at.mocode.infrastructure.gateway.GatewaySecurityTests$TestSecurityConfig, org.springframework.boot.security.oauth2.server.resource.autoconfigure.reactive.ReactiveOAuth2ResourceServerAutoConfiguration, org.springframework.boot.security.autoconfigure.reactive.ReactiveUserDetailsServiceAutoConfiguration, at.mocode.infrastructure.gateway.config.TestSecurityConfig, org.springframework.boot.security.oauth2.client.autoconfigure.reactive.ReactiveOAuth2ClientAutoConfiguration, org.springframework.boot.test.autoconfigure.web.reactive.WebTestClientAutoConfiguration]], org.springframework.boot.test.context.filter.ExcludeFilterContextCustomizer@341a8659, org.springframework.boot.test.json.DuplicateJsonObjectContextCustomizerFactory$DuplicateJsonObjectContextCustomizer@181d7f28, org.springframework.test.context.support.DynamicPropertiesContextCustomizer@0, org.springframework.boot.test.context.SpringBootTestAnnotation@5e02380f], contextLoader = org.springframework.boot.test.context.SpringBootContextLoader, parent = null]
        at org.springframework.test.context.cache.DefaultCacheAwareContextLoaderDelegate.loadContext(DefaultCacheAwareContextLoaderDelegate.java:150)
        at org.springframework.test.context.support.DefaultTestContext.getApplicationContext(DefaultTestContext.java:128)
        at org.springframework.test.context.support.DependencyInjectionTestExecutionListener.injectDependencies(DependencyInjectionTestExecutionListener.java:155)
        at org.springframework.test.context.support.DependencyInjectionTestExecutionListener.prepareTestInstance(DependencyInjectionTestExecutionListener.java:111)
        at org.springframework.test.context.TestContextManager.prepareTestInstance(TestContextManager.java:260)
        at org.springframework.test.context.junit.jupiter.SpringExtension.postProcessTestInstance(SpringExtension.java:159)
        at java.base/java.util.stream.ForEachOps$ForEachOp$OfRef.accept(ForEachOps.java:186)
        at java.base/java.util.stream.ReferencePipeline$3$1.accept(ReferencePipeline.java:214)
        at java.base/java.util.stream.ReferencePipeline$2$1.accept(ReferencePipeline.java:197)
        at java.base/java.util.stream.ReferencePipeline$3$1.accept(ReferencePipeline.java:214)
        at java.base/java.util.ArrayList$ArrayListSpliterator.forEachRemaining(ArrayList.java:1716)
        at java.base/java.util.stream.AbstractPipeline.copyInto(AbstractPipeline.java:570)
        at java.base/java.util.stream.AbstractPipeline.wrapAndCopyInto(AbstractPipeline.java:560)
        at java.base/java.util.stream.ForEachOps$ForEachOp.evaluateSequential(ForEachOps.java:153)
        at java.base/java.util.stream.ForEachOps$ForEachOp$OfRef.evaluateSequential(ForEachOps.java:176)
        at java.base/java.util.stream.AbstractPipeline.evaluate(AbstractPipeline.java:265)
        at java.base/java.util.stream.ReferencePipeline.forEach(ReferencePipeline.java:632)
        at java.base/java.util.Optional.orElseGet(Optional.java:364)
        at java.base/java.util.ArrayList.forEach(ArrayList.java:1604)
        at java.base/java.util.ArrayList.forEach(ArrayList.java:1604)

GatewaySecurityTests STANDARD_OUT
    15:52:44.398 [Test worker] WARN  o.s.test.context.TestContextManager - Caught exception while allowing TestExecutionListener [org.springframework.test.context.support.DependencyInjectionTestExecutionListener] to prepare test instance [at.mocode.infrastructure.gateway.GatewaySecurityTests@356b6b5d]
    java.lang.IllegalStateException: ApplicationContext failure threshold (1) exceeded: skipping repeated attempt to load context for [ReactiveWebMergedContextConfiguration@4baf997 testClass = at.mocode.infrastructure.gateway.GatewaySecurityTests, locations = [], classes = [at.mocode.infrastructure.gateway.GatewayApplication], contextInitializerClasses = [], activeProfiles = ["test"], propertySourceDescriptors = [], propertySourceProperties = ["spring.cloud.discovery.enabled=false", "spring.cloud.consul.enabled=false", "spring.cloud.consul.config.enabled=false", "spring.cloud.consul.discovery.register=false", "spring.cloud.loadbalancer.enabled=false", "resilience4j.circuitbreaker.configs.default.registerHealthIndicator=false", "management.health.circuitbreakers.enabled=false", "gateway.security.jwt.enabled=false", "spring.main.web-application-type=reactive", "spring.cloud.gateway.server.webflux.discovery.locator.enabled=false", "server.port=0", "org.springframework.boot.test.context.SpringBootTestContextBootstrapper=true", "server.port=0"], contextCustomizers = [org.springframework.boot.test.autoconfigure.OnFailureConditionReportContextCustomizerFactory$OnFailureConditionReportContextCustomizer@2899a8db, org.springframework.boot.test.autoconfigure.actuate.observability.ObservabilityContextCustomizerFactory$DisableObservabilityContextCustomizer@1f, org.springframework.boot.test.autoconfigure.properties.PropertyMappingContextCustomizer@ec54a5c9, org.springframework.boot.test.autoconfigure.web.servlet.WebDriverContextCustomizer@3773862a, org.springframework.boot.web.server.test.client.reactive.WebTestClientContextCustomizer@22175d4f, org.springframework.boot.web.server.test.reactor.netty.DisableReactorResourceFactoryGlobalResourcesContextCustomizerFactory$DisableReactorResourceFactoryGlobalResourcesContextCustomizerCustomizer@405325cf, [ImportsContextCustomizer@5280688 key = [org.springframework.boot.security.autoconfigure.reactive.ReactiveSecurityAutoConfiguration, org.springframework.boot.security.oauth2.client.autoconfigure.reactive.ReactiveOAuth2ClientWebSecurityAutoConfiguration, at.mocode.infrastructure.gateway.GatewaySecurityTests$TestSecurityConfig, org.springframework.boot.security.oauth2.server.resource.autoconfigure.reactive.ReactiveOAuth2ResourceServerAutoConfiguration, org.springframework.boot.security.autoconfigure.reactive.ReactiveUserDetailsServiceAutoConfiguration, at.mocode.infrastructure.gateway.config.TestSecurityConfig, org.springframework.boot.security.oauth2.client.autoconfigure.reactive.ReactiveOAuth2ClientAutoConfiguration, org.springframework.boot.test.autoconfigure.web.reactive.WebTestClientAutoConfiguration]], org.springframework.boot.test.context.filter.ExcludeFilterContextCustomizer@341a8659, org.springframework.boot.test.json.DuplicateJsonObjectContextCustomizerFactory$DuplicateJsonObjectContextCustomizer@181d7f28, org.springframework.test.context.support.DynamicPropertiesContextCustomizer@0, org.springframework.boot.test.context.SpringBootTestAnnotation@5e02380f], contextLoader = org.springframework.boot.test.context.SpringBootContextLoader, parent = null]
    	at org.springframework.test.context.cache.DefaultCacheAwareContextLoaderDelegate.loadContext(DefaultCacheAwareContextLoaderDelegate.java:150)
    	at org.springframework.test.context.support.DefaultTestContext.getApplicationContext(DefaultTestContext.java:128)
    	at org.springframework.test.context.support.DependencyInjectionTestExecutionListener.injectDependencies(DependencyInjectionTestExecutionListener.java:155)
    	at org.springframework.test.context.support.DependencyInjectionTestExecutionListener.prepareTestInstance(DependencyInjectionTestExecutionListener.java:111)
    	at org.springframework.test.context.TestContextManager.prepareTestInstance(TestContextManager.java:260)
    	at org.springframework.test.context.junit.jupiter.SpringExtension.postProcessTestInstance(SpringExtension.java:159)
    	at org.junit.jupiter.engine.descriptor.ClassBasedTestDescriptor.lambda$invokeTestInstancePostProcessors$10(ClassBasedTestDescriptor.java:383)
    	at org.junit.jupiter.engine.descriptor.ClassBasedTestDescriptor.executeAndMaskThrowable(ClassBasedTestDescriptor.java:388)
    	at org.junit.jupiter.engine.descriptor.ClassBasedTestDescriptor.lambda$invokeTestInstancePostProcessors$11(ClassBasedTestDescriptor.java:382)
    	at java.base/java.util.stream.ForEachOps$ForEachOp$OfRef.accept(ForEachOps.java:186)
    	at java.base/java.util.stream.ReferencePipeline$3$1.accept(ReferencePipeline.java:214)
    	at java.base/java.util.stream.ReferencePipeline$2$1.accept(ReferencePipeline.java:197)
    	at java.base/java.util.stream.ReferencePipeline$3$1.accept(ReferencePipeline.java:214)
    	at java.base/java.util.ArrayList$ArrayListSpliterator.forEachRemaining(ArrayList.java:1716)
    	at java.base/java.util.stream.AbstractPipeline.copyInto(AbstractPipeline.java:570)
    	at java.base/java.util.stream.AbstractPipeline.wrapAndCopyInto(AbstractPipeline.java:560)
    	at java.base/java.util.stream.ForEachOps$ForEachOp.evaluateSequential(ForEachOps.java:153)
    	at java.base/java.util.stream.ForEachOps$ForEachOp$OfRef.evaluateSequential(ForEachOps.java:176)
    	at java.base/java.util.stream.AbstractPipeline.evaluate(AbstractPipeline.java:265)
    	at java.base/java.util.stream.ReferencePipeline.forEach(ReferencePipeline.java:632)
    	at org.junit.jupiter.engine.descriptor.ClassBasedTestDescriptor.invokeTestInstancePostProcessors(ClassBasedTestDescriptor.java:382)
    	at org.junit.jupiter.engine.descriptor.ClassBasedTestDescriptor.lambda$instantiateAndPostProcessTestInstance$6(ClassBasedTestDescriptor.java:293)
    	at org.junit.platform.engine.support.hierarchical.ThrowableCollector.execute(ThrowableCollector.java:73)
    	at org.junit.jupiter.engine.descriptor.ClassBasedTestDescriptor.instantiateAndPostProcessTestInstance(ClassBasedTestDescriptor.java:292)
    	at org.junit.jupiter.engine.descriptor.ClassBasedTestDescriptor.lambda$testInstancesProvider$4(ClassBasedTestDescriptor.java:281)
    	at java.base/java.util.Optional.orElseGet(Optional.java:364)
    	at org.junit.jupiter.engine.descriptor.ClassBasedTestDescriptor.lambda$testInstancesProvider$5(ClassBasedTestDescriptor.java:280)
    	at org.junit.jupiter.engine.execution.TestInstancesProvider.getTestInstances(TestInstancesProvider.java:27)
    	at org.junit.jupiter.engine.descriptor.TestMethodTestDescriptor.lambda$prepare$0(TestMethodTestDescriptor.java:112)
    	at org.junit.platform.engine.support.hierarchical.ThrowableCollector.execute(ThrowableCollector.java:73)
    	at org.junit.jupiter.engine.descriptor.TestMethodTestDescriptor.prepare(TestMethodTestDescriptor.java:111)
    	at org.junit.jupiter.engine.descriptor.TestMethodTestDescriptor.prepare(TestMethodTestDescriptor.java:69)
    	at org.junit.platform.engine.support.hierarchical.NodeTestTask.lambda$prepare$2(NodeTestTask.java:129)
    	at org.junit.platform.engine.support.hierarchical.ThrowableCollector.execute(ThrowableCollector.java:73)
    	at org.junit.platform.engine.support.hierarchical.NodeTestTask.prepare(NodeTestTask.java:129)
    	at org.junit.platform.engine.support.hierarchical.NodeTestTask.execute(NodeTestTask.java:96)
    	at java.base/java.util.ArrayList.forEach(ArrayList.java:1604)
    	at org.junit.platform.engine.support.hierarchical.SameThreadHierarchicalTestExecutorService.invokeAll(SameThreadHierarchicalTestExecutorService.java:41)
    	at org.junit.platform.engine.support.hierarchical.NodeTestTask.lambda$executeRecursively$6(NodeTestTask.java:161)
    	at org.junit.platform.engine.support.hierarchical.ThrowableCollector.execute(ThrowableCollector.java:73)
    	at org.junit.platform.engine.support.hierarchical.NodeTestTask.lambda$executeRecursively$8(NodeTestTask.java:147)
    	at org.junit.platform.engine.support.hierarchical.Node.around(Node.java:137)
    	at org.junit.platform.engine.support.hierarchical.NodeTestTask.lambda$executeRecursively$9(NodeTestTask.java:145)
    	at org.junit.platform.engine.support.hierarchical.ThrowableCollector.execute(ThrowableCollector.java:73)
    	at org.junit.platform.engine.support.hierarchical.NodeTestTask.executeRecursively(NodeTestTask.java:144)
    	at org.junit.platform.engine.support.hierarchical.NodeTestTask.execute(NodeTestTask.java:101)
    	at java.base/java.util.ArrayList.forEach(ArrayList.java:1604)
    	at org.junit.platform.engine.support.hierarchical.SameThreadHierarchicalTestExecutorService.invokeAll(SameThreadHierarchicalTestExecutorService.java:41)

Gradle Test Executor 3 finished executing tests.

> Task :backend:infrastructure:gateway:test FAILED
    	at org.junit.platform.engine.support.hierarchical.NodeTestTask.lambda$executeRecursively$6(NodeTestTask.java:161)
    	at org.junit.platform.engine.support.hierarchical.ThrowableCollector.execute(ThrowableCollector.java:73)
    	at org.junit.platform.engine.support.hierarchical.NodeTestTask.lambda$executeRecursively$8(NodeTestTask.java:147)
    	at org.junit.platform.engine.support.hierarchical.Node.around(Node.java:137)
    	at org.junit.platform.engine.support.hierarchical.NodeTestTask.lambda$executeRecursively$9(NodeTestTask.java:145)
    	at org.junit.platform.engine.support.hierarchical.ThrowableCollector.execute(ThrowableCollector.java:73)
    	at org.junit.platform.engine.support.hierarchical.NodeTestTask.executeRecursively(NodeTestTask.java:144)
    	at org.junit.platform.engine.support.hierarchical.NodeTestTask.execute(NodeTestTask.java:101)
    	at org.junit.platform.engine.support.hierarchical.SameThreadHierarchicalTestExecutorService.submit(SameThreadHierarchicalTestExecutorService.java:35)
    	at org.junit.platform.engine.support.hierarchical.HierarchicalTestExecutor.execute(HierarchicalTestExecutor.java:57)
    	at org.junit.platform.engine.support.hierarchical.HierarchicalTestEngine.execute(HierarchicalTestEngine.java:54)
    	at org.junit.platform.launcher.core.EngineExecutionOrchestrator.executeEngine(EngineExecutionOrchestrator.java:230)
    	at org.junit.platform.launcher.core.EngineExecutionOrchestrator.failOrExecuteEngine(EngineExecutionOrchestrator.java:204)
    	at org.junit.platform.launcher.core.EngineExecutionOrchestrator.execute(EngineExecutionOrchestrator.java:172)
    	at org.junit.platform.launcher.core.EngineExecutionOrchestrator.execute(EngineExecutionOrchestrator.java:101)
    	at org.junit.platform.launcher.core.EngineExecutionOrchestrator.lambda$execute$0(EngineExecutionOrchestrator.java:64)
    	at org.junit.platform.launcher.core.EngineExecutionOrchestrator.withInterceptedStreams(EngineExecutionOrchestrator.java:150)
    	at org.junit.platform.launcher.core.EngineExecutionOrchestrator.execute(EngineExecutionOrchestrator.java:63)
    	at org.junit.platform.launcher.core.DefaultLauncher.execute(DefaultLauncher.java:109)
    	at org.junit.platform.launcher.core.DefaultLauncher.execute(DefaultLauncher.java:91)
    	at org.junit.platform.launcher.core.DelegatingLauncher.execute(DelegatingLauncher.java:47)
    	at org.junit.platform.launcher.core.InterceptingLauncher.lambda$execute$1(InterceptingLauncher.java:39)
    	at org.junit.platform.launcher.core.ClasspathAlignmentCheckingLauncherInterceptor.intercept(ClasspathAlignmentCheckingLauncherInterceptor.java:25)
    	at org.junit.platform.launcher.core.InterceptingLauncher.execute(InterceptingLauncher.java:38)
    	at org.junit.platform.launcher.core.DelegatingLauncher.execute(DelegatingLauncher.java:47)
    	at org.gradle.api.internal.tasks.testing.junitplatform.JUnitPlatformTestClassProcessor$CollectAllTestClassesExecutor.processAllTestClasses(JUnitPlatformTestClassProcessor.java:135)
    	at org.gradle.api.internal.tasks.testing.junitplatform.JUnitPlatformTestClassProcessor$CollectAllTestClassesExecutor.access$000(JUnitPlatformTestClassProcessor.java:110)
    	at org.gradle.api.internal.tasks.testing.junitplatform.JUnitPlatformTestClassProcessor.stop(JUnitPlatformTestClassProcessor.java:104)
    	at org.gradle.api.internal.tasks.testing.SuiteTestClassProcessor.stop(SuiteTestClassProcessor.java:64)
    	at java.base/jdk.internal.reflect.DirectMethodHandleAccessor.invoke(DirectMethodHandleAccessor.java:104)
    	at java.base/java.lang.reflect.Method.invoke(Method.java:565)
    	at org.gradle.internal.dispatch.ReflectionDispatch.dispatch(ReflectionDispatch.java:36)
    	at org.gradle.internal.dispatch.ReflectionDispatch.dispatch(ReflectionDispatch.java:24)
    	at org.gradle.internal.dispatch.ContextClassLoaderDispatch.dispatch(ContextClassLoaderDispatch.java:33)
    	at org.gradle.internal.dispatch.ProxyDispatchAdapter$DispatchingInvocationHandler.invoke(ProxyDispatchAdapter.java:92)
    	at jdk.proxy1/jdk.proxy1.$Proxy4.stop(Unknown Source)
    	at org.gradle.api.internal.tasks.testing.worker.TestWorker$3.run(TestWorker.java:200)
    	at org.gradle.api.internal.tasks.testing.worker.TestWorker.executeAndMaintainThreadName(TestWorker.java:132)
    	at org.gradle.api.internal.tasks.testing.worker.TestWorker.execute(TestWorker.java:103)
    	at org.gradle.api.internal.tasks.testing.worker.TestWorker.execute(TestWorker.java:63)
    	at org.gradle.process.internal.worker.child.ActionExecutionWorker.execute(ActionExecutionWorker.java:56)
    	at org.gradle.process.internal.worker.child.SystemApplicationClassLoaderWorker.call(SystemApplicationClassLoaderWorker.java:122)
    	at org.gradle.process.internal.worker.child.SystemApplicationClassLoaderWorker.call(SystemApplicationClassLoaderWorker.java:72)
    	at worker.org.gradle.process.internal.worker.GradleWorkerMain.run(GradleWorkerMain.java:69)
    	at worker.org.gradle.process.internal.worker.GradleWorkerMain.main(GradleWorkerMain.java:74)

GatewaySecurityTests > should allow requests from meldestelle domain() FAILED
    java.lang.IllegalStateException: ApplicationContext failure threshold (1) exceeded: skipping repeated attempt to load context for [ReactiveWebMergedContextConfiguration@4baf997 testClass = at.mocode.infrastructure.gateway.GatewaySecurityTests, locations = [], classes = [at.mocode.infrastructure.gateway.GatewayApplication], contextInitializerClasses = [], activeProfiles = ["test"], propertySourceDescriptors = [], propertySourceProperties = ["spring.cloud.discovery.enabled=false", "spring.cloud.consul.enabled=false", "spring.cloud.consul.config.enabled=false", "spring.cloud.consul.discovery.register=false", "spring.cloud.loadbalancer.enabled=false", "resilience4j.circuitbreaker.configs.default.registerHealthIndicator=false", "management.health.circuitbreakers.enabled=false", "gateway.security.jwt.enabled=false", "spring.main.web-application-type=reactive", "spring.cloud.gateway.server.webflux.discovery.locator.enabled=false", "server.port=0", "org.springframework.boot.test.context.SpringBootTestContextBootstrapper=true", "server.port=0"], contextCustomizers = [org.springframework.boot.test.autoconfigure.OnFailureConditionReportContextCustomizerFactory$OnFailureConditionReportContextCustomizer@2899a8db, org.springframework.boot.test.autoconfigure.actuate.observability.ObservabilityContextCustomizerFactory$DisableObservabilityContextCustomizer@1f, org.springframework.boot.test.autoconfigure.properties.PropertyMappingContextCustomizer@ec54a5c9, org.springframework.boot.test.autoconfigure.web.servlet.WebDriverContextCustomizer@3773862a, org.springframework.boot.web.server.test.client.reactive.WebTestClientContextCustomizer@22175d4f, org.springframework.boot.web.server.test.reactor.netty.DisableReactorResourceFactoryGlobalResourcesContextCustomizerFactory$DisableReactorResourceFactoryGlobalResourcesContextCustomizerCustomizer@405325cf, [ImportsContextCustomizer@5280688 key = [org.springframework.boot.security.autoconfigure.reactive.ReactiveSecurityAutoConfiguration, org.springframework.boot.security.oauth2.client.autoconfigure.reactive.ReactiveOAuth2ClientWebSecurityAutoConfiguration, at.mocode.infrastructure.gateway.GatewaySecurityTests$TestSecurityConfig, org.springframework.boot.security.oauth2.server.resource.autoconfigure.reactive.ReactiveOAuth2ResourceServerAutoConfiguration, org.springframework.boot.security.autoconfigure.reactive.ReactiveUserDetailsServiceAutoConfiguration, at.mocode.infrastructure.gateway.config.TestSecurityConfig, org.springframework.boot.security.oauth2.client.autoconfigure.reactive.ReactiveOAuth2ClientAutoConfiguration, org.springframework.boot.test.autoconfigure.web.reactive.WebTestClientAutoConfiguration]], org.springframework.boot.test.context.filter.ExcludeFilterContextCustomizer@341a8659, org.springframework.boot.test.json.DuplicateJsonObjectContextCustomizerFactory$DuplicateJsonObjectContextCustomizer@181d7f28, org.springframework.test.context.support.DynamicPropertiesContextCustomizer@0, org.springframework.boot.test.context.SpringBootTestAnnotation@5e02380f], contextLoader = org.springframework.boot.test.context.SpringBootContextLoader, parent = null]
        at org.springframework.test.context.cache.DefaultCacheAwareContextLoaderDelegate.loadContext(DefaultCacheAwareContextLoaderDelegate.java:150)
        at org.springframework.test.context.support.DefaultTestContext.getApplicationContext(DefaultTestContext.java:128)
        at org.springframework.test.context.support.DependencyInjectionTestExecutionListener.injectDependencies(DependencyInjectionTestExecutionListener.java:155)
        at org.springframework.test.context.support.DependencyInjectionTestExecutionListener.prepareTestInstance(DependencyInjectionTestExecutionListener.java:111)
        at org.springframework.test.context.TestContextManager.prepareTestInstance(TestContextManager.java:260)
        at org.springframework.test.context.junit.jupiter.SpringExtension.postProcessTestInstance(SpringExtension.java:159)
        at java.base/java.util.stream.ForEachOps$ForEachOp$OfRef.accept(ForEachOps.java:186)
        at java.base/java.util.stream.ReferencePipeline$3$1.accept(ReferencePipeline.java:214)
        at java.base/java.util.stream.ReferencePipeline$2$1.accept(ReferencePipeline.java:197)
        at java.base/java.util.stream.ReferencePipeline$3$1.accept(ReferencePipeline.java:214)
        at java.base/java.util.ArrayList$ArrayListSpliterator.forEachRemaining(ArrayList.java:1716)
        at java.base/java.util.stream.AbstractPipeline.copyInto(AbstractPipeline.java:570)
        at java.base/java.util.stream.AbstractPipeline.wrapAndCopyInto(AbstractPipeline.java:560)
        at java.base/java.util.stream.ForEachOps$ForEachOp.evaluateSequential(ForEachOps.java:153)
        at java.base/java.util.stream.ForEachOps$ForEachOp$OfRef.evaluateSequential(ForEachOps.java:176)
        at java.base/java.util.stream.AbstractPipeline.evaluate(AbstractPipeline.java:265)
        at java.base/java.util.stream.ReferencePipeline.forEach(ReferencePipeline.java:632)
        at java.base/java.util.Optional.orElseGet(Optional.java:364)
        at java.base/java.util.ArrayList.forEach(ArrayList.java:1604)
        at java.base/java.util.ArrayList.forEach(ArrayList.java:1604)

GatewaySecurityTests STANDARD_OUT
    15:52:44.400 [Test worker] WARN  o.s.test.context.TestContextManager - Caught exception while allowing TestExecutionListener [org.springframework.test.context.support.DependencyInjectionTestExecutionListener] to prepare test instance [at.mocode.infrastructure.gateway.GatewaySecurityTests@1187dc82]
    java.lang.IllegalStateException: ApplicationContext failure threshold (1) exceeded: skipping repeated attempt to load context for [ReactiveWebMergedContextConfiguration@4baf997 testClass = at.mocode.infrastructure.gateway.GatewaySecurityTests, locations = [], classes = [at.mocode.infrastructure.gateway.GatewayApplication], contextInitializerClasses = [], activeProfiles = ["test"], propertySourceDescriptors = [], propertySourceProperties = ["spring.cloud.discovery.enabled=false", "spring.cloud.consul.enabled=false", "spring.cloud.consul.config.enabled=false", "spring.cloud.consul.discovery.register=false", "spring.cloud.loadbalancer.enabled=false", "resilience4j.circuitbreaker.configs.default.registerHealthIndicator=false", "management.health.circuitbreakers.enabled=false", "gateway.security.jwt.enabled=false", "spring.main.web-application-type=reactive", "spring.cloud.gateway.server.webflux.discovery.locator.enabled=false", "server.port=0", "org.springframework.boot.test.context.SpringBootTestContextBootstrapper=true", "server.port=0"], contextCustomizers = [org.springframework.boot.test.autoconfigure.OnFailureConditionReportContextCustomizerFactory$OnFailureConditionReportContextCustomizer@2899a8db, org.springframework.boot.test.autoconfigure.actuate.observability.ObservabilityContextCustomizerFactory$DisableObservabilityContextCustomizer@1f, org.springframework.boot.test.autoconfigure.properties.PropertyMappingContextCustomizer@ec54a5c9, org.springframework.boot.test.autoconfigure.web.servlet.WebDriverContextCustomizer@3773862a, org.springframework.boot.web.server.test.client.reactive.WebTestClientContextCustomizer@22175d4f, org.springframework.boot.web.server.test.reactor.netty.DisableReactorResourceFactoryGlobalResourcesContextCustomizerFactory$DisableReactorResourceFactoryGlobalResourcesContextCustomizerCustomizer@405325cf, [ImportsContextCustomizer@5280688 key = [org.springframework.boot.security.autoconfigure.reactive.ReactiveSecurityAutoConfiguration, org.springframework.boot.security.oauth2.client.autoconfigure.reactive.ReactiveOAuth2ClientWebSecurityAutoConfiguration, at.mocode.infrastructure.gateway.GatewaySecurityTests$TestSecurityConfig, org.springframework.boot.security.oauth2.server.resource.autoconfigure.reactive.ReactiveOAuth2ResourceServerAutoConfiguration, org.springframework.boot.security.autoconfigure.reactive.ReactiveUserDetailsServiceAutoConfiguration, at.mocode.infrastructure.gateway.config.TestSecurityConfig, org.springframework.boot.security.oauth2.client.autoconfigure.reactive.ReactiveOAuth2ClientAutoConfiguration, org.springframework.boot.test.autoconfigure.web.reactive.WebTestClientAutoConfiguration]], org.springframework.boot.test.context.filter.ExcludeFilterContextCustomizer@341a8659, org.springframework.boot.test.json.DuplicateJsonObjectContextCustomizerFactory$DuplicateJsonObjectContextCustomizer@181d7f28, org.springframework.test.context.support.DynamicPropertiesContextCustomizer@0, org.springframework.boot.test.context.SpringBootTestAnnotation@5e02380f], contextLoader = org.springframework.boot.test.context.SpringBootContextLoader, parent = null]
    	at org.springframework.test.context.cache.DefaultCacheAwareContextLoaderDelegate.loadContext(DefaultCacheAwareContextLoaderDelegate.java:150)
    	at org.springframework.test.context.support.DefaultTestContext.getApplicationContext(DefaultTestContext.java:128)
    	at org.springframework.test.context.support.DependencyInjectionTestExecutionListener.injectDependencies(DependencyInjectionTestExecutionListener.java:155)
    	at org.springframework.test.context.support.DependencyInjectionTestExecutionListener.prepareTestInstance(DependencyInjectionTestExecutionListener.java:111)
    	at org.springframework.test.context.TestContextManager.prepareTestInstance(TestContextManager.java:260)
    	at org.springframework.test.context.junit.jupiter.SpringExtension.postProcessTestInstance(SpringExtension.java:159)
    	at org.junit.jupiter.engine.descriptor.ClassBasedTestDescriptor.lambda$invokeTestInstancePostProcessors$10(ClassBasedTestDescriptor.java:383)
    	at org.junit.jupiter.engine.descriptor.ClassBasedTestDescriptor.executeAndMaskThrowable(ClassBasedTestDescriptor.java:388)
    	at org.junit.jupiter.engine.descriptor.ClassBasedTestDescriptor.lambda$invokeTestInstancePostProcessors$11(ClassBasedTestDescriptor.java:382)
    	at java.base/java.util.stream.ForEachOps$ForEachOp$OfRef.accept(ForEachOps.java:186)
    	at java.base/java.util.stream.ReferencePipeline$3$1.accept(ReferencePipeline.java:214)
    	at java.base/java.util.stream.ReferencePipeline$2$1.accept(ReferencePipeline.java:197)
    	at java.base/java.util.stream.ReferencePipeline$3$1.accept(ReferencePipeline.java:214)
    	at java.base/java.util.ArrayList$ArrayListSpliterator.forEachRemaining(ArrayList.java:1716)
    	at java.base/java.util.stream.AbstractPipeline.copyInto(AbstractPipeline.java:570)
    	at java.base/java.util.stream.AbstractPipeline.wrapAndCopyInto(AbstractPipeline.java:560)
    	at java.base/java.util.stream.ForEachOps$ForEachOp.evaluateSequential(ForEachOps.java:153)
    	at java.base/java.util.stream.ForEachOps$ForEachOp$OfRef.evaluateSequential(ForEachOps.java:176)
    	at java.base/java.util.stream.AbstractPipeline.evaluate(AbstractPipeline.java:265)
    	at java.base/java.util.stream.ReferencePipeline.forEach(ReferencePipeline.java:632)
    	at org.junit.jupiter.engine.descriptor.ClassBasedTestDescriptor.invokeTestInstancePostProcessors(ClassBasedTestDescriptor.java:382)
    	at org.junit.jupiter.engine.descriptor.ClassBasedTestDescriptor.lambda$instantiateAndPostProcessTestInstance$6(ClassBasedTestDescriptor.java:293)
    	at org.junit.platform.engine.support.hierarchical.ThrowableCollector.execute(ThrowableCollector.java:73)
    	at org.junit.jupiter.engine.descriptor.ClassBasedTestDescriptor.instantiateAndPostProcessTestInstance(ClassBasedTestDescriptor.java:292)
    	at org.junit.jupiter.engine.descriptor.ClassBasedTestDescriptor.lambda$testInstancesProvider$4(ClassBasedTestDescriptor.java:281)
    	at java.base/java.util.Optional.orElseGet(Optional.java:364)
    	at org.junit.jupiter.engine.descriptor.ClassBasedTestDescriptor.lambda$testInstancesProvider$5(ClassBasedTestDescriptor.java:280)
    	at org.junit.jupiter.engine.execution.TestInstancesProvider.getTestInstances(TestInstancesProvider.java:27)
    	at org.junit.jupiter.engine.descriptor.TestMethodTestDescriptor.lambda$prepare$0(TestMethodTestDescriptor.java:112)
    	at org.junit.platform.engine.support.hierarchical.ThrowableCollector.execute(ThrowableCollector.java:73)
    	at org.junit.jupiter.engine.descriptor.TestMethodTestDescriptor.prepare(TestMethodTestDescriptor.java:111)
    	at org.junit.jupiter.engine.descriptor.TestMethodTestDescriptor.prepare(TestMethodTestDescriptor.java:69)
    	at org.junit.platform.engine.support.hierarchical.NodeTestTask.lambda$prepare$2(NodeTestTask.java:129)
    	at org.junit.platform.engine.support.hierarchical.ThrowableCollector.execute(ThrowableCollector.java:73)
    	at org.junit.platform.engine.support.hierarchical.NodeTestTask.prepare(NodeTestTask.java:129)
    	at org.junit.platform.engine.support.hierarchical.NodeTestTask.execute(NodeTestTask.java:96)
    	at java.base/java.util.ArrayList.forEach(ArrayList.java:1604)
    	at org.junit.platform.engine.support.hierarchical.SameThreadHierarchicalTestExecutorService.invokeAll(SameThreadHierarchicalTestExecutorService.java:41)
    	at org.junit.platform.engine.support.hierarchical.NodeTestTask.lambda$executeRecursively$6(NodeTestTask.java:161)
    	at org.junit.platform.engine.support.hierarchical.ThrowableCollector.execute(ThrowableCollector.java:73)
    	at org.junit.platform.engine.support.hierarchical.NodeTestTask.lambda$executeRecursively$8(NodeTestTask.java:147)
    	at org.junit.platform.engine.support.hierarchical.Node.around(Node.java:137)
    	at org.junit.platform.engine.support.hierarchical.NodeTestTask.lambda$executeRecursively$9(NodeTestTask.java:145)
    	at org.junit.platform.engine.support.hierarchical.ThrowableCollector.execute(ThrowableCollector.java:73)
    	at org.junit.platform.engine.support.hierarchical.NodeTestTask.executeRecursively(NodeTestTask.java:144)
    	at org.junit.platform.engine.support.hierarchical.NodeTestTask.execute(NodeTestTask.java:101)
    	at java.base/java.util.ArrayList.forEach(ArrayList.java:1604)
    	at org.junit.platform.engine.support.hierarchical.SameThreadHierarchicalTestExecutorService.invokeAll(SameThreadHierarchicalTestExecutorService.java:41)
    	at org.junit.platform.engine.support.hierarchical.NodeTestTask.lambda$executeRecursively$6(NodeTestTask.java:161)
    	at org.junit.platform.engine.support.hierarchical.ThrowableCollector.execute(ThrowableCollector.java:73)
    	at org.junit.platform.engine.support.hierarchical.NodeTestTask.lambda$executeRecursively$8(NodeTestTask.java:147)
    	at org.junit.platform.engine.support.hierarchical.Node.around(Node.java:137)
    	at org.junit.platform.engine.support.hierarchical.NodeTestTask.lambda$executeRecursively$9(NodeTestTask.java:145)
    	at org.junit.platform.engine.support.hierarchical.ThrowableCollector.execute(ThrowableCollector.java:73)
    	at org.junit.platform.engine.support.hierarchical.NodeTestTask.executeRecursively(NodeTestTask.java:144)
    	at org.junit.platform.engine.support.hierarchical.NodeTestTask.execute(NodeTestTask.java:101)
    	at org.junit.platform.engine.support.hierarchical.SameThreadHierarchicalTestExecutorService.submit(SameThreadHierarchicalTestExecutorService.java:35)
    	at org.junit.platform.engine.support.hierarchical.HierarchicalTestExecutor.execute(HierarchicalTestExecutor.java:57)
    	at org.junit.platform.engine.support.hierarchical.HierarchicalTestEngine.execute(HierarchicalTestEngine.java:54)
    	at org.junit.platform.launcher.core.EngineExecutionOrchestrator.executeEngine(EngineExecutionOrchestrator.java:230)
    	at org.junit.platform.launcher.core.EngineExecutionOrchestrator.failOrExecuteEngine(EngineExecutionOrchestrator.java:204)
    	at org.junit.platform.launcher.core.EngineExecutionOrchestrator.execute(EngineExecutionOrchestrator.java:172)
    	at org.junit.platform.launcher.core.EngineExecutionOrchestrator.execute(EngineExecutionOrchestrator.java:101)
    	at org.junit.platform.launcher.core.EngineExecutionOrchestrator.lambda$execute$0(EngineExecutionOrchestrator.java:64)
    	at org.junit.platform.launcher.core.EngineExecutionOrchestrator.withInterceptedStreams(EngineExecutionOrchestrator.java:150)
    	at org.junit.platform.launcher.core.EngineExecutionOrchestrator.execute(EngineExecutionOrchestrator.java:63)
    	at org.junit.platform.launcher.core.DefaultLauncher.execute(DefaultLauncher.java:109)
    	at org.junit.platform.launcher.core.DefaultLauncher.execute(DefaultLauncher.java:91)
    	at org.junit.platform.launcher.core.DelegatingLauncher.execute(DelegatingLauncher.java:47)
    	at org.junit.platform.launcher.core.InterceptingLauncher.lambda$execute$1(InterceptingLauncher.java:39)
    	at org.junit.platform.launcher.core.ClasspathAlignmentCheckingLauncherInterceptor.intercept(ClasspathAlignmentCheckingLauncherInterceptor.java:25)
    	at org.junit.platform.launcher.core.InterceptingLauncher.execute(InterceptingLauncher.java:38)
    	at org.junit.platform.launcher.core.DelegatingLauncher.execute(DelegatingLauncher.java:47)
    	at org.gradle.api.internal.tasks.testing.junitplatform.JUnitPlatformTestClassProcessor$CollectAllTestClassesExecutor.processAllTestClasses(JUnitPlatformTestClassProcessor.java:135)
    	at org.gradle.api.internal.tasks.testing.junitplatform.JUnitPlatformTestClassProcessor$CollectAllTestClassesExecutor.access$000(JUnitPlatformTestClassProcessor.java:110)
    	at org.gradle.api.internal.tasks.testing.junitplatform.JUnitPlatformTestClassProcessor.stop(JUnitPlatformTestClassProcessor.java:104)
    	at org.gradle.api.internal.tasks.testing.SuiteTestClassProcessor.stop(SuiteTestClassProcessor.java:64)
    	at java.base/jdk.internal.reflect.DirectMethodHandleAccessor.invoke(DirectMethodHandleAccessor.java:104)
    	at java.base/java.lang.reflect.Method.invoke(Method.java:565)
    	at org.gradle.internal.dispatch.ReflectionDispatch.dispatch(ReflectionDispatch.java:36)
    	at org.gradle.internal.dispatch.ReflectionDispatch.dispatch(ReflectionDispatch.java:24)
    	at org.gradle.internal.dispatch.ContextClassLoaderDispatch.dispatch(ContextClassLoaderDispatch.java:33)
    	at org.gradle.internal.dispatch.ProxyDispatchAdapter$DispatchingInvocationHandler.invoke(ProxyDispatchAdapter.java:92)
    	at jdk.proxy1/jdk.proxy1.$Proxy4.stop(Unknown Source)
    	at org.gradle.api.internal.tasks.testing.worker.TestWorker$3.run(TestWorker.java:200)
    	at org.gradle.api.internal.tasks.testing.worker.TestWorker.executeAndMaintainThreadName(TestWorker.java:132)
    	at org.gradle.api.internal.tasks.testing.worker.TestWorker.execute(TestWorker.java:103)
    	at org.gradle.api.internal.tasks.testing.worker.TestWorker.execute(TestWorker.java:63)
    	at org.gradle.process.internal.worker.child.ActionExecutionWorker.execute(ActionExecutionWorker.java:56)
    	at org.gradle.process.internal.worker.child.SystemApplicationClassLoaderWorker.call(SystemApplicationClassLoaderWorker.java:122)
    	at org.gradle.process.internal.worker.child.SystemApplicationClassLoaderWorker.call(SystemApplicationClassLoaderWorker.java:72)
    	at worker.org.gradle.process.internal.worker.GradleWorkerMain.run(GradleWorkerMain.java:69)
    	at worker.org.gradle.process.internal.worker.GradleWorkerMain.main(GradleWorkerMain.java:74)

GatewaySecurityTests > should allow credentials in CORS requests() FAILED
    java.lang.IllegalStateException: ApplicationContext failure threshold (1) exceeded: skipping repeated attempt to load context for [ReactiveWebMergedContextConfiguration@4baf997 testClass = at.mocode.infrastructure.gateway.GatewaySecurityTests, locations = [], classes = [at.mocode.infrastructure.gateway.GatewayApplication], contextInitializerClasses = [], activeProfiles = ["test"], propertySourceDescriptors = [], propertySourceProperties = ["spring.cloud.discovery.enabled=false", "spring.cloud.consul.enabled=false", "spring.cloud.consul.config.enabled=false", "spring.cloud.consul.discovery.register=false", "spring.cloud.loadbalancer.enabled=false", "resilience4j.circuitbreaker.configs.default.registerHealthIndicator=false", "management.health.circuitbreakers.enabled=false", "gateway.security.jwt.enabled=false", "spring.main.web-application-type=reactive", "spring.cloud.gateway.server.webflux.discovery.locator.enabled=false", "server.port=0", "org.springframework.boot.test.context.SpringBootTestContextBootstrapper=true", "server.port=0"], contextCustomizers = [org.springframework.boot.test.autoconfigure.OnFailureConditionReportContextCustomizerFactory$OnFailureConditionReportContextCustomizer@2899a8db, org.springframework.boot.test.autoconfigure.actuate.observability.ObservabilityContextCustomizerFactory$DisableObservabilityContextCustomizer@1f, org.springframework.boot.test.autoconfigure.properties.PropertyMappingContextCustomizer@ec54a5c9, org.springframework.boot.test.autoconfigure.web.servlet.WebDriverContextCustomizer@3773862a, org.springframework.boot.web.server.test.client.reactive.WebTestClientContextCustomizer@22175d4f, org.springframework.boot.web.server.test.reactor.netty.DisableReactorResourceFactoryGlobalResourcesContextCustomizerFactory$DisableReactorResourceFactoryGlobalResourcesContextCustomizerCustomizer@405325cf, [ImportsContextCustomizer@5280688 key = [org.springframework.boot.security.autoconfigure.reactive.ReactiveSecurityAutoConfiguration, org.springframework.boot.security.oauth2.client.autoconfigure.reactive.ReactiveOAuth2ClientWebSecurityAutoConfiguration, at.mocode.infrastructure.gateway.GatewaySecurityTests$TestSecurityConfig, org.springframework.boot.security.oauth2.server.resource.autoconfigure.reactive.ReactiveOAuth2ResourceServerAutoConfiguration, org.springframework.boot.security.autoconfigure.reactive.ReactiveUserDetailsServiceAutoConfiguration, at.mocode.infrastructure.gateway.config.TestSecurityConfig, org.springframework.boot.security.oauth2.client.autoconfigure.reactive.ReactiveOAuth2ClientAutoConfiguration, org.springframework.boot.test.autoconfigure.web.reactive.WebTestClientAutoConfiguration]], org.springframework.boot.test.context.filter.ExcludeFilterContextCustomizer@341a8659, org.springframework.boot.test.json.DuplicateJsonObjectContextCustomizerFactory$DuplicateJsonObjectContextCustomizer@181d7f28, org.springframework.test.context.support.DynamicPropertiesContextCustomizer@0, org.springframework.boot.test.context.SpringBootTestAnnotation@5e02380f], contextLoader = org.springframework.boot.test.context.SpringBootContextLoader, parent = null]
        at org.springframework.test.context.cache.DefaultCacheAwareContextLoaderDelegate.loadContext(DefaultCacheAwareContextLoaderDelegate.java:150)
        at org.springframework.test.context.support.DefaultTestContext.getApplicationContext(DefaultTestContext.java:128)
        at org.springframework.test.context.support.DependencyInjectionTestExecutionListener.injectDependencies(DependencyInjectionTestExecutionListener.java:155)
        at org.springframework.test.context.support.DependencyInjectionTestExecutionListener.prepareTestInstance(DependencyInjectionTestExecutionListener.java:111)
        at org.springframework.test.context.TestContextManager.prepareTestInstance(TestContextManager.java:260)
        at org.springframework.test.context.junit.jupiter.SpringExtension.postProcessTestInstance(SpringExtension.java:159)
        at java.base/java.util.stream.ForEachOps$ForEachOp$OfRef.accept(ForEachOps.java:186)
        at java.base/java.util.stream.ReferencePipeline$3$1.accept(ReferencePipeline.java:214)
        at java.base/java.util.stream.ReferencePipeline$2$1.accept(ReferencePipeline.java:197)
        at java.base/java.util.stream.ReferencePipeline$3$1.accept(ReferencePipeline.java:214)
        at java.base/java.util.ArrayList$ArrayListSpliterator.forEachRemaining(ArrayList.java:1716)
        at java.base/java.util.stream.AbstractPipeline.copyInto(AbstractPipeline.java:570)
        at java.base/java.util.stream.AbstractPipeline.wrapAndCopyInto(AbstractPipeline.java:560)
        at java.base/java.util.stream.ForEachOps$ForEachOp.evaluateSequential(ForEachOps.java:153)
        at java.base/java.util.stream.ForEachOps$ForEachOp$OfRef.evaluateSequential(ForEachOps.java:176)
        at java.base/java.util.stream.AbstractPipeline.evaluate(AbstractPipeline.java:265)
        at java.base/java.util.stream.ReferencePipeline.forEach(ReferencePipeline.java:632)
        at java.base/java.util.Optional.orElseGet(Optional.java:364)
        at java.base/java.util.ArrayList.forEach(ArrayList.java:1604)
        at java.base/java.util.ArrayList.forEach(ArrayList.java:1604)

GatewaySecurityTests STANDARD_OUT
    15:52:44.402 [Test worker] WARN  o.s.test.context.TestContextManager - Caught exception while allowing TestExecutionListener [org.springframework.test.context.support.DependencyInjectionTestExecutionListener] to prepare test instance [at.mocode.infrastructure.gateway.GatewaySecurityTests@18e4551]
    java.lang.IllegalStateException: ApplicationContext failure threshold (1) exceeded: skipping repeated attempt to load context for [ReactiveWebMergedContextConfiguration@4baf997 testClass = at.mocode.infrastructure.gateway.GatewaySecurityTests, locations = [], classes = [at.mocode.infrastructure.gateway.GatewayApplication], contextInitializerClasses = [], activeProfiles = ["test"], propertySourceDescriptors = [], propertySourceProperties = ["spring.cloud.discovery.enabled=false", "spring.cloud.consul.enabled=false", "spring.cloud.consul.config.enabled=false", "spring.cloud.consul.discovery.register=false", "spring.cloud.loadbalancer.enabled=false", "resilience4j.circuitbreaker.configs.default.registerHealthIndicator=false", "management.health.circuitbreakers.enabled=false", "gateway.security.jwt.enabled=false", "spring.main.web-application-type=reactive", "spring.cloud.gateway.server.webflux.discovery.locator.enabled=false", "server.port=0", "org.springframework.boot.test.context.SpringBootTestContextBootstrapper=true", "server.port=0"], contextCustomizers = [org.springframework.boot.test.autoconfigure.OnFailureConditionReportContextCustomizerFactory$OnFailureConditionReportContextCustomizer@2899a8db, org.springframework.boot.test.autoconfigure.actuate.observability.ObservabilityContextCustomizerFactory$DisableObservabilityContextCustomizer@1f, org.springframework.boot.test.autoconfigure.properties.PropertyMappingContextCustomizer@ec54a5c9, org.springframework.boot.test.autoconfigure.web.servlet.WebDriverContextCustomizer@3773862a, org.springframework.boot.web.server.test.client.reactive.WebTestClientContextCustomizer@22175d4f, org.springframework.boot.web.server.test.reactor.netty.DisableReactorResourceFactoryGlobalResourcesContextCustomizerFactory$DisableReactorResourceFactoryGlobalResourcesContextCustomizerCustomizer@405325cf, [ImportsContextCustomizer@5280688 key = [org.springframework.boot.security.autoconfigure.reactive.ReactiveSecurityAutoConfiguration, org.springframework.boot.security.oauth2.client.autoconfigure.reactive.ReactiveOAuth2ClientWebSecurityAutoConfiguration, at.mocode.infrastructure.gateway.GatewaySecurityTests$TestSecurityConfig, org.springframework.boot.security.oauth2.server.resource.autoconfigure.reactive.ReactiveOAuth2ResourceServerAutoConfiguration, org.springframework.boot.security.autoconfigure.reactive.ReactiveUserDetailsServiceAutoConfiguration, at.mocode.infrastructure.gateway.config.TestSecurityConfig, org.springframework.boot.security.oauth2.client.autoconfigure.reactive.ReactiveOAuth2ClientAutoConfiguration, org.springframework.boot.test.autoconfigure.web.reactive.WebTestClientAutoConfiguration]], org.springframework.boot.test.context.filter.ExcludeFilterContextCustomizer@341a8659, org.springframework.boot.test.json.DuplicateJsonObjectContextCustomizerFactory$DuplicateJsonObjectContextCustomizer@181d7f28, org.springframework.test.context.support.DynamicPropertiesContextCustomizer@0, org.springframework.boot.test.context.SpringBootTestAnnotation@5e02380f], contextLoader = org.springframework.boot.test.context.SpringBootContextLoader, parent = null]
    	at org.springframework.test.context.cache.DefaultCacheAwareContextLoaderDelegate.loadContext(DefaultCacheAwareContextLoaderDelegate.java:150)
    	at org.springframework.test.context.support.DefaultTestContext.getApplicationContext(DefaultTestContext.java:128)
    	at org.springframework.test.context.support.DependencyInjectionTestExecutionListener.injectDependencies(DependencyInjectionTestExecutionListener.java:155)
    	at org.springframework.test.context.support.DependencyInjectionTestExecutionListener.prepareTestInstance(DependencyInjectionTestExecutionListener.java:111)
    	at org.springframework.test.context.TestContextManager.prepareTestInstance(TestContextManager.java:260)
    	at org.springframework.test.context.junit.jupiter.SpringExtension.postProcessTestInstance(SpringExtension.java:159)
    	at org.junit.jupiter.engine.descriptor.ClassBasedTestDescriptor.lambda$invokeTestInstancePostProcessors$10(ClassBasedTestDescriptor.java:383)
    	at org.junit.jupiter.engine.descriptor.ClassBasedTestDescriptor.executeAndMaskThrowable(ClassBasedTestDescriptor.java:388)
    	at org.junit.jupiter.engine.descriptor.ClassBasedTestDescriptor.lambda$invokeTestInstancePostProcessors$11(ClassBasedTestDescriptor.java:382)
    	at java.base/java.util.stream.ForEachOps$ForEachOp$OfRef.accept(ForEachOps.java:186)
    	at java.base/java.util.stream.ReferencePipeline$3$1.accept(ReferencePipeline.java:214)
    	at java.base/java.util.stream.ReferencePipeline$2$1.accept(ReferencePipeline.java:197)
    	at java.base/java.util.stream.ReferencePipeline$3$1.accept(ReferencePipeline.java:214)
    	at java.base/java.util.ArrayList$ArrayListSpliterator.forEachRemaining(ArrayList.java:1716)
    	at java.base/java.util.stream.AbstractPipeline.copyInto(AbstractPipeline.java:570)
    	at java.base/java.util.stream.AbstractPipeline.wrapAndCopyInto(AbstractPipeline.java:560)
    	at java.base/java.util.stream.ForEachOps$ForEachOp.evaluateSequential(ForEachOps.java:153)
    	at java.base/java.util.stream.ForEachOps$ForEachOp$OfRef.evaluateSequential(ForEachOps.java:176)
    	at java.base/java.util.stream.AbstractPipeline.evaluate(AbstractPipeline.java:265)
    	at java.base/java.util.stream.ReferencePipeline.forEach(ReferencePipeline.java:632)
    	at org.junit.jupiter.engine.descriptor.ClassBasedTestDescriptor.invokeTestInstancePostProcessors(ClassBasedTestDescriptor.java:382)
    	at org.junit.jupiter.engine.descriptor.ClassBasedTestDescriptor.lambda$instantiateAndPostProcessTestInstance$6(ClassBasedTestDescriptor.java:293)
    	at org.junit.platform.engine.support.hierarchical.ThrowableCollector.execute(ThrowableCollector.java:73)
    	at org.junit.jupiter.engine.descriptor.ClassBasedTestDescriptor.instantiateAndPostProcessTestInstance(ClassBasedTestDescriptor.java:292)
    	at org.junit.jupiter.engine.descriptor.ClassBasedTestDescriptor.lambda$testInstancesProvider$4(ClassBasedTestDescriptor.java:281)
    	at java.base/java.util.Optional.orElseGet(Optional.java:364)
    	at org.junit.jupiter.engine.descriptor.ClassBasedTestDescriptor.lambda$testInstancesProvider$5(ClassBasedTestDescriptor.java:280)
    	at org.junit.jupiter.engine.execution.TestInstancesProvider.getTestInstances(TestInstancesProvider.java:27)
    	at org.junit.jupiter.engine.descriptor.TestMethodTestDescriptor.lambda$prepare$0(TestMethodTestDescriptor.java:112)
    	at org.junit.platform.engine.support.hierarchical.ThrowableCollector.execute(ThrowableCollector.java:73)
    	at org.junit.jupiter.engine.descriptor.TestMethodTestDescriptor.prepare(TestMethodTestDescriptor.java:111)
    	at org.junit.jupiter.engine.descriptor.TestMethodTestDescriptor.prepare(TestMethodTestDescriptor.java:69)
    	at org.junit.platform.engine.support.hierarchical.NodeTestTask.lambda$prepare$2(NodeTestTask.java:129)
    	at org.junit.platform.engine.support.hierarchical.ThrowableCollector.execute(ThrowableCollector.java:73)
    	at org.junit.platform.engine.support.hierarchical.NodeTestTask.prepare(NodeTestTask.java:129)
    	at org.junit.platform.engine.support.hierarchical.NodeTestTask.execute(NodeTestTask.java:96)
    	at java.base/java.util.ArrayList.forEach(ArrayList.java:1604)
    	at org.junit.platform.engine.support.hierarchical.SameThreadHierarchicalTestExecutorService.invokeAll(SameThreadHierarchicalTestExecutorService.java:41)
    	at org.junit.platform.engine.support.hierarchical.NodeTestTask.lambda$executeRecursively$6(NodeTestTask.java:161)
    	at org.junit.platform.engine.support.hierarchical.ThrowableCollector.execute(ThrowableCollector.java:73)
    	at org.junit.platform.engine.support.hierarchical.NodeTestTask.lambda$executeRecursively$8(NodeTestTask.java:147)
    	at org.junit.platform.engine.support.hierarchical.Node.around(Node.java:137)
    	at org.junit.platform.engine.support.hierarchical.NodeTestTask.lambda$executeRecursively$9(NodeTestTask.java:145)
    	at org.junit.platform.engine.support.hierarchical.ThrowableCollector.execute(ThrowableCollector.java:73)
    	at org.junit.platform.engine.support.hierarchical.NodeTestTask.executeRecursively(NodeTestTask.java:144)
    	at org.junit.platform.engine.support.hierarchical.NodeTestTask.execute(NodeTestTask.java:101)
    	at java.base/java.util.ArrayList.forEach(ArrayList.java:1604)
    	at org.junit.platform.engine.support.hierarchical.SameThreadHierarchicalTestExecutorService.invokeAll(SameThreadHierarchicalTestExecutorService.java:41)
    	at org.junit.platform.engine.support.hierarchical.NodeTestTask.lambda$executeRecursively$6(NodeTestTask.java:161)
    	at org.junit.platform.engine.support.hierarchical.ThrowableCollector.execute(ThrowableCollector.java:73)
    	at org.junit.platform.engine.support.hierarchical.NodeTestTask.lambda$executeRecursively$8(NodeTestTask.java:147)
    	at org.junit.platform.engine.support.hierarchical.Node.around(Node.java:137)
    	at org.junit.platform.engine.support.hierarchical.NodeTestTask.lambda$executeRecursively$9(NodeTestTask.java:145)
    	at org.junit.platform.engine.support.hierarchical.ThrowableCollector.execute(ThrowableCollector.java:73)
    	at org.junit.platform.engine.support.hierarchical.NodeTestTask.executeRecursively(NodeTestTask.java:144)
    	at org.junit.platform.engine.support.hierarchical.NodeTestTask.execute(NodeTestTask.java:101)
    	at org.junit.platform.engine.support.hierarchical.SameThreadHierarchicalTestExecutorService.submit(SameThreadHierarchicalTestExecutorService.java:35)
    	at org.junit.platform.engine.support.hierarchical.HierarchicalTestExecutor.execute(HierarchicalTestExecutor.java:57)
    	at org.junit.platform.engine.support.hierarchical.HierarchicalTestEngine.execute(HierarchicalTestEngine.java:54)
    	at org.junit.platform.launcher.core.EngineExecutionOrchestrator.executeEngine(EngineExecutionOrchestrator.java:230)
    	at org.junit.platform.launcher.core.EngineExecutionOrchestrator.failOrExecuteEngine(EngineExecutionOrchestrator.java:204)
    	at org.junit.platform.launcher.core.EngineExecutionOrchestrator.execute(EngineExecutionOrchestrator.java:172)
    	at org.junit.platform.launcher.core.EngineExecutionOrchestrator.execute(EngineExecutionOrchestrator.java:101)
    	at org.junit.platform.launcher.core.EngineExecutionOrchestrator.lambda$execute$0(EngineExecutionOrchestrator.java:64)
    	at org.junit.platform.launcher.core.EngineExecutionOrchestrator.withInterceptedStreams(EngineExecutionOrchestrator.java:150)
    	at org.junit.platform.launcher.core.EngineExecutionOrchestrator.execute(EngineExecutionOrchestrator.java:63)
    	at org.junit.platform.launcher.core.DefaultLauncher.execute(DefaultLauncher.java:109)
    	at org.junit.platform.launcher.core.DefaultLauncher.execute(DefaultLauncher.java:91)
    	at org.junit.platform.launcher.core.DelegatingLauncher.execute(DelegatingLauncher.java:47)
    	at org.junit.platform.launcher.core.InterceptingLauncher.lambda$execute$1(InterceptingLauncher.java:39)
    	at org.junit.platform.launcher.core.ClasspathAlignmentCheckingLauncherInterceptor.intercept(ClasspathAlignmentCheckingLauncherInterceptor.java:25)
    	at org.junit.platform.launcher.core.InterceptingLauncher.execute(InterceptingLauncher.java:38)
    	at org.junit.platform.launcher.core.DelegatingLauncher.execute(DelegatingLauncher.java:47)
    	at org.gradle.api.internal.tasks.testing.junitplatform.JUnitPlatformTestClassProcessor$CollectAllTestClassesExecutor.processAllTestClasses(JUnitPlatformTestClassProcessor.java:135)
    	at org.gradle.api.internal.tasks.testing.junitplatform.JUnitPlatformTestClassProcessor$CollectAllTestClassesExecutor.access$000(JUnitPlatformTestClassProcessor.java:110)
    	at org.gradle.api.internal.tasks.testing.junitplatform.JUnitPlatformTestClassProcessor.stop(JUnitPlatformTestClassProcessor.java:104)
    	at org.gradle.api.internal.tasks.testing.SuiteTestClassProcessor.stop(SuiteTestClassProcessor.java:64)
    	at java.base/jdk.internal.reflect.DirectMethodHandleAccessor.invoke(DirectMethodHandleAccessor.java:104)
    	at java.base/java.lang.reflect.Method.invoke(Method.java:565)
    	at org.gradle.internal.dispatch.ReflectionDispatch.dispatch(ReflectionDispatch.java:36)
    	at org.gradle.internal.dispatch.ReflectionDispatch.dispatch(ReflectionDispatch.java:24)
    	at org.gradle.internal.dispatch.ContextClassLoaderDispatch.dispatch(ContextClassLoaderDispatch.java:33)
    	at org.gradle.internal.dispatch.ProxyDispatchAdapter$DispatchingInvocationHandler.invoke(ProxyDispatchAdapter.java:92)
    	at jdk.proxy1/jdk.proxy1.$Proxy4.stop(Unknown Source)
    	at org.gradle.api.internal.tasks.testing.worker.TestWorker$3.run(TestWorker.java:200)
    	at org.gradle.api.internal.tasks.testing.worker.TestWorker.executeAndMaintainThreadName(TestWorker.java:132)
    	at org.gradle.api.internal.tasks.testing.worker.TestWorker.execute(TestWorker.java:103)
    	at org.gradle.api.internal.tasks.testing.worker.TestWorker.execute(TestWorker.java:63)
    	at org.gradle.process.internal.worker.child.ActionExecutionWorker.execute(ActionExecutionWorker.java:56)
    	at org.gradle.process.internal.worker.child.SystemApplicationClassLoaderWorker.call(SystemApplicationClassLoaderWorker.java:122)
    	at org.gradle.process.internal.worker.child.SystemApplicationClassLoaderWorker.call(SystemApplicationClassLoaderWorker.java:72)
    	at worker.org.gradle.process.internal.worker.GradleWorkerMain.run(GradleWorkerMain.java:69)
    	at worker.org.gradle.process.internal.worker.GradleWorkerMain.main(GradleWorkerMain.java:74)

GatewaySecurityTests > should set max age for CORS requests() FAILED
    java.lang.IllegalStateException: ApplicationContext failure threshold (1) exceeded: skipping repeated attempt to load context for [ReactiveWebMergedContextConfiguration@4baf997 testClass = at.mocode.infrastructure.gateway.GatewaySecurityTests, locations = [], classes = [at.mocode.infrastructure.gateway.GatewayApplication], contextInitializerClasses = [], activeProfiles = ["test"], propertySourceDescriptors = [], propertySourceProperties = ["spring.cloud.discovery.enabled=false", "spring.cloud.consul.enabled=false", "spring.cloud.consul.config.enabled=false", "spring.cloud.consul.discovery.register=false", "spring.cloud.loadbalancer.enabled=false", "resilience4j.circuitbreaker.configs.default.registerHealthIndicator=false", "management.health.circuitbreakers.enabled=false", "gateway.security.jwt.enabled=false", "spring.main.web-application-type=reactive", "spring.cloud.gateway.server.webflux.discovery.locator.enabled=false", "server.port=0", "org.springframework.boot.test.context.SpringBootTestContextBootstrapper=true", "server.port=0"], contextCustomizers = [org.springframework.boot.test.autoconfigure.OnFailureConditionReportContextCustomizerFactory$OnFailureConditionReportContextCustomizer@2899a8db, org.springframework.boot.test.autoconfigure.actuate.observability.ObservabilityContextCustomizerFactory$DisableObservabilityContextCustomizer@1f, org.springframework.boot.test.autoconfigure.properties.PropertyMappingContextCustomizer@ec54a5c9, org.springframework.boot.test.autoconfigure.web.servlet.WebDriverContextCustomizer@3773862a, org.springframework.boot.web.server.test.client.reactive.WebTestClientContextCustomizer@22175d4f, org.springframework.boot.web.server.test.reactor.netty.DisableReactorResourceFactoryGlobalResourcesContextCustomizerFactory$DisableReactorResourceFactoryGlobalResourcesContextCustomizerCustomizer@405325cf, [ImportsContextCustomizer@5280688 key = [org.springframework.boot.security.autoconfigure.reactive.ReactiveSecurityAutoConfiguration, org.springframework.boot.security.oauth2.client.autoconfigure.reactive.ReactiveOAuth2ClientWebSecurityAutoConfiguration, at.mocode.infrastructure.gateway.GatewaySecurityTests$TestSecurityConfig, org.springframework.boot.security.oauth2.server.resource.autoconfigure.reactive.ReactiveOAuth2ResourceServerAutoConfiguration, org.springframework.boot.security.autoconfigure.reactive.ReactiveUserDetailsServiceAutoConfiguration, at.mocode.infrastructure.gateway.config.TestSecurityConfig, org.springframework.boot.security.oauth2.client.autoconfigure.reactive.ReactiveOAuth2ClientAutoConfiguration, org.springframework.boot.test.autoconfigure.web.reactive.WebTestClientAutoConfiguration]], org.springframework.boot.test.context.filter.ExcludeFilterContextCustomizer@341a8659, org.springframework.boot.test.json.DuplicateJsonObjectContextCustomizerFactory$DuplicateJsonObjectContextCustomizer@181d7f28, org.springframework.test.context.support.DynamicPropertiesContextCustomizer@0, org.springframework.boot.test.context.SpringBootTestAnnotation@5e02380f], contextLoader = org.springframework.boot.test.context.SpringBootContextLoader, parent = null]
        at org.springframework.test.context.cache.DefaultCacheAwareContextLoaderDelegate.loadContext(DefaultCacheAwareContextLoaderDelegate.java:150)
        at org.springframework.test.context.support.DefaultTestContext.getApplicationContext(DefaultTestContext.java:128)
        at org.springframework.test.context.support.DependencyInjectionTestExecutionListener.injectDependencies(DependencyInjectionTestExecutionListener.java:155)
        at org.springframework.test.context.support.DependencyInjectionTestExecutionListener.prepareTestInstance(DependencyInjectionTestExecutionListener.java:111)
        at org.springframework.test.context.TestContextManager.prepareTestInstance(TestContextManager.java:260)
        at org.springframework.test.context.junit.jupiter.SpringExtension.postProcessTestInstance(SpringExtension.java:159)
        at java.base/java.util.stream.ForEachOps$ForEachOp$OfRef.accept(ForEachOps.java:186)
        at java.base/java.util.stream.ReferencePipeline$3$1.accept(ReferencePipeline.java:214)
        at java.base/java.util.stream.ReferencePipeline$2$1.accept(ReferencePipeline.java:197)
        at java.base/java.util.stream.ReferencePipeline$3$1.accept(ReferencePipeline.java:214)
        at java.base/java.util.ArrayList$ArrayListSpliterator.forEachRemaining(ArrayList.java:1716)
        at java.base/java.util.stream.AbstractPipeline.copyInto(AbstractPipeline.java:570)
        at java.base/java.util.stream.AbstractPipeline.wrapAndCopyInto(AbstractPipeline.java:560)
        at java.base/java.util.stream.ForEachOps$ForEachOp.evaluateSequential(ForEachOps.java:153)
        at java.base/java.util.stream.ForEachOps$ForEachOp$OfRef.evaluateSequential(ForEachOps.java:176)
        at java.base/java.util.stream.AbstractPipeline.evaluate(AbstractPipeline.java:265)
        at java.base/java.util.stream.ReferencePipeline.forEach(ReferencePipeline.java:632)
        at java.base/java.util.Optional.orElseGet(Optional.java:364)
        at java.base/java.util.ArrayList.forEach(ArrayList.java:1604)
        at java.base/java.util.ArrayList.forEach(ArrayList.java:1604)

GatewaySecurityTests STANDARD_OUT
    15:52:44.405 [Test worker] WARN  o.s.test.context.TestContextManager - Caught exception while allowing TestExecutionListener [org.springframework.test.context.support.DependencyInjectionTestExecutionListener] to prepare test instance [at.mocode.infrastructure.gateway.GatewaySecurityTests@11e834ad]
    java.lang.IllegalStateException: ApplicationContext failure threshold (1) exceeded: skipping repeated attempt to load context for [ReactiveWebMergedContextConfiguration@4baf997 testClass = at.mocode.infrastructure.gateway.GatewaySecurityTests, locations = [], classes = [at.mocode.infrastructure.gateway.GatewayApplication], contextInitializerClasses = [], activeProfiles = ["test"], propertySourceDescriptors = [], propertySourceProperties = ["spring.cloud.discovery.enabled=false", "spring.cloud.consul.enabled=false", "spring.cloud.consul.config.enabled=false", "spring.cloud.consul.discovery.register=false", "spring.cloud.loadbalancer.enabled=false", "resilience4j.circuitbreaker.configs.default.registerHealthIndicator=false", "management.health.circuitbreakers.enabled=false", "gateway.security.jwt.enabled=false", "spring.main.web-application-type=reactive", "spring.cloud.gateway.server.webflux.discovery.locator.enabled=false", "server.port=0", "org.springframework.boot.test.context.SpringBootTestContextBootstrapper=true", "server.port=0"], contextCustomizers = [org.springframework.boot.test.autoconfigure.OnFailureConditionReportContextCustomizerFactory$OnFailureConditionReportContextCustomizer@2899a8db, org.springframework.boot.test.autoconfigure.actuate.observability.ObservabilityContextCustomizerFactory$DisableObservabilityContextCustomizer@1f, org.springframework.boot.test.autoconfigure.properties.PropertyMappingContextCustomizer@ec54a5c9, org.springframework.boot.test.autoconfigure.web.servlet.WebDriverContextCustomizer@3773862a, org.springframework.boot.web.server.test.client.reactive.WebTestClientContextCustomizer@22175d4f, org.springframework.boot.web.server.test.reactor.netty.DisableReactorResourceFactoryGlobalResourcesContextCustomizerFactory$DisableReactorResourceFactoryGlobalResourcesContextCustomizerCustomizer@405325cf, [ImportsContextCustomizer@5280688 key = [org.springframework.boot.security.autoconfigure.reactive.ReactiveSecurityAutoConfiguration, org.springframework.boot.security.oauth2.client.autoconfigure.reactive.ReactiveOAuth2ClientWebSecurityAutoConfiguration, at.mocode.infrastructure.gateway.GatewaySecurityTests$TestSecurityConfig, org.springframework.boot.security.oauth2.server.resource.autoconfigure.reactive.ReactiveOAuth2ResourceServerAutoConfiguration, org.springframework.boot.security.autoconfigure.reactive.ReactiveUserDetailsServiceAutoConfiguration, at.mocode.infrastructure.gateway.config.TestSecurityConfig, org.springframework.boot.security.oauth2.client.autoconfigure.reactive.ReactiveOAuth2ClientAutoConfiguration, org.springframework.boot.test.autoconfigure.web.reactive.WebTestClientAutoConfiguration]], org.springframework.boot.test.context.filter.ExcludeFilterContextCustomizer@341a8659, org.springframework.boot.test.json.DuplicateJsonObjectContextCustomizerFactory$DuplicateJsonObjectContextCustomizer@181d7f28, org.springframework.test.context.support.DynamicPropertiesContextCustomizer@0, org.springframework.boot.test.context.SpringBootTestAnnotation@5e02380f], contextLoader = org.springframework.boot.test.context.SpringBootContextLoader, parent = null]
    	at org.springframework.test.context.cache.DefaultCacheAwareContextLoaderDelegate.loadContext(DefaultCacheAwareContextLoaderDelegate.java:150)
    	at org.springframework.test.context.support.DefaultTestContext.getApplicationContext(DefaultTestContext.java:128)
    	at org.springframework.test.context.support.DependencyInjectionTestExecutionListener.injectDependencies(DependencyInjectionTestExecutionListener.java:155)
    	at org.springframework.test.context.support.DependencyInjectionTestExecutionListener.prepareTestInstance(DependencyInjectionTestExecutionListener.java:111)
    	at org.springframework.test.context.TestContextManager.prepareTestInstance(TestContextManager.java:260)
    	at org.springframework.test.context.junit.jupiter.SpringExtension.postProcessTestInstance(SpringExtension.java:159)
    	at org.junit.jupiter.engine.descriptor.ClassBasedTestDescriptor.lambda$invokeTestInstancePostProcessors$10(ClassBasedTestDescriptor.java:383)
    	at org.junit.jupiter.engine.descriptor.ClassBasedTestDescriptor.executeAndMaskThrowable(ClassBasedTestDescriptor.java:388)
    	at org.junit.jupiter.engine.descriptor.ClassBasedTestDescriptor.lambda$invokeTestInstancePostProcessors$11(ClassBasedTestDescriptor.java:382)
    	at java.base/java.util.stream.ForEachOps$ForEachOp$OfRef.accept(ForEachOps.java:186)
    	at java.base/java.util.stream.ReferencePipeline$3$1.accept(ReferencePipeline.java:214)
    	at java.base/java.util.stream.ReferencePipeline$2$1.accept(ReferencePipeline.java:197)
    	at java.base/java.util.stream.ReferencePipeline$3$1.accept(ReferencePipeline.java:214)
    	at java.base/java.util.ArrayList$ArrayListSpliterator.forEachRemaining(ArrayList.java:1716)
    	at java.base/java.util.stream.AbstractPipeline.copyInto(AbstractPipeline.java:570)
    	at java.base/java.util.stream.AbstractPipeline.wrapAndCopyInto(AbstractPipeline.java:560)
    	at java.base/java.util.stream.ForEachOps$ForEachOp.evaluateSequential(ForEachOps.java:153)
    	at java.base/java.util.stream.ForEachOps$ForEachOp$OfRef.evaluateSequential(ForEachOps.java:176)
    	at java.base/java.util.stream.AbstractPipeline.evaluate(AbstractPipeline.java:265)
    	at java.base/java.util.stream.ReferencePipeline.forEach(ReferencePipeline.java:632)
    	at org.junit.jupiter.engine.descriptor.ClassBasedTestDescriptor.invokeTestInstancePostProcessors(ClassBasedTestDescriptor.java:382)
    	at org.junit.jupiter.engine.descriptor.ClassBasedTestDescriptor.lambda$instantiateAndPostProcessTestInstance$6(ClassBasedTestDescriptor.java:293)
    	at org.junit.platform.engine.support.hierarchical.ThrowableCollector.execute(ThrowableCollector.java:73)
    	at org.junit.jupiter.engine.descriptor.ClassBasedTestDescriptor.instantiateAndPostProcessTestInstance(ClassBasedTestDescriptor.java:292)
    	at org.junit.jupiter.engine.descriptor.ClassBasedTestDescriptor.lambda$testInstancesProvider$4(ClassBasedTestDescriptor.java:281)
    	at java.base/java.util.Optional.orElseGet(Optional.java:364)
    	at org.junit.jupiter.engine.descriptor.ClassBasedTestDescriptor.lambda$testInstancesProvider$5(ClassBasedTestDescriptor.java:280)
    	at org.junit.jupiter.engine.execution.TestInstancesProvider.getTestInstances(TestInstancesProvider.java:27)
    	at org.junit.jupiter.engine.descriptor.TestMethodTestDescriptor.lambda$prepare$0(TestMethodTestDescriptor.java:112)
    	at org.junit.platform.engine.support.hierarchical.ThrowableCollector.execute(ThrowableCollector.java:73)
    	at org.junit.jupiter.engine.descriptor.TestMethodTestDescriptor.prepare(TestMethodTestDescriptor.java:111)
    	at org.junit.jupiter.engine.descriptor.TestMethodTestDescriptor.prepare(TestMethodTestDescriptor.java:69)
    	at org.junit.platform.engine.support.hierarchical.NodeTestTask.lambda$prepare$2(NodeTestTask.java:129)
    	at org.junit.platform.engine.support.hierarchical.ThrowableCollector.execute(ThrowableCollector.java:73)
    	at org.junit.platform.engine.support.hierarchical.NodeTestTask.prepare(NodeTestTask.java:129)
    	at org.junit.platform.engine.support.hierarchical.NodeTestTask.execute(NodeTestTask.java:96)
    	at java.base/java.util.ArrayList.forEach(ArrayList.java:1604)
    	at org.junit.platform.engine.support.hierarchical.SameThreadHierarchicalTestExecutorService.invokeAll(SameThreadHierarchicalTestExecutorService.java:41)
    	at org.junit.platform.engine.support.hierarchical.NodeTestTask.lambda$executeRecursively$6(NodeTestTask.java:161)
    	at org.junit.platform.engine.support.hierarchical.ThrowableCollector.execute(ThrowableCollector.java:73)
    	at org.junit.platform.engine.support.hierarchical.NodeTestTask.lambda$executeRecursively$8(NodeTestTask.java:147)
    	at org.junit.platform.engine.support.hierarchical.Node.around(Node.java:137)
    	at org.junit.platform.engine.support.hierarchical.NodeTestTask.lambda$executeRecursively$9(NodeTestTask.java:145)
    	at org.junit.platform.engine.support.hierarchical.ThrowableCollector.execute(ThrowableCollector.java:73)
    	at org.junit.platform.engine.support.hierarchical.NodeTestTask.executeRecursively(NodeTestTask.java:144)
    	at org.junit.platform.engine.support.hierarchical.NodeTestTask.execute(NodeTestTask.java:101)
    	at java.base/java.util.ArrayList.forEach(ArrayList.java:1604)
    	at org.junit.platform.engine.support.hierarchical.SameThreadHierarchicalTestExecutorService.invokeAll(SameThreadHierarchicalTestExecutorService.java:41)
    	at org.junit.platform.engine.support.hierarchical.NodeTestTask.lambda$executeRecursively$6(NodeTestTask.java:161)
    	at org.junit.platform.engine.support.hierarchical.ThrowableCollector.execute(ThrowableCollector.java:73)
    	at org.junit.platform.engine.support.hierarchical.NodeTestTask.lambda$executeRecursively$8(NodeTestTask.java:147)
    	at org.junit.platform.engine.support.hierarchical.Node.around(Node.java:137)
    	at org.junit.platform.engine.support.hierarchical.NodeTestTask.lambda$executeRecursively$9(NodeTestTask.java:145)
    	at org.junit.platform.engine.support.hierarchical.ThrowableCollector.execute(ThrowableCollector.java:73)
    	at org.junit.platform.engine.support.hierarchical.NodeTestTask.executeRecursively(NodeTestTask.java:144)
    	at org.junit.platform.engine.support.hierarchical.NodeTestTask.execute(NodeTestTask.java:101)
    	at org.junit.platform.engine.support.hierarchical.SameThreadHierarchicalTestExecutorService.submit(SameThreadHierarchicalTestExecutorService.java:35)
    	at org.junit.platform.engine.support.hierarchical.HierarchicalTestExecutor.execute(HierarchicalTestExecutor.java:57)
    	at org.junit.platform.engine.support.hierarchical.HierarchicalTestEngine.execute(HierarchicalTestEngine.java:54)
    	at org.junit.platform.launcher.core.EngineExecutionOrchestrator.executeEngine(EngineExecutionOrchestrator.java:230)
    	at org.junit.platform.launcher.core.EngineExecutionOrchestrator.failOrExecuteEngine(EngineExecutionOrchestrator.java:204)
    	at org.junit.platform.launcher.core.EngineExecutionOrchestrator.execute(EngineExecutionOrchestrator.java:172)
    	at org.junit.platform.launcher.core.EngineExecutionOrchestrator.execute(EngineExecutionOrchestrator.java:101)
    	at org.junit.platform.launcher.core.EngineExecutionOrchestrator.lambda$execute$0(EngineExecutionOrchestrator.java:64)
    	at org.junit.platform.launcher.core.EngineExecutionOrchestrator.withInterceptedStreams(EngineExecutionOrchestrator.java:150)
    	at org.junit.platform.launcher.core.EngineExecutionOrchestrator.execute(EngineExecutionOrchestrator.java:63)
    	at org.junit.platform.launcher.core.DefaultLauncher.execute(DefaultLauncher.java:109)
    	at org.junit.platform.launcher.core.DefaultLauncher.execute(DefaultLauncher.java:91)
    	at org.junit.platform.launcher.core.DelegatingLauncher.execute(DelegatingLauncher.java:47)
    	at org.junit.platform.launcher.core.InterceptingLauncher.lambda$execute$1(InterceptingLauncher.java:39)
    	at org.junit.platform.launcher.core.ClasspathAlignmentCheckingLauncherInterceptor.intercept(ClasspathAlignmentCheckingLauncherInterceptor.java:25)
    	at org.junit.platform.launcher.core.InterceptingLauncher.execute(InterceptingLauncher.java:38)
    	at org.junit.platform.launcher.core.DelegatingLauncher.execute(DelegatingLauncher.java:47)
    	at org.gradle.api.internal.tasks.testing.junitplatform.JUnitPlatformTestClassProcessor$CollectAllTestClassesExecutor.processAllTestClasses(JUnitPlatformTestClassProcessor.java:135)
    	at org.gradle.api.internal.tasks.testing.junitplatform.JUnitPlatformTestClassProcessor$CollectAllTestClassesExecutor.access$000(JUnitPlatformTestClassProcessor.java:110)
    	at org.gradle.api.internal.tasks.testing.junitplatform.JUnitPlatformTestClassProcessor.stop(JUnitPlatformTestClassProcessor.java:104)
    	at org.gradle.api.internal.tasks.testing.SuiteTestClassProcessor.stop(SuiteTestClassProcessor.java:64)
    	at java.base/jdk.internal.reflect.DirectMethodHandleAccessor.invoke(DirectMethodHandleAccessor.java:104)
    	at java.base/java.lang.reflect.Method.invoke(Method.java:565)
    	at org.gradle.internal.dispatch.ReflectionDispatch.dispatch(ReflectionDispatch.java:36)
    	at org.gradle.internal.dispatch.ReflectionDispatch.dispatch(ReflectionDispatch.java:24)
    	at org.gradle.internal.dispatch.ContextClassLoaderDispatch.dispatch(ContextClassLoaderDispatch.java:33)
    	at org.gradle.internal.dispatch.ProxyDispatchAdapter$DispatchingInvocationHandler.invoke(ProxyDispatchAdapter.java:92)
    	at jdk.proxy1/jdk.proxy1.$Proxy4.stop(Unknown Source)
    	at org.gradle.api.internal.tasks.testing.worker.TestWorker$3.run(TestWorker.java:200)
    	at org.gradle.api.internal.tasks.testing.worker.TestWorker.executeAndMaintainThreadName(TestWorker.java:132)
    	at org.gradle.api.internal.tasks.testing.worker.TestWorker.execute(TestWorker.java:103)
    	at org.gradle.api.internal.tasks.testing.worker.TestWorker.execute(TestWorker.java:63)
    	at org.gradle.process.internal.worker.child.ActionExecutionWorker.execute(ActionExecutionWorker.java:56)
    	at org.gradle.process.internal.worker.child.SystemApplicationClassLoaderWorker.call(SystemApplicationClassLoaderWorker.java:122)
    	at org.gradle.process.internal.worker.child.SystemApplicationClassLoaderWorker.call(SystemApplicationClassLoaderWorker.java:72)
    	at worker.org.gradle.process.internal.worker.GradleWorkerMain.run(GradleWorkerMain.java:69)
    	at worker.org.gradle.process.internal.worker.GradleWorkerMain.main(GradleWorkerMain.java:74)

GatewaySecurityTests > should handle authorization headers in CORS requests() FAILED
    java.lang.IllegalStateException: ApplicationContext failure threshold (1) exceeded: skipping repeated attempt to load context for [ReactiveWebMergedContextConfiguration@4baf997 testClass = at.mocode.infrastructure.gateway.GatewaySecurityTests, locations = [], classes = [at.mocode.infrastructure.gateway.GatewayApplication], contextInitializerClasses = [], activeProfiles = ["test"], propertySourceDescriptors = [], propertySourceProperties = ["spring.cloud.discovery.enabled=false", "spring.cloud.consul.enabled=false", "spring.cloud.consul.config.enabled=false", "spring.cloud.consul.discovery.register=false", "spring.cloud.loadbalancer.enabled=false", "resilience4j.circuitbreaker.configs.default.registerHealthIndicator=false", "management.health.circuitbreakers.enabled=false", "gateway.security.jwt.enabled=false", "spring.main.web-application-type=reactive", "spring.cloud.gateway.server.webflux.discovery.locator.enabled=false", "server.port=0", "org.springframework.boot.test.context.SpringBootTestContextBootstrapper=true", "server.port=0"], contextCustomizers = [org.springframework.boot.test.autoconfigure.OnFailureConditionReportContextCustomizerFactory$OnFailureConditionReportContextCustomizer@2899a8db, org.springframework.boot.test.autoconfigure.actuate.observability.ObservabilityContextCustomizerFactory$DisableObservabilityContextCustomizer@1f, org.springframework.boot.test.autoconfigure.properties.PropertyMappingContextCustomizer@ec54a5c9, org.springframework.boot.test.autoconfigure.web.servlet.WebDriverContextCustomizer@3773862a, org.springframework.boot.web.server.test.client.reactive.WebTestClientContextCustomizer@22175d4f, org.springframework.boot.web.server.test.reactor.netty.DisableReactorResourceFactoryGlobalResourcesContextCustomizerFactory$DisableReactorResourceFactoryGlobalResourcesContextCustomizerCustomizer@405325cf, [ImportsContextCustomizer@5280688 key = [org.springframework.boot.security.autoconfigure.reactive.ReactiveSecurityAutoConfiguration, org.springframework.boot.security.oauth2.client.autoconfigure.reactive.ReactiveOAuth2ClientWebSecurityAutoConfiguration, at.mocode.infrastructure.gateway.GatewaySecurityTests$TestSecurityConfig, org.springframework.boot.security.oauth2.server.resource.autoconfigure.reactive.ReactiveOAuth2ResourceServerAutoConfiguration, org.springframework.boot.security.autoconfigure.reactive.ReactiveUserDetailsServiceAutoConfiguration, at.mocode.infrastructure.gateway.config.TestSecurityConfig, org.springframework.boot.security.oauth2.client.autoconfigure.reactive.ReactiveOAuth2ClientAutoConfiguration, org.springframework.boot.test.autoconfigure.web.reactive.WebTestClientAutoConfiguration]], org.springframework.boot.test.context.filter.ExcludeFilterContextCustomizer@341a8659, org.springframework.boot.test.json.DuplicateJsonObjectContextCustomizerFactory$DuplicateJsonObjectContextCustomizer@181d7f28, org.springframework.test.context.support.DynamicPropertiesContextCustomizer@0, org.springframework.boot.test.context.SpringBootTestAnnotation@5e02380f], contextLoader = org.springframework.boot.test.context.SpringBootContextLoader, parent = null]
        at org.springframework.test.context.cache.DefaultCacheAwareContextLoaderDelegate.loadContext(DefaultCacheAwareContextLoaderDelegate.java:150)
        at org.springframework.test.context.support.DefaultTestContext.getApplicationContext(DefaultTestContext.java:128)
        at org.springframework.test.context.support.DependencyInjectionTestExecutionListener.injectDependencies(DependencyInjectionTestExecutionListener.java:155)
        at org.springframework.test.context.support.DependencyInjectionTestExecutionListener.prepareTestInstance(DependencyInjectionTestExecutionListener.java:111)
        at org.springframework.test.context.TestContextManager.prepareTestInstance(TestContextManager.java:260)
        at org.springframework.test.context.junit.jupiter.SpringExtension.postProcessTestInstance(SpringExtension.java:159)
        at java.base/java.util.stream.ForEachOps$ForEachOp$OfRef.accept(ForEachOps.java:186)
        at java.base/java.util.stream.ReferencePipeline$3$1.accept(ReferencePipeline.java:214)
        at java.base/java.util.stream.ReferencePipeline$2$1.accept(ReferencePipeline.java:197)
        at java.base/java.util.stream.ReferencePipeline$3$1.accept(ReferencePipeline.java:214)
        at java.base/java.util.ArrayList$ArrayListSpliterator.forEachRemaining(ArrayList.java:1716)
        at java.base/java.util.stream.AbstractPipeline.copyInto(AbstractPipeline.java:570)
        at java.base/java.util.stream.AbstractPipeline.wrapAndCopyInto(AbstractPipeline.java:560)
        at java.base/java.util.stream.ForEachOps$ForEachOp.evaluateSequential(ForEachOps.java:153)
        at java.base/java.util.stream.ForEachOps$ForEachOp$OfRef.evaluateSequential(ForEachOps.java:176)
        at java.base/java.util.stream.AbstractPipeline.evaluate(AbstractPipeline.java:265)
        at java.base/java.util.stream.ReferencePipeline.forEach(ReferencePipeline.java:632)
        at java.base/java.util.Optional.orElseGet(Optional.java:364)
        at java.base/java.util.ArrayList.forEach(ArrayList.java:1604)
        at java.base/java.util.ArrayList.forEach(ArrayList.java:1604)

GatewaySecurityTests STANDARD_OUT
    15:52:44.408 [Test worker] WARN  o.s.test.context.TestContextManager - Caught exception while allowing TestExecutionListener [org.springframework.test.context.support.DependencyInjectionTestExecutionListener] to prepare test instance [at.mocode.infrastructure.gateway.GatewaySecurityTests@25d911a]
    java.lang.IllegalStateException: ApplicationContext failure threshold (1) exceeded: skipping repeated attempt to load context for [ReactiveWebMergedContextConfiguration@4baf997 testClass = at.mocode.infrastructure.gateway.GatewaySecurityTests, locations = [], classes = [at.mocode.infrastructure.gateway.GatewayApplication], contextInitializerClasses = [], activeProfiles = ["test"], propertySourceDescriptors = [], propertySourceProperties = ["spring.cloud.discovery.enabled=false", "spring.cloud.consul.enabled=false", "spring.cloud.consul.config.enabled=false", "spring.cloud.consul.discovery.register=false", "spring.cloud.loadbalancer.enabled=false", "resilience4j.circuitbreaker.configs.default.registerHealthIndicator=false", "management.health.circuitbreakers.enabled=false", "gateway.security.jwt.enabled=false", "spring.main.web-application-type=reactive", "spring.cloud.gateway.server.webflux.discovery.locator.enabled=false", "server.port=0", "org.springframework.boot.test.context.SpringBootTestContextBootstrapper=true", "server.port=0"], contextCustomizers = [org.springframework.boot.test.autoconfigure.OnFailureConditionReportContextCustomizerFactory$OnFailureConditionReportContextCustomizer@2899a8db, org.springframework.boot.test.autoconfigure.actuate.observability.ObservabilityContextCustomizerFactory$DisableObservabilityContextCustomizer@1f, org.springframework.boot.test.autoconfigure.properties.PropertyMappingContextCustomizer@ec54a5c9, org.springframework.boot.test.autoconfigure.web.servlet.WebDriverContextCustomizer@3773862a, org.springframework.boot.web.server.test.client.reactive.WebTestClientContextCustomizer@22175d4f, org.springframework.boot.web.server.test.reactor.netty.DisableReactorResourceFactoryGlobalResourcesContextCustomizerFactory$DisableReactorResourceFactoryGlobalResourcesContextCustomizerCustomizer@405325cf, [ImportsContextCustomizer@5280688 key = [org.springframework.boot.security.autoconfigure.reactive.ReactiveSecurityAutoConfiguration, org.springframework.boot.security.oauth2.client.autoconfigure.reactive.ReactiveOAuth2ClientWebSecurityAutoConfiguration, at.mocode.infrastructure.gateway.GatewaySecurityTests$TestSecurityConfig, org.springframework.boot.security.oauth2.server.resource.autoconfigure.reactive.ReactiveOAuth2ResourceServerAutoConfiguration, org.springframework.boot.security.autoconfigure.reactive.ReactiveUserDetailsServiceAutoConfiguration, at.mocode.infrastructure.gateway.config.TestSecurityConfig, org.springframework.boot.security.oauth2.client.autoconfigure.reactive.ReactiveOAuth2ClientAutoConfiguration, org.springframework.boot.test.autoconfigure.web.reactive.WebTestClientAutoConfiguration]], org.springframework.boot.test.context.filter.ExcludeFilterContextCustomizer@341a8659, org.springframework.boot.test.json.DuplicateJsonObjectContextCustomizerFactory$DuplicateJsonObjectContextCustomizer@181d7f28, org.springframework.test.context.support.DynamicPropertiesContextCustomizer@0, org.springframework.boot.test.context.SpringBootTestAnnotation@5e02380f], contextLoader = org.springframework.boot.test.context.SpringBootContextLoader, parent = null]
    	at org.springframework.test.context.cache.DefaultCacheAwareContextLoaderDelegate.loadContext(DefaultCacheAwareContextLoaderDelegate.java:150)
    	at org.springframework.test.context.support.DefaultTestContext.getApplicationContext(DefaultTestContext.java:128)
    	at org.springframework.test.context.support.DependencyInjectionTestExecutionListener.injectDependencies(DependencyInjectionTestExecutionListener.java:155)
    	at org.springframework.test.context.support.DependencyInjectionTestExecutionListener.prepareTestInstance(DependencyInjectionTestExecutionListener.java:111)
    	at org.springframework.test.context.TestContextManager.prepareTestInstance(TestContextManager.java:260)
    	at org.springframework.test.context.junit.jupiter.SpringExtension.postProcessTestInstance(SpringExtension.java:159)
    	at org.junit.jupiter.engine.descriptor.ClassBasedTestDescriptor.lambda$invokeTestInstancePostProcessors$10(ClassBasedTestDescriptor.java:383)
    	at org.junit.jupiter.engine.descriptor.ClassBasedTestDescriptor.executeAndMaskThrowable(ClassBasedTestDescriptor.java:388)
    	at org.junit.jupiter.engine.descriptor.ClassBasedTestDescriptor.lambda$invokeTestInstancePostProcessors$11(ClassBasedTestDescriptor.java:382)
    	at java.base/java.util.stream.ForEachOps$ForEachOp$OfRef.accept(ForEachOps.java:186)
    	at java.base/java.util.stream.ReferencePipeline$3$1.accept(ReferencePipeline.java:214)
    	at java.base/java.util.stream.ReferencePipeline$2$1.accept(ReferencePipeline.java:197)
    	at java.base/java.util.stream.ReferencePipeline$3$1.accept(ReferencePipeline.java:214)
    	at java.base/java.util.ArrayList$ArrayListSpliterator.forEachRemaining(ArrayList.java:1716)
    	at java.base/java.util.stream.AbstractPipeline.copyInto(AbstractPipeline.java:570)
    	at java.base/java.util.stream.AbstractPipeline.wrapAndCopyInto(AbstractPipeline.java:560)
    	at java.base/java.util.stream.ForEachOps$ForEachOp.evaluateSequential(ForEachOps.java:153)
    	at java.base/java.util.stream.ForEachOps$ForEachOp$OfRef.evaluateSequential(ForEachOps.java:176)
    	at java.base/java.util.stream.AbstractPipeline.evaluate(AbstractPipeline.java:265)
    	at java.base/java.util.stream.ReferencePipeline.forEach(ReferencePipeline.java:632)
    	at org.junit.jupiter.engine.descriptor.ClassBasedTestDescriptor.invokeTestInstancePostProcessors(ClassBasedTestDescriptor.java:382)
    	at org.junit.jupiter.engine.descriptor.ClassBasedTestDescriptor.lambda$instantiateAndPostProcessTestInstance$6(ClassBasedTestDescriptor.java:293)
    	at org.junit.platform.engine.support.hierarchical.ThrowableCollector.execute(ThrowableCollector.java:73)
    	at org.junit.jupiter.engine.descriptor.ClassBasedTestDescriptor.instantiateAndPostProcessTestInstance(ClassBasedTestDescriptor.java:292)
    	at org.junit.jupiter.engine.descriptor.ClassBasedTestDescriptor.lambda$testInstancesProvider$4(ClassBasedTestDescriptor.java:281)
    	at java.base/java.util.Optional.orElseGet(Optional.java:364)
    	at org.junit.jupiter.engine.descriptor.ClassBasedTestDescriptor.lambda$testInstancesProvider$5(ClassBasedTestDescriptor.java:280)
    	at org.junit.jupiter.engine.execution.TestInstancesProvider.getTestInstances(TestInstancesProvider.java:27)
    	at org.junit.jupiter.engine.descriptor.TestMethodTestDescriptor.lambda$prepare$0(TestMethodTestDescriptor.java:112)
    	at org.junit.platform.engine.support.hierarchical.ThrowableCollector.execute(ThrowableCollector.java:73)
    	at org.junit.jupiter.engine.descriptor.TestMethodTestDescriptor.prepare(TestMethodTestDescriptor.java:111)
    	at org.junit.jupiter.engine.descriptor.TestMethodTestDescriptor.prepare(TestMethodTestDescriptor.java:69)
    	at org.junit.platform.engine.support.hierarchical.NodeTestTask.lambda$prepare$2(NodeTestTask.java:129)
    	at org.junit.platform.engine.support.hierarchical.ThrowableCollector.execute(ThrowableCollector.java:73)
    	at org.junit.platform.engine.support.hierarchical.NodeTestTask.prepare(NodeTestTask.java:129)
    	at org.junit.platform.engine.support.hierarchical.NodeTestTask.execute(NodeTestTask.java:96)
    	at java.base/java.util.ArrayList.forEach(ArrayList.java:1604)
    	at org.junit.platform.engine.support.hierarchical.SameThreadHierarchicalTestExecutorService.invokeAll(SameThreadHierarchicalTestExecutorService.java:41)
    	at org.junit.platform.engine.support.hierarchical.NodeTestTask.lambda$executeRecursively$6(NodeTestTask.java:161)
    	at org.junit.platform.engine.support.hierarchical.ThrowableCollector.execute(ThrowableCollector.java:73)
    	at org.junit.platform.engine.support.hierarchical.NodeTestTask.lambda$executeRecursively$8(NodeTestTask.java:147)
    	at org.junit.platform.engine.support.hierarchical.Node.around(Node.java:137)
    	at org.junit.platform.engine.support.hierarchical.NodeTestTask.lambda$executeRecursively$9(NodeTestTask.java:145)
    	at org.junit.platform.engine.support.hierarchical.ThrowableCollector.execute(ThrowableCollector.java:73)
    	at org.junit.platform.engine.support.hierarchical.NodeTestTask.executeRecursively(NodeTestTask.java:144)
    	at org.junit.platform.engine.support.hierarchical.NodeTestTask.execute(NodeTestTask.java:101)
    	at java.base/java.util.ArrayList.forEach(ArrayList.java:1604)
    	at org.junit.platform.engine.support.hierarchical.SameThreadHierarchicalTestExecutorService.invokeAll(SameThreadHierarchicalTestExecutorService.java:41)
    	at org.junit.platform.engine.support.hierarchical.NodeTestTask.lambda$executeRecursively$6(NodeTestTask.java:161)
    	at org.junit.platform.engine.support.hierarchical.ThrowableCollector.execute(ThrowableCollector.java:73)
    	at org.junit.platform.engine.support.hierarchical.NodeTestTask.lambda$executeRecursively$8(NodeTestTask.java:147)
    	at org.junit.platform.engine.support.hierarchical.Node.around(Node.java:137)
    	at org.junit.platform.engine.support.hierarchical.NodeTestTask.lambda$executeRecursively$9(NodeTestTask.java:145)
    	at org.junit.platform.engine.support.hierarchical.ThrowableCollector.execute(ThrowableCollector.java:73)
    	at org.junit.platform.engine.support.hierarchical.NodeTestTask.executeRecursively(NodeTestTask.java:144)
    	at org.junit.platform.engine.support.hierarchical.NodeTestTask.execute(NodeTestTask.java:101)
    	at org.junit.platform.engine.support.hierarchical.SameThreadHierarchicalTestExecutorService.submit(SameThreadHierarchicalTestExecutorService.java:35)
    	at org.junit.platform.engine.support.hierarchical.HierarchicalTestExecutor.execute(HierarchicalTestExecutor.java:57)
    	at org.junit.platform.engine.support.hierarchical.HierarchicalTestEngine.execute(HierarchicalTestEngine.java:54)
    	at org.junit.platform.launcher.core.EngineExecutionOrchestrator.executeEngine(EngineExecutionOrchestrator.java:230)
    	at org.junit.platform.launcher.core.EngineExecutionOrchestrator.failOrExecuteEngine(EngineExecutionOrchestrator.java:204)
    	at org.junit.platform.launcher.core.EngineExecutionOrchestrator.execute(EngineExecutionOrchestrator.java:172)
    	at org.junit.platform.launcher.core.EngineExecutionOrchestrator.execute(EngineExecutionOrchestrator.java:101)
    	at org.junit.platform.launcher.core.EngineExecutionOrchestrator.lambda$execute$0(EngineExecutionOrchestrator.java:64)
    	at org.junit.platform.launcher.core.EngineExecutionOrchestrator.withInterceptedStreams(EngineExecutionOrchestrator.java:150)
    	at org.junit.platform.launcher.core.EngineExecutionOrchestrator.execute(EngineExecutionOrchestrator.java:63)
    	at org.junit.platform.launcher.core.DefaultLauncher.execute(DefaultLauncher.java:109)
    	at org.junit.platform.launcher.core.DefaultLauncher.execute(DefaultLauncher.java:91)
    	at org.junit.platform.launcher.core.DelegatingLauncher.execute(DelegatingLauncher.java:47)
    	at org.junit.platform.launcher.core.InterceptingLauncher.lambda$execute$1(InterceptingLauncher.java:39)
    	at org.junit.platform.launcher.core.ClasspathAlignmentCheckingLauncherInterceptor.intercept(ClasspathAlignmentCheckingLauncherInterceptor.java:25)
    	at org.junit.platform.launcher.core.InterceptingLauncher.execute(InterceptingLauncher.java:38)
    	at org.junit.platform.launcher.core.DelegatingLauncher.execute(DelegatingLauncher.java:47)
    	at org.gradle.api.internal.tasks.testing.junitplatform.JUnitPlatformTestClassProcessor$CollectAllTestClassesExecutor.processAllTestClasses(JUnitPlatformTestClassProcessor.java:135)
    	at org.gradle.api.internal.tasks.testing.junitplatform.JUnitPlatformTestClassProcessor$CollectAllTestClassesExecutor.access$000(JUnitPlatformTestClassProcessor.java:110)
    	at org.gradle.api.internal.tasks.testing.junitplatform.JUnitPlatformTestClassProcessor.stop(JUnitPlatformTestClassProcessor.java:104)
    	at org.gradle.api.internal.tasks.testing.SuiteTestClassProcessor.stop(SuiteTestClassProcessor.java:64)
    	at java.base/jdk.internal.reflect.DirectMethodHandleAccessor.invoke(DirectMethodHandleAccessor.java:104)
    	at java.base/java.lang.reflect.Method.invoke(Method.java:565)
    	at org.gradle.internal.dispatch.ReflectionDispatch.dispatch(ReflectionDispatch.java:36)
    	at org.gradle.internal.dispatch.ReflectionDispatch.dispatch(ReflectionDispatch.java:24)
    	at org.gradle.internal.dispatch.ContextClassLoaderDispatch.dispatch(ContextClassLoaderDispatch.java:33)
    	at org.gradle.internal.dispatch.ProxyDispatchAdapter$DispatchingInvocationHandler.invoke(ProxyDispatchAdapter.java:92)
    	at jdk.proxy1/jdk.proxy1.$Proxy4.stop(Unknown Source)
    	at org.gradle.api.internal.tasks.testing.worker.TestWorker$3.run(TestWorker.java:200)
    	at org.gradle.api.internal.tasks.testing.worker.TestWorker.executeAndMaintainThreadName(TestWorker.java:132)
    	at org.gradle.api.internal.tasks.testing.worker.TestWorker.execute(TestWorker.java:103)
    	at org.gradle.api.internal.tasks.testing.worker.TestWorker.execute(TestWorker.java:63)
    	at org.gradle.process.internal.worker.child.ActionExecutionWorker.execute(ActionExecutionWorker.java:56)
    	at org.gradle.process.internal.worker.child.SystemApplicationClassLoaderWorker.call(SystemApplicationClassLoaderWorker.java:122)
    	at org.gradle.process.internal.worker.child.SystemApplicationClassLoaderWorker.call(SystemApplicationClassLoaderWorker.java:72)
    	at worker.org.gradle.process.internal.worker.GradleWorkerMain.run(GradleWorkerMain.java:69)
    	at worker.org.gradle.process.internal.worker.GradleWorkerMain.main(GradleWorkerMain.java:74)

GatewaySecurityTests > should not duplicate CORS headers due to deduplication filter() FAILED
    java.lang.IllegalStateException: ApplicationContext failure threshold (1) exceeded: skipping repeated attempt to load context for [ReactiveWebMergedContextConfiguration@4baf997 testClass = at.mocode.infrastructure.gateway.GatewaySecurityTests, locations = [], classes = [at.mocode.infrastructure.gateway.GatewayApplication], contextInitializerClasses = [], activeProfiles = ["test"], propertySourceDescriptors = [], propertySourceProperties = ["spring.cloud.discovery.enabled=false", "spring.cloud.consul.enabled=false", "spring.cloud.consul.config.enabled=false", "spring.cloud.consul.discovery.register=false", "spring.cloud.loadbalancer.enabled=false", "resilience4j.circuitbreaker.configs.default.registerHealthIndicator=false", "management.health.circuitbreakers.enabled=false", "gateway.security.jwt.enabled=false", "spring.main.web-application-type=reactive", "spring.cloud.gateway.server.webflux.discovery.locator.enabled=false", "server.port=0", "org.springframework.boot.test.context.SpringBootTestContextBootstrapper=true", "server.port=0"], contextCustomizers = [org.springframework.boot.test.autoconfigure.OnFailureConditionReportContextCustomizerFactory$OnFailureConditionReportContextCustomizer@2899a8db, org.springframework.boot.test.autoconfigure.actuate.observability.ObservabilityContextCustomizerFactory$DisableObservabilityContextCustomizer@1f, org.springframework.boot.test.autoconfigure.properties.PropertyMappingContextCustomizer@ec54a5c9, org.springframework.boot.test.autoconfigure.web.servlet.WebDriverContextCustomizer@3773862a, org.springframework.boot.web.server.test.client.reactive.WebTestClientContextCustomizer@22175d4f, org.springframework.boot.web.server.test.reactor.netty.DisableReactorResourceFactoryGlobalResourcesContextCustomizerFactory$DisableReactorResourceFactoryGlobalResourcesContextCustomizerCustomizer@405325cf, [ImportsContextCustomizer@5280688 key = [org.springframework.boot.security.autoconfigure.reactive.ReactiveSecurityAutoConfiguration, org.springframework.boot.security.oauth2.client.autoconfigure.reactive.ReactiveOAuth2ClientWebSecurityAutoConfiguration, at.mocode.infrastructure.gateway.GatewaySecurityTests$TestSecurityConfig, org.springframework.boot.security.oauth2.server.resource.autoconfigure.reactive.ReactiveOAuth2ResourceServerAutoConfiguration, org.springframework.boot.security.autoconfigure.reactive.ReactiveUserDetailsServiceAutoConfiguration, at.mocode.infrastructure.gateway.config.TestSecurityConfig, org.springframework.boot.security.oauth2.client.autoconfigure.reactive.ReactiveOAuth2ClientAutoConfiguration, org.springframework.boot.test.autoconfigure.web.reactive.WebTestClientAutoConfiguration]], org.springframework.boot.test.context.filter.ExcludeFilterContextCustomizer@341a8659, org.springframework.boot.test.json.DuplicateJsonObjectContextCustomizerFactory$DuplicateJsonObjectContextCustomizer@181d7f28, org.springframework.test.context.support.DynamicPropertiesContextCustomizer@0, org.springframework.boot.test.context.SpringBootTestAnnotation@5e02380f], contextLoader = org.springframework.boot.test.context.SpringBootContextLoader, parent = null]
        at org.springframework.test.context.cache.DefaultCacheAwareContextLoaderDelegate.loadContext(DefaultCacheAwareContextLoaderDelegate.java:150)
        at org.springframework.test.context.support.DefaultTestContext.getApplicationContext(DefaultTestContext.java:128)
        at org.springframework.test.context.support.DependencyInjectionTestExecutionListener.injectDependencies(DependencyInjectionTestExecutionListener.java:155)
        at org.springframework.test.context.support.DependencyInjectionTestExecutionListener.prepareTestInstance(DependencyInjectionTestExecutionListener.java:111)
        at org.springframework.test.context.TestContextManager.prepareTestInstance(TestContextManager.java:260)
        at org.springframework.test.context.junit.jupiter.SpringExtension.postProcessTestInstance(SpringExtension.java:159)
        at java.base/java.util.stream.ForEachOps$ForEachOp$OfRef.accept(ForEachOps.java:186)
        at java.base/java.util.stream.ReferencePipeline$3$1.accept(ReferencePipeline.java:214)
        at java.base/java.util.stream.ReferencePipeline$2$1.accept(ReferencePipeline.java:197)
        at java.base/java.util.stream.ReferencePipeline$3$1.accept(ReferencePipeline.java:214)
        at java.base/java.util.ArrayList$ArrayListSpliterator.forEachRemaining(ArrayList.java:1716)
        at java.base/java.util.stream.AbstractPipeline.copyInto(AbstractPipeline.java:570)
        at java.base/java.util.stream.AbstractPipeline.wrapAndCopyInto(AbstractPipeline.java:560)
        at java.base/java.util.stream.ForEachOps$ForEachOp.evaluateSequential(ForEachOps.java:153)
        at java.base/java.util.stream.ForEachOps$ForEachOp$OfRef.evaluateSequential(ForEachOps.java:176)
        at java.base/java.util.stream.AbstractPipeline.evaluate(AbstractPipeline.java:265)
        at java.base/java.util.stream.ReferencePipeline.forEach(ReferencePipeline.java:632)
        at java.base/java.util.Optional.orElseGet(Optional.java:364)
        at java.base/java.util.ArrayList.forEach(ArrayList.java:1604)
        at java.base/java.util.ArrayList.forEach(ArrayList.java:1604)

GatewaySecurityTests STANDARD_OUT
    15:52:44.410 [Test worker] WARN  o.s.test.context.TestContextManager - Caught exception while allowing TestExecutionListener [org.springframework.test.context.support.DependencyInjectionTestExecutionListener] to prepare test instance [at.mocode.infrastructure.gateway.GatewaySecurityTests@489f62a3]
    java.lang.IllegalStateException: ApplicationContext failure threshold (1) exceeded: skipping repeated attempt to load context for [ReactiveWebMergedContextConfiguration@4baf997 testClass = at.mocode.infrastructure.gateway.GatewaySecurityTests, locations = [], classes = [at.mocode.infrastructure.gateway.GatewayApplication], contextInitializerClasses = [], activeProfiles = ["test"], propertySourceDescriptors = [], propertySourceProperties = ["spring.cloud.discovery.enabled=false", "spring.cloud.consul.enabled=false", "spring.cloud.consul.config.enabled=false", "spring.cloud.consul.discovery.register=false", "spring.cloud.loadbalancer.enabled=false", "resilience4j.circuitbreaker.configs.default.registerHealthIndicator=false", "management.health.circuitbreakers.enabled=false", "gateway.security.jwt.enabled=false", "spring.main.web-application-type=reactive", "spring.cloud.gateway.server.webflux.discovery.locator.enabled=false", "server.port=0", "org.springframework.boot.test.context.SpringBootTestContextBootstrapper=true", "server.port=0"], contextCustomizers = [org.springframework.boot.test.autoconfigure.OnFailureConditionReportContextCustomizerFactory$OnFailureConditionReportContextCustomizer@2899a8db, org.springframework.boot.test.autoconfigure.actuate.observability.ObservabilityContextCustomizerFactory$DisableObservabilityContextCustomizer@1f, org.springframework.boot.test.autoconfigure.properties.PropertyMappingContextCustomizer@ec54a5c9, org.springframework.boot.test.autoconfigure.web.servlet.WebDriverContextCustomizer@3773862a, org.springframework.boot.web.server.test.client.reactive.WebTestClientContextCustomizer@22175d4f, org.springframework.boot.web.server.test.reactor.netty.DisableReactorResourceFactoryGlobalResourcesContextCustomizerFactory$DisableReactorResourceFactoryGlobalResourcesContextCustomizerCustomizer@405325cf, [ImportsContextCustomizer@5280688 key = [org.springframework.boot.security.autoconfigure.reactive.ReactiveSecurityAutoConfiguration, org.springframework.boot.security.oauth2.client.autoconfigure.reactive.ReactiveOAuth2ClientWebSecurityAutoConfiguration, at.mocode.infrastructure.gateway.GatewaySecurityTests$TestSecurityConfig, org.springframework.boot.security.oauth2.server.resource.autoconfigure.reactive.ReactiveOAuth2ResourceServerAutoConfiguration, org.springframework.boot.security.autoconfigure.reactive.ReactiveUserDetailsServiceAutoConfiguration, at.mocode.infrastructure.gateway.config.TestSecurityConfig, org.springframework.boot.security.oauth2.client.autoconfigure.reactive.ReactiveOAuth2ClientAutoConfiguration, org.springframework.boot.test.autoconfigure.web.reactive.WebTestClientAutoConfiguration]], org.springframework.boot.test.context.filter.ExcludeFilterContextCustomizer@341a8659, org.springframework.boot.test.json.DuplicateJsonObjectContextCustomizerFactory$DuplicateJsonObjectContextCustomizer@181d7f28, org.springframework.test.context.support.DynamicPropertiesContextCustomizer@0, org.springframework.boot.test.context.SpringBootTestAnnotation@5e02380f], contextLoader = org.springframework.boot.test.context.SpringBootContextLoader, parent = null]
    	at org.springframework.test.context.cache.DefaultCacheAwareContextLoaderDelegate.loadContext(DefaultCacheAwareContextLoaderDelegate.java:150)
    	at org.springframework.test.context.support.DefaultTestContext.getApplicationContext(DefaultTestContext.java:128)
    	at org.springframework.test.context.support.DependencyInjectionTestExecutionListener.injectDependencies(DependencyInjectionTestExecutionListener.java:155)
    	at org.springframework.test.context.support.DependencyInjectionTestExecutionListener.prepareTestInstance(DependencyInjectionTestExecutionListener.java:111)
    	at org.springframework.test.context.TestContextManager.prepareTestInstance(TestContextManager.java:260)
    	at org.springframework.test.context.junit.jupiter.SpringExtension.postProcessTestInstance(SpringExtension.java:159)
    	at org.junit.jupiter.engine.descriptor.ClassBasedTestDescriptor.lambda$invokeTestInstancePostProcessors$10(ClassBasedTestDescriptor.java:383)
    	at org.junit.jupiter.engine.descriptor.ClassBasedTestDescriptor.executeAndMaskThrowable(ClassBasedTestDescriptor.java:388)
    	at org.junit.jupiter.engine.descriptor.ClassBasedTestDescriptor.lambda$invokeTestInstancePostProcessors$11(ClassBasedTestDescriptor.java:382)
    	at java.base/java.util.stream.ForEachOps$ForEachOp$OfRef.accept(ForEachOps.java:186)
    	at java.base/java.util.stream.ReferencePipeline$3$1.accept(ReferencePipeline.java:214)
    	at java.base/java.util.stream.ReferencePipeline$2$1.accept(ReferencePipeline.java:197)
    	at java.base/java.util.stream.ReferencePipeline$3$1.accept(ReferencePipeline.java:214)
    	at java.base/java.util.ArrayList$ArrayListSpliterator.forEachRemaining(ArrayList.java:1716)
    	at java.base/java.util.stream.AbstractPipeline.copyInto(AbstractPipeline.java:570)
    	at java.base/java.util.stream.AbstractPipeline.wrapAndCopyInto(AbstractPipeline.java:560)
    	at java.base/java.util.stream.ForEachOps$ForEachOp.evaluateSequential(ForEachOps.java:153)
    	at java.base/java.util.stream.ForEachOps$ForEachOp$OfRef.evaluateSequential(ForEachOps.java:176)
    	at java.base/java.util.stream.AbstractPipeline.evaluate(AbstractPipeline.java:265)
    	at java.base/java.util.stream.ReferencePipeline.forEach(ReferencePipeline.java:632)
    	at org.junit.jupiter.engine.descriptor.ClassBasedTestDescriptor.invokeTestInstancePostProcessors(ClassBasedTestDescriptor.java:382)
    	at org.junit.jupiter.engine.descriptor.ClassBasedTestDescriptor.lambda$instantiateAndPostProcessTestInstance$6(ClassBasedTestDescriptor.java:293)
    	at org.junit.platform.engine.support.hierarchical.ThrowableCollector.execute(ThrowableCollector.java:73)
    	at org.junit.jupiter.engine.descriptor.ClassBasedTestDescriptor.instantiateAndPostProcessTestInstance(ClassBasedTestDescriptor.java:292)
    	at org.junit.jupiter.engine.descriptor.ClassBasedTestDescriptor.lambda$testInstancesProvider$4(ClassBasedTestDescriptor.java:281)
    	at java.base/java.util.Optional.orElseGet(Optional.java:364)
    	at org.junit.jupiter.engine.descriptor.ClassBasedTestDescriptor.lambda$testInstancesProvider$5(ClassBasedTestDescriptor.java:280)
    	at org.junit.jupiter.engine.execution.TestInstancesProvider.getTestInstances(TestInstancesProvider.java:27)
    	at org.junit.jupiter.engine.descriptor.TestMethodTestDescriptor.lambda$prepare$0(TestMethodTestDescriptor.java:112)
    	at org.junit.platform.engine.support.hierarchical.ThrowableCollector.execute(ThrowableCollector.java:73)
    	at org.junit.jupiter.engine.descriptor.TestMethodTestDescriptor.prepare(TestMethodTestDescriptor.java:111)
    	at org.junit.jupiter.engine.descriptor.TestMethodTestDescriptor.prepare(TestMethodTestDescriptor.java:69)
    	at org.junit.platform.engine.support.hierarchical.NodeTestTask.lambda$prepare$2(NodeTestTask.java:129)
    	at org.junit.platform.engine.support.hierarchical.ThrowableCollector.execute(ThrowableCollector.java:73)
    	at org.junit.platform.engine.support.hierarchical.NodeTestTask.prepare(NodeTestTask.java:129)
    	at org.junit.platform.engine.support.hierarchical.NodeTestTask.execute(NodeTestTask.java:96)
    	at java.base/java.util.ArrayList.forEach(ArrayList.java:1604)
    	at org.junit.platform.engine.support.hierarchical.SameThreadHierarchicalTestExecutorService.invokeAll(SameThreadHierarchicalTestExecutorService.java:41)
    	at org.junit.platform.engine.support.hierarchical.NodeTestTask.lambda$executeRecursively$6(NodeTestTask.java:161)
    	at org.junit.platform.engine.support.hierarchical.ThrowableCollector.execute(ThrowableCollector.java:73)
    	at org.junit.platform.engine.support.hierarchical.NodeTestTask.lambda$executeRecursively$8(NodeTestTask.java:147)
    	at org.junit.platform.engine.support.hierarchical.Node.around(Node.java:137)
    	at org.junit.platform.engine.support.hierarchical.NodeTestTask.lambda$executeRecursively$9(NodeTestTask.java:145)
    	at org.junit.platform.engine.support.hierarchical.ThrowableCollector.execute(ThrowableCollector.java:73)
    	at org.junit.platform.engine.support.hierarchical.NodeTestTask.executeRecursively(NodeTestTask.java:144)
    	at org.junit.platform.engine.support.hierarchical.NodeTestTask.execute(NodeTestTask.java:101)
    	at java.base/java.util.ArrayList.forEach(ArrayList.java:1604)
    	at org.junit.platform.engine.support.hierarchical.SameThreadHierarchicalTestExecutorService.invokeAll(SameThreadHierarchicalTestExecutorService.java:41)
    	at org.junit.platform.engine.support.hierarchical.NodeTestTask.lambda$executeRecursively$6(NodeTestTask.java:161)
    	at org.junit.platform.engine.support.hierarchical.ThrowableCollector.execute(ThrowableCollector.java:73)
    	at org.junit.platform.engine.support.hierarchical.NodeTestTask.lambda$executeRecursively$8(NodeTestTask.java:147)
    	at org.junit.platform.engine.support.hierarchical.Node.around(Node.java:137)
    	at org.junit.platform.engine.support.hierarchical.NodeTestTask.lambda$executeRecursively$9(NodeTestTask.java:145)
    	at org.junit.platform.engine.support.hierarchical.ThrowableCollector.execute(ThrowableCollector.java:73)
    	at org.junit.platform.engine.support.hierarchical.NodeTestTask.executeRecursively(NodeTestTask.java:144)
    	at org.junit.platform.engine.support.hierarchical.NodeTestTask.execute(NodeTestTask.java:101)
    	at org.junit.platform.engine.support.hierarchical.SameThreadHierarchicalTestExecutorService.submit(SameThreadHierarchicalTestExecutorService.java:35)
    	at org.junit.platform.engine.support.hierarchical.HierarchicalTestExecutor.execute(HierarchicalTestExecutor.java:57)
    	at org.junit.platform.engine.support.hierarchical.HierarchicalTestEngine.execute(HierarchicalTestEngine.java:54)
    	at org.junit.platform.launcher.core.EngineExecutionOrchestrator.executeEngine(EngineExecutionOrchestrator.java:230)
    	at org.junit.platform.launcher.core.EngineExecutionOrchestrator.failOrExecuteEngine(EngineExecutionOrchestrator.java:204)
    	at org.junit.platform.launcher.core.EngineExecutionOrchestrator.execute(EngineExecutionOrchestrator.java:172)
    	at org.junit.platform.launcher.core.EngineExecutionOrchestrator.execute(EngineExecutionOrchestrator.java:101)
    	at org.junit.platform.launcher.core.EngineExecutionOrchestrator.lambda$execute$0(EngineExecutionOrchestrator.java:64)
    	at org.junit.platform.launcher.core.EngineExecutionOrchestrator.withInterceptedStreams(EngineExecutionOrchestrator.java:150)
    	at org.junit.platform.launcher.core.EngineExecutionOrchestrator.execute(EngineExecutionOrchestrator.java:63)
    	at org.junit.platform.launcher.core.DefaultLauncher.execute(DefaultLauncher.java:109)
    	at org.junit.platform.launcher.core.DefaultLauncher.execute(DefaultLauncher.java:91)
    	at org.junit.platform.launcher.core.DelegatingLauncher.execute(DelegatingLauncher.java:47)
    	at org.junit.platform.launcher.core.InterceptingLauncher.lambda$execute$1(InterceptingLauncher.java:39)
    	at org.junit.platform.launcher.core.ClasspathAlignmentCheckingLauncherInterceptor.intercept(ClasspathAlignmentCheckingLauncherInterceptor.java:25)
    	at org.junit.platform.launcher.core.InterceptingLauncher.execute(InterceptingLauncher.java:38)
    	at org.junit.platform.launcher.core.DelegatingLauncher.execute(DelegatingLauncher.java:47)
    	at org.gradle.api.internal.tasks.testing.junitplatform.JUnitPlatformTestClassProcessor$CollectAllTestClassesExecutor.processAllTestClasses(JUnitPlatformTestClassProcessor.java:135)
    	at org.gradle.api.internal.tasks.testing.junitplatform.JUnitPlatformTestClassProcessor$CollectAllTestClassesExecutor.access$000(JUnitPlatformTestClassProcessor.java:110)
    	at org.gradle.api.internal.tasks.testing.junitplatform.JUnitPlatformTestClassProcessor.stop(JUnitPlatformTestClassProcessor.java:104)
    	at org.gradle.api.internal.tasks.testing.SuiteTestClassProcessor.stop(SuiteTestClassProcessor.java:64)
    	at java.base/jdk.internal.reflect.DirectMethodHandleAccessor.invoke(DirectMethodHandleAccessor.java:104)
    	at java.base/java.lang.reflect.Method.invoke(Method.java:565)
    	at org.gradle.internal.dispatch.ReflectionDispatch.dispatch(ReflectionDispatch.java:36)
    	at org.gradle.internal.dispatch.ReflectionDispatch.dispatch(ReflectionDispatch.java:24)
    	at org.gradle.internal.dispatch.ContextClassLoaderDispatch.dispatch(ContextClassLoaderDispatch.java:33)
    	at org.gradle.internal.dispatch.ProxyDispatchAdapter$DispatchingInvocationHandler.invoke(ProxyDispatchAdapter.java:92)
    	at jdk.proxy1/jdk.proxy1.$Proxy4.stop(Unknown Source)
    	at org.gradle.api.internal.tasks.testing.worker.TestWorker$3.run(TestWorker.java:200)
    	at org.gradle.api.internal.tasks.testing.worker.TestWorker.executeAndMaintainThreadName(TestWorker.java:132)
    	at org.gradle.api.internal.tasks.testing.worker.TestWorker.execute(TestWorker.java:103)
    	at org.gradle.api.internal.tasks.testing.worker.TestWorker.execute(TestWorker.java:63)
    	at org.gradle.process.internal.worker.child.ActionExecutionWorker.execute(ActionExecutionWorker.java:56)
    	at org.gradle.process.internal.worker.child.SystemApplicationClassLoaderWorker.call(SystemApplicationClassLoaderWorker.java:122)
    	at org.gradle.process.internal.worker.child.SystemApplicationClassLoaderWorker.call(SystemApplicationClassLoaderWorker.java:72)
    	at worker.org.gradle.process.internal.worker.GradleWorkerMain.run(GradleWorkerMain.java:69)
    	at worker.org.gradle.process.internal.worker.GradleWorkerMain.main(GradleWorkerMain.java:74)

GatewaySecurityTests > should handle CORS preflight requests() FAILED
    java.lang.IllegalStateException: ApplicationContext failure threshold (1) exceeded: skipping repeated attempt to load context for [ReactiveWebMergedContextConfiguration@4baf997 testClass = at.mocode.infrastructure.gateway.GatewaySecurityTests, locations = [], classes = [at.mocode.infrastructure.gateway.GatewayApplication], contextInitializerClasses = [], activeProfiles = ["test"], propertySourceDescriptors = [], propertySourceProperties = ["spring.cloud.discovery.enabled=false", "spring.cloud.consul.enabled=false", "spring.cloud.consul.config.enabled=false", "spring.cloud.consul.discovery.register=false", "spring.cloud.loadbalancer.enabled=false", "resilience4j.circuitbreaker.configs.default.registerHealthIndicator=false", "management.health.circuitbreakers.enabled=false", "gateway.security.jwt.enabled=false", "spring.main.web-application-type=reactive", "spring.cloud.gateway.server.webflux.discovery.locator.enabled=false", "server.port=0", "org.springframework.boot.test.context.SpringBootTestContextBootstrapper=true", "server.port=0"], contextCustomizers = [org.springframework.boot.test.autoconfigure.OnFailureConditionReportContextCustomizerFactory$OnFailureConditionReportContextCustomizer@2899a8db, org.springframework.boot.test.autoconfigure.actuate.observability.ObservabilityContextCustomizerFactory$DisableObservabilityContextCustomizer@1f, org.springframework.boot.test.autoconfigure.properties.PropertyMappingContextCustomizer@ec54a5c9, org.springframework.boot.test.autoconfigure.web.servlet.WebDriverContextCustomizer@3773862a, org.springframework.boot.web.server.test.client.reactive.WebTestClientContextCustomizer@22175d4f, org.springframework.boot.web.server.test.reactor.netty.DisableReactorResourceFactoryGlobalResourcesContextCustomizerFactory$DisableReactorResourceFactoryGlobalResourcesContextCustomizerCustomizer@405325cf, [ImportsContextCustomizer@5280688 key = [org.springframework.boot.security.autoconfigure.reactive.ReactiveSecurityAutoConfiguration, org.springframework.boot.security.oauth2.client.autoconfigure.reactive.ReactiveOAuth2ClientWebSecurityAutoConfiguration, at.mocode.infrastructure.gateway.GatewaySecurityTests$TestSecurityConfig, org.springframework.boot.security.oauth2.server.resource.autoconfigure.reactive.ReactiveOAuth2ResourceServerAutoConfiguration, org.springframework.boot.security.autoconfigure.reactive.ReactiveUserDetailsServiceAutoConfiguration, at.mocode.infrastructure.gateway.config.TestSecurityConfig, org.springframework.boot.security.oauth2.client.autoconfigure.reactive.ReactiveOAuth2ClientAutoConfiguration, org.springframework.boot.test.autoconfigure.web.reactive.WebTestClientAutoConfiguration]], org.springframework.boot.test.context.filter.ExcludeFilterContextCustomizer@341a8659, org.springframework.boot.test.json.DuplicateJsonObjectContextCustomizerFactory$DuplicateJsonObjectContextCustomizer@181d7f28, org.springframework.test.context.support.DynamicPropertiesContextCustomizer@0, org.springframework.boot.test.context.SpringBootTestAnnotation@5e02380f], contextLoader = org.springframework.boot.test.context.SpringBootContextLoader, parent = null]
        at org.springframework.test.context.cache.DefaultCacheAwareContextLoaderDelegate.loadContext(DefaultCacheAwareContextLoaderDelegate.java:150)
        at org.springframework.test.context.support.DefaultTestContext.getApplicationContext(DefaultTestContext.java:128)
        at org.springframework.test.context.support.DependencyInjectionTestExecutionListener.injectDependencies(DependencyInjectionTestExecutionListener.java:155)
        at org.springframework.test.context.support.DependencyInjectionTestExecutionListener.prepareTestInstance(DependencyInjectionTestExecutionListener.java:111)
        at org.springframework.test.context.TestContextManager.prepareTestInstance(TestContextManager.java:260)
        at org.springframework.test.context.junit.jupiter.SpringExtension.postProcessTestInstance(SpringExtension.java:159)
        at java.base/java.util.stream.ForEachOps$ForEachOp$OfRef.accept(ForEachOps.java:186)
        at java.base/java.util.stream.ReferencePipeline$3$1.accept(ReferencePipeline.java:214)
        at java.base/java.util.stream.ReferencePipeline$2$1.accept(ReferencePipeline.java:197)
        at java.base/java.util.stream.ReferencePipeline$3$1.accept(ReferencePipeline.java:214)
        at java.base/java.util.ArrayList$ArrayListSpliterator.forEachRemaining(ArrayList.java:1716)
        at java.base/java.util.stream.AbstractPipeline.copyInto(AbstractPipeline.java:570)
        at java.base/java.util.stream.AbstractPipeline.wrapAndCopyInto(AbstractPipeline.java:560)
        at java.base/java.util.stream.ForEachOps$ForEachOp.evaluateSequential(ForEachOps.java:153)
        at java.base/java.util.stream.ForEachOps$ForEachOp$OfRef.evaluateSequential(ForEachOps.java:176)
        at java.base/java.util.stream.AbstractPipeline.evaluate(AbstractPipeline.java:265)
        at java.base/java.util.stream.ReferencePipeline.forEach(ReferencePipeline.java:632)
        at java.base/java.util.Optional.orElseGet(Optional.java:364)
        at java.base/java.util.ArrayList.forEach(ArrayList.java:1604)
        at java.base/java.util.ArrayList.forEach(ArrayList.java:1604)

GatewaySecurityTests STANDARD_OUT
    15:52:44.413 [Test worker] WARN  o.s.test.context.TestContextManager - Caught exception while allowing TestExecutionListener [org.springframework.test.context.support.DependencyInjectionTestExecutionListener] to prepare test instance [at.mocode.infrastructure.gateway.GatewaySecurityTests@3d0352]
    java.lang.IllegalStateException: ApplicationContext failure threshold (1) exceeded: skipping repeated attempt to load context for [ReactiveWebMergedContextConfiguration@4baf997 testClass = at.mocode.infrastructure.gateway.GatewaySecurityTests, locations = [], classes = [at.mocode.infrastructure.gateway.GatewayApplication], contextInitializerClasses = [], activeProfiles = ["test"], propertySourceDescriptors = [], propertySourceProperties = ["spring.cloud.discovery.enabled=false", "spring.cloud.consul.enabled=false", "spring.cloud.consul.config.enabled=false", "spring.cloud.consul.discovery.register=false", "spring.cloud.loadbalancer.enabled=false", "resilience4j.circuitbreaker.configs.default.registerHealthIndicator=false", "management.health.circuitbreakers.enabled=false", "gateway.security.jwt.enabled=false", "spring.main.web-application-type=reactive", "spring.cloud.gateway.server.webflux.discovery.locator.enabled=false", "server.port=0", "org.springframework.boot.test.context.SpringBootTestContextBootstrapper=true", "server.port=0"], contextCustomizers = [org.springframework.boot.test.autoconfigure.OnFailureConditionReportContextCustomizerFactory$OnFailureConditionReportContextCustomizer@2899a8db, org.springframework.boot.test.autoconfigure.actuate.observability.ObservabilityContextCustomizerFactory$DisableObservabilityContextCustomizer@1f, org.springframework.boot.test.autoconfigure.properties.PropertyMappingContextCustomizer@ec54a5c9, org.springframework.boot.test.autoconfigure.web.servlet.WebDriverContextCustomizer@3773862a, org.springframework.boot.web.server.test.client.reactive.WebTestClientContextCustomizer@22175d4f, org.springframework.boot.web.server.test.reactor.netty.DisableReactorResourceFactoryGlobalResourcesContextCustomizerFactory$DisableReactorResourceFactoryGlobalResourcesContextCustomizerCustomizer@405325cf, [ImportsContextCustomizer@5280688 key = [org.springframework.boot.security.autoconfigure.reactive.ReactiveSecurityAutoConfiguration, org.springframework.boot.security.oauth2.client.autoconfigure.reactive.ReactiveOAuth2ClientWebSecurityAutoConfiguration, at.mocode.infrastructure.gateway.GatewaySecurityTests$TestSecurityConfig, org.springframework.boot.security.oauth2.server.resource.autoconfigure.reactive.ReactiveOAuth2ResourceServerAutoConfiguration, org.springframework.boot.security.autoconfigure.reactive.ReactiveUserDetailsServiceAutoConfiguration, at.mocode.infrastructure.gateway.config.TestSecurityConfig, org.springframework.boot.security.oauth2.client.autoconfigure.reactive.ReactiveOAuth2ClientAutoConfiguration, org.springframework.boot.test.autoconfigure.web.reactive.WebTestClientAutoConfiguration]], org.springframework.boot.test.context.filter.ExcludeFilterContextCustomizer@341a8659, org.springframework.boot.test.json.DuplicateJsonObjectContextCustomizerFactory$DuplicateJsonObjectContextCustomizer@181d7f28, org.springframework.test.context.support.DynamicPropertiesContextCustomizer@0, org.springframework.boot.test.context.SpringBootTestAnnotation@5e02380f], contextLoader = org.springframework.boot.test.context.SpringBootContextLoader, parent = null]
    	at org.springframework.test.context.cache.DefaultCacheAwareContextLoaderDelegate.loadContext(DefaultCacheAwareContextLoaderDelegate.java:150)
    	at org.springframework.test.context.support.DefaultTestContext.getApplicationContext(DefaultTestContext.java:128)
    	at org.springframework.test.context.support.DependencyInjectionTestExecutionListener.injectDependencies(DependencyInjectionTestExecutionListener.java:155)
    	at org.springframework.test.context.support.DependencyInjectionTestExecutionListener.prepareTestInstance(DependencyInjectionTestExecutionListener.java:111)
    	at org.springframework.test.context.TestContextManager.prepareTestInstance(TestContextManager.java:260)
    	at org.springframework.test.context.junit.jupiter.SpringExtension.postProcessTestInstance(SpringExtension.java:159)
    	at org.junit.jupiter.engine.descriptor.ClassBasedTestDescriptor.lambda$invokeTestInstancePostProcessors$10(ClassBasedTestDescriptor.java:383)
    	at org.junit.jupiter.engine.descriptor.ClassBasedTestDescriptor.executeAndMaskThrowable(ClassBasedTestDescriptor.java:388)
    	at org.junit.jupiter.engine.descriptor.ClassBasedTestDescriptor.lambda$invokeTestInstancePostProcessors$11(ClassBasedTestDescriptor.java:382)
    	at java.base/java.util.stream.ForEachOps$ForEachOp$OfRef.accept(ForEachOps.java:186)
    	at java.base/java.util.stream.ReferencePipeline$3$1.accept(ReferencePipeline.java:214)
    	at java.base/java.util.stream.ReferencePipeline$2$1.accept(ReferencePipeline.java:197)
    	at java.base/java.util.stream.ReferencePipeline$3$1.accept(ReferencePipeline.java:214)
    	at java.base/java.util.ArrayList$ArrayListSpliterator.forEachRemaining(ArrayList.java:1716)
    	at java.base/java.util.stream.AbstractPipeline.copyInto(AbstractPipeline.java:570)
    	at java.base/java.util.stream.AbstractPipeline.wrapAndCopyInto(AbstractPipeline.java:560)
    	at java.base/java.util.stream.ForEachOps$ForEachOp.evaluateSequential(ForEachOps.java:153)
    	at java.base/java.util.stream.ForEachOps$ForEachOp$OfRef.evaluateSequential(ForEachOps.java:176)
    	at java.base/java.util.stream.AbstractPipeline.evaluate(AbstractPipeline.java:265)
    	at java.base/java.util.stream.ReferencePipeline.forEach(ReferencePipeline.java:632)
    	at org.junit.jupiter.engine.descriptor.ClassBasedTestDescriptor.invokeTestInstancePostProcessors(ClassBasedTestDescriptor.java:382)
    	at org.junit.jupiter.engine.descriptor.ClassBasedTestDescriptor.lambda$instantiateAndPostProcessTestInstance$6(ClassBasedTestDescriptor.java:293)
    	at org.junit.platform.engine.support.hierarchical.ThrowableCollector.execute(ThrowableCollector.java:73)
    	at org.junit.jupiter.engine.descriptor.ClassBasedTestDescriptor.instantiateAndPostProcessTestInstance(ClassBasedTestDescriptor.java:292)
    	at org.junit.jupiter.engine.descriptor.ClassBasedTestDescriptor.lambda$testInstancesProvider$4(ClassBasedTestDescriptor.java:281)
    	at java.base/java.util.Optional.orElseGet(Optional.java:364)
    	at org.junit.jupiter.engine.descriptor.ClassBasedTestDescriptor.lambda$testInstancesProvider$5(ClassBasedTestDescriptor.java:280)
    	at org.junit.jupiter.engine.execution.TestInstancesProvider.getTestInstances(TestInstancesProvider.java:27)
    	at org.junit.jupiter.engine.descriptor.TestMethodTestDescriptor.lambda$prepare$0(TestMethodTestDescriptor.java:112)
    	at org.junit.platform.engine.support.hierarchical.ThrowableCollector.execute(ThrowableCollector.java:73)
    	at org.junit.jupiter.engine.descriptor.TestMethodTestDescriptor.prepare(TestMethodTestDescriptor.java:111)
    	at org.junit.jupiter.engine.descriptor.TestMethodTestDescriptor.prepare(TestMethodTestDescriptor.java:69)
    	at org.junit.platform.engine.support.hierarchical.NodeTestTask.lambda$prepare$2(NodeTestTask.java:129)
    	at org.junit.platform.engine.support.hierarchical.ThrowableCollector.execute(ThrowableCollector.java:73)
    	at org.junit.platform.engine.support.hierarchical.NodeTestTask.prepare(NodeTestTask.java:129)
    	at org.junit.platform.engine.support.hierarchical.NodeTestTask.execute(NodeTestTask.java:96)
    	at java.base/java.util.ArrayList.forEach(ArrayList.java:1604)
    	at org.junit.platform.engine.support.hierarchical.SameThreadHierarchicalTestExecutorService.invokeAll(SameThreadHierarchicalTestExecutorService.java:41)
    	at org.junit.platform.engine.support.hierarchical.NodeTestTask.lambda$executeRecursively$6(NodeTestTask.java:161)
    	at org.junit.platform.engine.support.hierarchical.ThrowableCollector.execute(ThrowableCollector.java:73)
    	at org.junit.platform.engine.support.hierarchical.NodeTestTask.lambda$executeRecursively$8(NodeTestTask.java:147)
    	at org.junit.platform.engine.support.hierarchical.Node.around(Node.java:137)
    	at org.junit.platform.engine.support.hierarchical.NodeTestTask.lambda$executeRecursively$9(NodeTestTask.java:145)
    	at org.junit.platform.engine.support.hierarchical.ThrowableCollector.execute(ThrowableCollector.java:73)
    	at org.junit.platform.engine.support.hierarchical.NodeTestTask.executeRecursively(NodeTestTask.java:144)
    	at org.junit.platform.engine.support.hierarchical.NodeTestTask.execute(NodeTestTask.java:101)
    	at java.base/java.util.ArrayList.forEach(ArrayList.java:1604)
    	at org.junit.platform.engine.support.hierarchical.SameThreadHierarchicalTestExecutorService.invokeAll(SameThreadHierarchicalTestExecutorService.java:41)
    	at org.junit.platform.engine.support.hierarchical.NodeTestTask.lambda$executeRecursively$6(NodeTestTask.java:161)
    	at org.junit.platform.engine.support.hierarchical.ThrowableCollector.execute(ThrowableCollector.java:73)
    	at org.junit.platform.engine.support.hierarchical.NodeTestTask.lambda$executeRecursively$8(NodeTestTask.java:147)
    	at org.junit.platform.engine.support.hierarchical.Node.around(Node.java:137)
    	at org.junit.platform.engine.support.hierarchical.NodeTestTask.lambda$executeRecursively$9(NodeTestTask.java:145)
    	at org.junit.platform.engine.support.hierarchical.ThrowableCollector.execute(ThrowableCollector.java:73)
    	at org.junit.platform.engine.support.hierarchical.NodeTestTask.executeRecursively(NodeTestTask.java:144)
    	at org.junit.platform.engine.support.hierarchical.NodeTestTask.execute(NodeTestTask.java:101)
    	at org.junit.platform.engine.support.hierarchical.SameThreadHierarchicalTestExecutorService.submit(SameThreadHierarchicalTestExecutorService.java:35)
    	at org.junit.platform.engine.support.hierarchical.HierarchicalTestExecutor.execute(HierarchicalTestExecutor.java:57)
    	at org.junit.platform.engine.support.hierarchical.HierarchicalTestEngine.execute(HierarchicalTestEngine.java:54)
    	at org.junit.platform.launcher.core.EngineExecutionOrchestrator.executeEngine(EngineExecutionOrchestrator.java:230)
    	at org.junit.platform.launcher.core.EngineExecutionOrchestrator.failOrExecuteEngine(EngineExecutionOrchestrator.java:204)
    	at org.junit.platform.launcher.core.EngineExecutionOrchestrator.execute(EngineExecutionOrchestrator.java:172)
    	at org.junit.platform.launcher.core.EngineExecutionOrchestrator.execute(EngineExecutionOrchestrator.java:101)
    	at org.junit.platform.launcher.core.EngineExecutionOrchestrator.lambda$execute$0(EngineExecutionOrchestrator.java:64)
    	at org.junit.platform.launcher.core.EngineExecutionOrchestrator.withInterceptedStreams(EngineExecutionOrchestrator.java:150)
    	at org.junit.platform.launcher.core.EngineExecutionOrchestrator.execute(EngineExecutionOrchestrator.java:63)
    	at org.junit.platform.launcher.core.DefaultLauncher.execute(DefaultLauncher.java:109)
    	at org.junit.platform.launcher.core.DefaultLauncher.execute(DefaultLauncher.java:91)
    	at org.junit.platform.launcher.core.DelegatingLauncher.execute(DelegatingLauncher.java:47)
    	at org.junit.platform.launcher.core.InterceptingLauncher.lambda$execute$1(InterceptingLauncher.java:39)
    	at org.junit.platform.launcher.core.ClasspathAlignmentCheckingLauncherInterceptor.intercept(ClasspathAlignmentCheckingLauncherInterceptor.java:25)
    	at org.junit.platform.launcher.core.InterceptingLauncher.execute(InterceptingLauncher.java:38)
    	at org.junit.platform.launcher.core.DelegatingLauncher.execute(DelegatingLauncher.java:47)
    	at org.gradle.api.internal.tasks.testing.junitplatform.JUnitPlatformTestClassProcessor$CollectAllTestClassesExecutor.processAllTestClasses(JUnitPlatformTestClassProcessor.java:135)
    	at org.gradle.api.internal.tasks.testing.junitplatform.JUnitPlatformTestClassProcessor$CollectAllTestClassesExecutor.access$000(JUnitPlatformTestClassProcessor.java:110)
    	at org.gradle.api.internal.tasks.testing.junitplatform.JUnitPlatformTestClassProcessor.stop(JUnitPlatformTestClassProcessor.java:104)
    	at org.gradle.api.internal.tasks.testing.SuiteTestClassProcessor.stop(SuiteTestClassProcessor.java:64)
    	at java.base/jdk.internal.reflect.DirectMethodHandleAccessor.invoke(DirectMethodHandleAccessor.java:104)
    	at java.base/java.lang.reflect.Method.invoke(Method.java:565)
    	at org.gradle.internal.dispatch.ReflectionDispatch.dispatch(ReflectionDispatch.java:36)
    	at org.gradle.internal.dispatch.ReflectionDispatch.dispatch(ReflectionDispatch.java:24)
    	at org.gradle.internal.dispatch.ContextClassLoaderDispatch.dispatch(ContextClassLoaderDispatch.java:33)
    	at org.gradle.internal.dispatch.ProxyDispatchAdapter$DispatchingInvocationHandler.invoke(ProxyDispatchAdapter.java:92)
    	at jdk.proxy1/jdk.proxy1.$Proxy4.stop(Unknown Source)
    	at org.gradle.api.internal.tasks.testing.worker.TestWorker$3.run(TestWorker.java:200)
    	at org.gradle.api.internal.tasks.testing.worker.TestWorker.executeAndMaintainThreadName(TestWorker.java:132)
    	at org.gradle.api.internal.tasks.testing.worker.TestWorker.execute(TestWorker.java:103)
    	at org.gradle.api.internal.tasks.testing.worker.TestWorker.execute(TestWorker.java:63)
    	at org.gradle.process.internal.worker.child.ActionExecutionWorker.execute(ActionExecutionWorker.java:56)
    	at org.gradle.process.internal.worker.child.SystemApplicationClassLoaderWorker.call(SystemApplicationClassLoaderWorker.java:122)
    	at org.gradle.process.internal.worker.child.SystemApplicationClassLoaderWorker.call(SystemApplicationClassLoaderWorker.java:72)
    	at worker.org.gradle.process.internal.worker.GradleWorkerMain.run(GradleWorkerMain.java:69)
    	at worker.org.gradle.process.internal.worker.GradleWorkerMain.main(GradleWorkerMain.java:74)

GatewaySecurityTests > should allow requests from localhost origins() FAILED
    java.lang.IllegalStateException: ApplicationContext failure threshold (1) exceeded: skipping repeated attempt to load context for [ReactiveWebMergedContextConfiguration@4baf997 testClass = at.mocode.infrastructure.gateway.GatewaySecurityTests, locations = [], classes = [at.mocode.infrastructure.gateway.GatewayApplication], contextInitializerClasses = [], activeProfiles = ["test"], propertySourceDescriptors = [], propertySourceProperties = ["spring.cloud.discovery.enabled=false", "spring.cloud.consul.enabled=false", "spring.cloud.consul.config.enabled=false", "spring.cloud.consul.discovery.register=false", "spring.cloud.loadbalancer.enabled=false", "resilience4j.circuitbreaker.configs.default.registerHealthIndicator=false", "management.health.circuitbreakers.enabled=false", "gateway.security.jwt.enabled=false", "spring.main.web-application-type=reactive", "spring.cloud.gateway.server.webflux.discovery.locator.enabled=false", "server.port=0", "org.springframework.boot.test.context.SpringBootTestContextBootstrapper=true", "server.port=0"], contextCustomizers = [org.springframework.boot.test.autoconfigure.OnFailureConditionReportContextCustomizerFactory$OnFailureConditionReportContextCustomizer@2899a8db, org.springframework.boot.test.autoconfigure.actuate.observability.ObservabilityContextCustomizerFactory$DisableObservabilityContextCustomizer@1f, org.springframework.boot.test.autoconfigure.properties.PropertyMappingContextCustomizer@ec54a5c9, org.springframework.boot.test.autoconfigure.web.servlet.WebDriverContextCustomizer@3773862a, org.springframework.boot.web.server.test.client.reactive.WebTestClientContextCustomizer@22175d4f, org.springframework.boot.web.server.test.reactor.netty.DisableReactorResourceFactoryGlobalResourcesContextCustomizerFactory$DisableReactorResourceFactoryGlobalResourcesContextCustomizerCustomizer@405325cf, [ImportsContextCustomizer@5280688 key = [org.springframework.boot.security.autoconfigure.reactive.ReactiveSecurityAutoConfiguration, org.springframework.boot.security.oauth2.client.autoconfigure.reactive.ReactiveOAuth2ClientWebSecurityAutoConfiguration, at.mocode.infrastructure.gateway.GatewaySecurityTests$TestSecurityConfig, org.springframework.boot.security.oauth2.server.resource.autoconfigure.reactive.ReactiveOAuth2ResourceServerAutoConfiguration, org.springframework.boot.security.autoconfigure.reactive.ReactiveUserDetailsServiceAutoConfiguration, at.mocode.infrastructure.gateway.config.TestSecurityConfig, org.springframework.boot.security.oauth2.client.autoconfigure.reactive.ReactiveOAuth2ClientAutoConfiguration, org.springframework.boot.test.autoconfigure.web.reactive.WebTestClientAutoConfiguration]], org.springframework.boot.test.context.filter.ExcludeFilterContextCustomizer@341a8659, org.springframework.boot.test.json.DuplicateJsonObjectContextCustomizerFactory$DuplicateJsonObjectContextCustomizer@181d7f28, org.springframework.test.context.support.DynamicPropertiesContextCustomizer@0, org.springframework.boot.test.context.SpringBootTestAnnotation@5e02380f], contextLoader = org.springframework.boot.test.context.SpringBootContextLoader, parent = null]
        at org.springframework.test.context.cache.DefaultCacheAwareContextLoaderDelegate.loadContext(DefaultCacheAwareContextLoaderDelegate.java:150)
        at org.springframework.test.context.support.DefaultTestContext.getApplicationContext(DefaultTestContext.java:128)
        at org.springframework.test.context.support.DependencyInjectionTestExecutionListener.injectDependencies(DependencyInjectionTestExecutionListener.java:155)
        at org.springframework.test.context.support.DependencyInjectionTestExecutionListener.prepareTestInstance(DependencyInjectionTestExecutionListener.java:111)
        at org.springframework.test.context.TestContextManager.prepareTestInstance(TestContextManager.java:260)
        at org.springframework.test.context.junit.jupiter.SpringExtension.postProcessTestInstance(SpringExtension.java:159)
        at java.base/java.util.stream.ForEachOps$ForEachOp$OfRef.accept(ForEachOps.java:186)
        at java.base/java.util.stream.ReferencePipeline$3$1.accept(ReferencePipeline.java:214)
        at java.base/java.util.stream.ReferencePipeline$2$1.accept(ReferencePipeline.java:197)
        at java.base/java.util.stream.ReferencePipeline$3$1.accept(ReferencePipeline.java:214)
        at java.base/java.util.ArrayList$ArrayListSpliterator.forEachRemaining(ArrayList.java:1716)
        at java.base/java.util.stream.AbstractPipeline.copyInto(AbstractPipeline.java:570)
        at java.base/java.util.stream.AbstractPipeline.wrapAndCopyInto(AbstractPipeline.java:560)
        at java.base/java.util.stream.ForEachOps$ForEachOp.evaluateSequential(ForEachOps.java:153)
        at java.base/java.util.stream.ForEachOps$ForEachOp$OfRef.evaluateSequential(ForEachOps.java:176)
        at java.base/java.util.stream.AbstractPipeline.evaluate(AbstractPipeline.java:265)
        at java.base/java.util.stream.ReferencePipeline.forEach(ReferencePipeline.java:632)
        at java.base/java.util.Optional.orElseGet(Optional.java:364)
        at java.base/java.util.ArrayList.forEach(ArrayList.java:1604)
        at java.base/java.util.ArrayList.forEach(ArrayList.java:1604)

GatewaySecurityTests STANDARD_OUT
    15:52:44.416 [Test worker] WARN  o.s.test.context.TestContextManager - Caught exception while allowing TestExecutionListener [org.springframework.test.context.support.DependencyInjectionTestExecutionListener] to prepare test instance [at.mocode.infrastructure.gateway.GatewaySecurityTests@388f1258]
    java.lang.IllegalStateException: ApplicationContext failure threshold (1) exceeded: skipping repeated attempt to load context for [ReactiveWebMergedContextConfiguration@4baf997 testClass = at.mocode.infrastructure.gateway.GatewaySecurityTests, locations = [], classes = [at.mocode.infrastructure.gateway.GatewayApplication], contextInitializerClasses = [], activeProfiles = ["test"], propertySourceDescriptors = [], propertySourceProperties = ["spring.cloud.discovery.enabled=false", "spring.cloud.consul.enabled=false", "spring.cloud.consul.config.enabled=false", "spring.cloud.consul.discovery.register=false", "spring.cloud.loadbalancer.enabled=false", "resilience4j.circuitbreaker.configs.default.registerHealthIndicator=false", "management.health.circuitbreakers.enabled=false", "gateway.security.jwt.enabled=false", "spring.main.web-application-type=reactive", "spring.cloud.gateway.server.webflux.discovery.locator.enabled=false", "server.port=0", "org.springframework.boot.test.context.SpringBootTestContextBootstrapper=true", "server.port=0"], contextCustomizers = [org.springframework.boot.test.autoconfigure.OnFailureConditionReportContextCustomizerFactory$OnFailureConditionReportContextCustomizer@2899a8db, org.springframework.boot.test.autoconfigure.actuate.observability.ObservabilityContextCustomizerFactory$DisableObservabilityContextCustomizer@1f, org.springframework.boot.test.autoconfigure.properties.PropertyMappingContextCustomizer@ec54a5c9, org.springframework.boot.test.autoconfigure.web.servlet.WebDriverContextCustomizer@3773862a, org.springframework.boot.web.server.test.client.reactive.WebTestClientContextCustomizer@22175d4f, org.springframework.boot.web.server.test.reactor.netty.DisableReactorResourceFactoryGlobalResourcesContextCustomizerFactory$DisableReactorResourceFactoryGlobalResourcesContextCustomizerCustomizer@405325cf, [ImportsContextCustomizer@5280688 key = [org.springframework.boot.security.autoconfigure.reactive.ReactiveSecurityAutoConfiguration, org.springframework.boot.security.oauth2.client.autoconfigure.reactive.ReactiveOAuth2ClientWebSecurityAutoConfiguration, at.mocode.infrastructure.gateway.GatewaySecurityTests$TestSecurityConfig, org.springframework.boot.security.oauth2.server.resource.autoconfigure.reactive.ReactiveOAuth2ResourceServerAutoConfiguration, org.springframework.boot.security.autoconfigure.reactive.ReactiveUserDetailsServiceAutoConfiguration, at.mocode.infrastructure.gateway.config.TestSecurityConfig, org.springframework.boot.security.oauth2.client.autoconfigure.reactive.ReactiveOAuth2ClientAutoConfiguration, org.springframework.boot.test.autoconfigure.web.reactive.WebTestClientAutoConfiguration]], org.springframework.boot.test.context.filter.ExcludeFilterContextCustomizer@341a8659, org.springframework.boot.test.json.DuplicateJsonObjectContextCustomizerFactory$DuplicateJsonObjectContextCustomizer@181d7f28, org.springframework.test.context.support.DynamicPropertiesContextCustomizer@0, org.springframework.boot.test.context.SpringBootTestAnnotation@5e02380f], contextLoader = org.springframework.boot.test.context.SpringBootContextLoader, parent = null]
    	at org.springframework.test.context.cache.DefaultCacheAwareContextLoaderDelegate.loadContext(DefaultCacheAwareContextLoaderDelegate.java:150)
    	at org.springframework.test.context.support.DefaultTestContext.getApplicationContext(DefaultTestContext.java:128)
    	at org.springframework.test.context.support.DependencyInjectionTestExecutionListener.injectDependencies(DependencyInjectionTestExecutionListener.java:155)
    	at org.springframework.test.context.support.DependencyInjectionTestExecutionListener.prepareTestInstance(DependencyInjectionTestExecutionListener.java:111)
    	at org.springframework.test.context.TestContextManager.prepareTestInstance(TestContextManager.java:260)
    	at org.springframework.test.context.junit.jupiter.SpringExtension.postProcessTestInstance(SpringExtension.java:159)
    	at org.junit.jupiter.engine.descriptor.ClassBasedTestDescriptor.lambda$invokeTestInstancePostProcessors$10(ClassBasedTestDescriptor.java:383)
    	at org.junit.jupiter.engine.descriptor.ClassBasedTestDescriptor.executeAndMaskThrowable(ClassBasedTestDescriptor.java:388)
    	at org.junit.jupiter.engine.descriptor.ClassBasedTestDescriptor.lambda$invokeTestInstancePostProcessors$11(ClassBasedTestDescriptor.java:382)
    	at java.base/java.util.stream.ForEachOps$ForEachOp$OfRef.accept(ForEachOps.java:186)
    	at java.base/java.util.stream.ReferencePipeline$3$1.accept(ReferencePipeline.java:214)
    	at java.base/java.util.stream.ReferencePipeline$2$1.accept(ReferencePipeline.java:197)
    	at java.base/java.util.stream.ReferencePipeline$3$1.accept(ReferencePipeline.java:214)
    	at java.base/java.util.ArrayList$ArrayListSpliterator.forEachRemaining(ArrayList.java:1716)
    	at java.base/java.util.stream.AbstractPipeline.copyInto(AbstractPipeline.java:570)
    	at java.base/java.util.stream.AbstractPipeline.wrapAndCopyInto(AbstractPipeline.java:560)
    	at java.base/java.util.stream.ForEachOps$ForEachOp.evaluateSequential(ForEachOps.java:153)
    	at java.base/java.util.stream.ForEachOps$ForEachOp$OfRef.evaluateSequential(ForEachOps.java:176)
    	at java.base/java.util.stream.AbstractPipeline.evaluate(AbstractPipeline.java:265)
    	at java.base/java.util.stream.ReferencePipeline.forEach(ReferencePipeline.java:632)
    	at org.junit.jupiter.engine.descriptor.ClassBasedTestDescriptor.invokeTestInstancePostProcessors(ClassBasedTestDescriptor.java:382)
    	at org.junit.jupiter.engine.descriptor.ClassBasedTestDescriptor.lambda$instantiateAndPostProcessTestInstance$6(ClassBasedTestDescriptor.java:293)
    	at org.junit.platform.engine.support.hierarchical.ThrowableCollector.execute(ThrowableCollector.java:73)
    	at org.junit.jupiter.engine.descriptor.ClassBasedTestDescriptor.instantiateAndPostProcessTestInstance(ClassBasedTestDescriptor.java:292)
    	at org.junit.jupiter.engine.descriptor.ClassBasedTestDescriptor.lambda$testInstancesProvider$4(ClassBasedTestDescriptor.java:281)
    	at java.base/java.util.Optional.orElseGet(Optional.java:364)
    	at org.junit.jupiter.engine.descriptor.ClassBasedTestDescriptor.lambda$testInstancesProvider$5(ClassBasedTestDescriptor.java:280)
    	at org.junit.jupiter.engine.execution.TestInstancesProvider.getTestInstances(TestInstancesProvider.java:27)
    	at org.junit.jupiter.engine.descriptor.TestMethodTestDescriptor.lambda$prepare$0(TestMethodTestDescriptor.java:112)
    	at org.junit.platform.engine.support.hierarchical.ThrowableCollector.execute(ThrowableCollector.java:73)
    	at org.junit.jupiter.engine.descriptor.TestMethodTestDescriptor.prepare(TestMethodTestDescriptor.java:111)
    	at org.junit.jupiter.engine.descriptor.TestMethodTestDescriptor.prepare(TestMethodTestDescriptor.java:69)
    	at org.junit.platform.engine.support.hierarchical.NodeTestTask.lambda$prepare$2(NodeTestTask.java:129)
    	at org.junit.platform.engine.support.hierarchical.ThrowableCollector.execute(ThrowableCollector.java:73)
    	at org.junit.platform.engine.support.hierarchical.NodeTestTask.prepare(NodeTestTask.java:129)
    	at org.junit.platform.engine.support.hierarchical.NodeTestTask.execute(NodeTestTask.java:96)
    	at java.base/java.util.ArrayList.forEach(ArrayList.java:1604)
    	at org.junit.platform.engine.support.hierarchical.SameThreadHierarchicalTestExecutorService.invokeAll(SameThreadHierarchicalTestExecutorService.java:41)
    	at org.junit.platform.engine.support.hierarchical.NodeTestTask.lambda$executeRecursively$6(NodeTestTask.java:161)
    	at org.junit.platform.engine.support.hierarchical.ThrowableCollector.execute(ThrowableCollector.java:73)
    	at org.junit.platform.engine.support.hierarchical.NodeTestTask.lambda$executeRecursively$8(NodeTestTask.java:147)
    	at org.junit.platform.engine.support.hierarchical.Node.around(Node.java:137)
    	at org.junit.platform.engine.support.hierarchical.NodeTestTask.lambda$executeRecursively$9(NodeTestTask.java:145)
    	at org.junit.platform.engine.support.hierarchical.ThrowableCollector.execute(ThrowableCollector.java:73)
    	at org.junit.platform.engine.support.hierarchical.NodeTestTask.executeRecursively(NodeTestTask.java:144)
    	at org.junit.platform.engine.support.hierarchical.NodeTestTask.execute(NodeTestTask.java:101)
    	at java.base/java.util.ArrayList.forEach(ArrayList.java:1604)
    	at org.junit.platform.engine.support.hierarchical.SameThreadHierarchicalTestExecutorService.invokeAll(SameThreadHierarchicalTestExecutorService.java:41)
    	at org.junit.platform.engine.support.hierarchical.NodeTestTask.lambda$executeRecursively$6(NodeTestTask.java:161)
    	at org.junit.platform.engine.support.hierarchical.ThrowableCollector.execute(ThrowableCollector.java:73)
    	at org.junit.platform.engine.support.hierarchical.NodeTestTask.lambda$executeRecursively$8(NodeTestTask.java:147)
    	at org.junit.platform.engine.support.hierarchical.Node.around(Node.java:137)
    	at org.junit.platform.engine.support.hierarchical.NodeTestTask.lambda$executeRecursively$9(NodeTestTask.java:145)
    	at org.junit.platform.engine.support.hierarchical.ThrowableCollector.execute(ThrowableCollector.java:73)
    	at org.junit.platform.engine.support.hierarchical.NodeTestTask.executeRecursively(NodeTestTask.java:144)
    	at org.junit.platform.engine.support.hierarchical.NodeTestTask.execute(NodeTestTask.java:101)
    	at org.junit.platform.engine.support.hierarchical.SameThreadHierarchicalTestExecutorService.submit(SameThreadHierarchicalTestExecutorService.java:35)
    	at org.junit.platform.engine.support.hierarchical.HierarchicalTestExecutor.execute(HierarchicalTestExecutor.java:57)
    	at org.junit.platform.engine.support.hierarchical.HierarchicalTestEngine.execute(HierarchicalTestEngine.java:54)
    	at org.junit.platform.launcher.core.EngineExecutionOrchestrator.executeEngine(EngineExecutionOrchestrator.java:230)
    	at org.junit.platform.launcher.core.EngineExecutionOrchestrator.failOrExecuteEngine(EngineExecutionOrchestrator.java:204)
    	at org.junit.platform.launcher.core.EngineExecutionOrchestrator.execute(EngineExecutionOrchestrator.java:172)
    	at org.junit.platform.launcher.core.EngineExecutionOrchestrator.execute(EngineExecutionOrchestrator.java:101)
    	at org.junit.platform.launcher.core.EngineExecutionOrchestrator.lambda$execute$0(EngineExecutionOrchestrator.java:64)
    	at org.junit.platform.launcher.core.EngineExecutionOrchestrator.withInterceptedStreams(EngineExecutionOrchestrator.java:150)
    	at org.junit.platform.launcher.core.EngineExecutionOrchestrator.execute(EngineExecutionOrchestrator.java:63)
    	at org.junit.platform.launcher.core.DefaultLauncher.execute(DefaultLauncher.java:109)
    	at org.junit.platform.launcher.core.DefaultLauncher.execute(DefaultLauncher.java:91)
    	at org.junit.platform.launcher.core.DelegatingLauncher.execute(DelegatingLauncher.java:47)
    	at org.junit.platform.launcher.core.InterceptingLauncher.lambda$execute$1(InterceptingLauncher.java:39)
    	at org.junit.platform.launcher.core.ClasspathAlignmentCheckingLauncherInterceptor.intercept(ClasspathAlignmentCheckingLauncherInterceptor.java:25)
    	at org.junit.platform.launcher.core.InterceptingLauncher.execute(InterceptingLauncher.java:38)
    	at org.junit.platform.launcher.core.DelegatingLauncher.execute(DelegatingLauncher.java:47)
    	at org.gradle.api.internal.tasks.testing.junitplatform.JUnitPlatformTestClassProcessor$CollectAllTestClassesExecutor.processAllTestClasses(JUnitPlatformTestClassProcessor.java:135)
    	at org.gradle.api.internal.tasks.testing.junitplatform.JUnitPlatformTestClassProcessor$CollectAllTestClassesExecutor.access$000(JUnitPlatformTestClassProcessor.java:110)
    	at org.gradle.api.internal.tasks.testing.junitplatform.JUnitPlatformTestClassProcessor.stop(JUnitPlatformTestClassProcessor.java:104)
    	at org.gradle.api.internal.tasks.testing.SuiteTestClassProcessor.stop(SuiteTestClassProcessor.java:64)
    	at java.base/jdk.internal.reflect.DirectMethodHandleAccessor.invoke(DirectMethodHandleAccessor.java:104)
    	at java.base/java.lang.reflect.Method.invoke(Method.java:565)
    	at org.gradle.internal.dispatch.ReflectionDispatch.dispatch(ReflectionDispatch.java:36)
    	at org.gradle.internal.dispatch.ReflectionDispatch.dispatch(ReflectionDispatch.java:24)
    	at org.gradle.internal.dispatch.ContextClassLoaderDispatch.dispatch(ContextClassLoaderDispatch.java:33)
    	at org.gradle.internal.dispatch.ProxyDispatchAdapter$DispatchingInvocationHandler.invoke(ProxyDispatchAdapter.java:92)
    	at jdk.proxy1/jdk.proxy1.$Proxy4.stop(Unknown Source)
    	at org.gradle.api.internal.tasks.testing.worker.TestWorker$3.run(TestWorker.java:200)
    	at org.gradle.api.internal.tasks.testing.worker.TestWorker.executeAndMaintainThreadName(TestWorker.java:132)
    	at org.gradle.api.internal.tasks.testing.worker.TestWorker.execute(TestWorker.java:103)
    	at org.gradle.api.internal.tasks.testing.worker.TestWorker.execute(TestWorker.java:63)
    	at org.gradle.process.internal.worker.child.ActionExecutionWorker.execute(ActionExecutionWorker.java:56)
    	at org.gradle.process.internal.worker.child.SystemApplicationClassLoaderWorker.call(SystemApplicationClassLoaderWorker.java:122)
    	at org.gradle.process.internal.worker.child.SystemApplicationClassLoaderWorker.call(SystemApplicationClassLoaderWorker.java:72)
    	at worker.org.gradle.process.internal.worker.GradleWorkerMain.run(GradleWorkerMain.java:69)
    	at worker.org.gradle.process.internal.worker.GradleWorkerMain.main(GradleWorkerMain.java:74)

GatewaySecurityTests > should maintain security headers in responses() FAILED
    java.lang.IllegalStateException: ApplicationContext failure threshold (1) exceeded: skipping repeated attempt to load context for [ReactiveWebMergedContextConfiguration@4baf997 testClass = at.mocode.infrastructure.gateway.GatewaySecurityTests, locations = [], classes = [at.mocode.infrastructure.gateway.GatewayApplication], contextInitializerClasses = [], activeProfiles = ["test"], propertySourceDescriptors = [], propertySourceProperties = ["spring.cloud.discovery.enabled=false", "spring.cloud.consul.enabled=false", "spring.cloud.consul.config.enabled=false", "spring.cloud.consul.discovery.register=false", "spring.cloud.loadbalancer.enabled=false", "resilience4j.circuitbreaker.configs.default.registerHealthIndicator=false", "management.health.circuitbreakers.enabled=false", "gateway.security.jwt.enabled=false", "spring.main.web-application-type=reactive", "spring.cloud.gateway.server.webflux.discovery.locator.enabled=false", "server.port=0", "org.springframework.boot.test.context.SpringBootTestContextBootstrapper=true", "server.port=0"], contextCustomizers = [org.springframework.boot.test.autoconfigure.OnFailureConditionReportContextCustomizerFactory$OnFailureConditionReportContextCustomizer@2899a8db, org.springframework.boot.test.autoconfigure.actuate.observability.ObservabilityContextCustomizerFactory$DisableObservabilityContextCustomizer@1f, org.springframework.boot.test.autoconfigure.properties.PropertyMappingContextCustomizer@ec54a5c9, org.springframework.boot.test.autoconfigure.web.servlet.WebDriverContextCustomizer@3773862a, org.springframework.boot.web.server.test.client.reactive.WebTestClientContextCustomizer@22175d4f, org.springframework.boot.web.server.test.reactor.netty.DisableReactorResourceFactoryGlobalResourcesContextCustomizerFactory$DisableReactorResourceFactoryGlobalResourcesContextCustomizerCustomizer@405325cf, [ImportsContextCustomizer@5280688 key = [org.springframework.boot.security.autoconfigure.reactive.ReactiveSecurityAutoConfiguration, org.springframework.boot.security.oauth2.client.autoconfigure.reactive.ReactiveOAuth2ClientWebSecurityAutoConfiguration, at.mocode.infrastructure.gateway.GatewaySecurityTests$TestSecurityConfig, org.springframework.boot.security.oauth2.server.resource.autoconfigure.reactive.ReactiveOAuth2ResourceServerAutoConfiguration, org.springframework.boot.security.autoconfigure.reactive.ReactiveUserDetailsServiceAutoConfiguration, at.mocode.infrastructure.gateway.config.TestSecurityConfig, org.springframework.boot.security.oauth2.client.autoconfigure.reactive.ReactiveOAuth2ClientAutoConfiguration, org.springframework.boot.test.autoconfigure.web.reactive.WebTestClientAutoConfiguration]], org.springframework.boot.test.context.filter.ExcludeFilterContextCustomizer@341a8659, org.springframework.boot.test.json.DuplicateJsonObjectContextCustomizerFactory$DuplicateJsonObjectContextCustomizer@181d7f28, org.springframework.test.context.support.DynamicPropertiesContextCustomizer@0, org.springframework.boot.test.context.SpringBootTestAnnotation@5e02380f], contextLoader = org.springframework.boot.test.context.SpringBootContextLoader, parent = null]
        at org.springframework.test.context.cache.DefaultCacheAwareContextLoaderDelegate.loadContext(DefaultCacheAwareContextLoaderDelegate.java:150)
        at org.springframework.test.context.support.DefaultTestContext.getApplicationContext(DefaultTestContext.java:128)
        at org.springframework.test.context.support.DependencyInjectionTestExecutionListener.injectDependencies(DependencyInjectionTestExecutionListener.java:155)
        at org.springframework.test.context.support.DependencyInjectionTestExecutionListener.prepareTestInstance(DependencyInjectionTestExecutionListener.java:111)
        at org.springframework.test.context.TestContextManager.prepareTestInstance(TestContextManager.java:260)
        at org.springframework.test.context.junit.jupiter.SpringExtension.postProcessTestInstance(SpringExtension.java:159)
        at java.base/java.util.stream.ForEachOps$ForEachOp$OfRef.accept(ForEachOps.java:186)
        at java.base/java.util.stream.ReferencePipeline$3$1.accept(ReferencePipeline.java:214)
        at java.base/java.util.stream.ReferencePipeline$2$1.accept(ReferencePipeline.java:197)
        at java.base/java.util.stream.ReferencePipeline$3$1.accept(ReferencePipeline.java:214)
        at java.base/java.util.ArrayList$ArrayListSpliterator.forEachRemaining(ArrayList.java:1716)
        at java.base/java.util.stream.AbstractPipeline.copyInto(AbstractPipeline.java:570)
        at java.base/java.util.stream.AbstractPipeline.wrapAndCopyInto(AbstractPipeline.java:560)
        at java.base/java.util.stream.ForEachOps$ForEachOp.evaluateSequential(ForEachOps.java:153)
        at java.base/java.util.stream.ForEachOps$ForEachOp$OfRef.evaluateSequential(ForEachOps.java:176)
        at java.base/java.util.stream.AbstractPipeline.evaluate(AbstractPipeline.java:265)
        at java.base/java.util.stream.ReferencePipeline.forEach(ReferencePipeline.java:632)
        at java.base/java.util.Optional.orElseGet(Optional.java:364)
        at java.base/java.util.ArrayList.forEach(ArrayList.java:1604)
        at java.base/java.util.ArrayList.forEach(ArrayList.java:1604)

GatewaySecurityTests STANDARD_OUT
    15:52:44.419 [Test worker] WARN  o.s.test.context.TestContextManager - Caught exception while allowing TestExecutionListener [org.springframework.test.context.support.DependencyInjectionTestExecutionListener] to prepare test instance [at.mocode.infrastructure.gateway.GatewaySecurityTests@aca2fc3]
    java.lang.IllegalStateException: ApplicationContext failure threshold (1) exceeded: skipping repeated attempt to load context for [ReactiveWebMergedContextConfiguration@4baf997 testClass = at.mocode.infrastructure.gateway.GatewaySecurityTests, locations = [], classes = [at.mocode.infrastructure.gateway.GatewayApplication], contextInitializerClasses = [], activeProfiles = ["test"], propertySourceDescriptors = [], propertySourceProperties = ["spring.cloud.discovery.enabled=false", "spring.cloud.consul.enabled=false", "spring.cloud.consul.config.enabled=false", "spring.cloud.consul.discovery.register=false", "spring.cloud.loadbalancer.enabled=false", "resilience4j.circuitbreaker.configs.default.registerHealthIndicator=false", "management.health.circuitbreakers.enabled=false", "gateway.security.jwt.enabled=false", "spring.main.web-application-type=reactive", "spring.cloud.gateway.server.webflux.discovery.locator.enabled=false", "server.port=0", "org.springframework.boot.test.context.SpringBootTestContextBootstrapper=true", "server.port=0"], contextCustomizers = [org.springframework.boot.test.autoconfigure.OnFailureConditionReportContextCustomizerFactory$OnFailureConditionReportContextCustomizer@2899a8db, org.springframework.boot.test.autoconfigure.actuate.observability.ObservabilityContextCustomizerFactory$DisableObservabilityContextCustomizer@1f, org.springframework.boot.test.autoconfigure.properties.PropertyMappingContextCustomizer@ec54a5c9, org.springframework.boot.test.autoconfigure.web.servlet.WebDriverContextCustomizer@3773862a, org.springframework.boot.web.server.test.client.reactive.WebTestClientContextCustomizer@22175d4f, org.springframework.boot.web.server.test.reactor.netty.DisableReactorResourceFactoryGlobalResourcesContextCustomizerFactory$DisableReactorResourceFactoryGlobalResourcesContextCustomizerCustomizer@405325cf, [ImportsContextCustomizer@5280688 key = [org.springframework.boot.security.autoconfigure.reactive.ReactiveSecurityAutoConfiguration, org.springframework.boot.security.oauth2.client.autoconfigure.reactive.ReactiveOAuth2ClientWebSecurityAutoConfiguration, at.mocode.infrastructure.gateway.GatewaySecurityTests$TestSecurityConfig, org.springframework.boot.security.oauth2.server.resource.autoconfigure.reactive.ReactiveOAuth2ResourceServerAutoConfiguration, org.springframework.boot.security.autoconfigure.reactive.ReactiveUserDetailsServiceAutoConfiguration, at.mocode.infrastructure.gateway.config.TestSecurityConfig, org.springframework.boot.security.oauth2.client.autoconfigure.reactive.ReactiveOAuth2ClientAutoConfiguration, org.springframework.boot.test.autoconfigure.web.reactive.WebTestClientAutoConfiguration]], org.springframework.boot.test.context.filter.ExcludeFilterContextCustomizer@341a8659, org.springframework.boot.test.json.DuplicateJsonObjectContextCustomizerFactory$DuplicateJsonObjectContextCustomizer@181d7f28, org.springframework.test.context.support.DynamicPropertiesContextCustomizer@0, org.springframework.boot.test.context.SpringBootTestAnnotation@5e02380f], contextLoader = org.springframework.boot.test.context.SpringBootContextLoader, parent = null]
    	at org.springframework.test.context.cache.DefaultCacheAwareContextLoaderDelegate.loadContext(DefaultCacheAwareContextLoaderDelegate.java:150)
    	at org.springframework.test.context.support.DefaultTestContext.getApplicationContext(DefaultTestContext.java:128)
    	at org.springframework.test.context.support.DependencyInjectionTestExecutionListener.injectDependencies(DependencyInjectionTestExecutionListener.java:155)
    	at org.springframework.test.context.support.DependencyInjectionTestExecutionListener.prepareTestInstance(DependencyInjectionTestExecutionListener.java:111)
    	at org.springframework.test.context.TestContextManager.prepareTestInstance(TestContextManager.java:260)
    	at org.springframework.test.context.junit.jupiter.SpringExtension.postProcessTestInstance(SpringExtension.java:159)
    	at org.junit.jupiter.engine.descriptor.ClassBasedTestDescriptor.lambda$invokeTestInstancePostProcessors$10(ClassBasedTestDescriptor.java:383)
    	at org.junit.jupiter.engine.descriptor.ClassBasedTestDescriptor.executeAndMaskThrowable(ClassBasedTestDescriptor.java:388)
    	at org.junit.jupiter.engine.descriptor.ClassBasedTestDescriptor.lambda$invokeTestInstancePostProcessors$11(ClassBasedTestDescriptor.java:382)
    	at java.base/java.util.stream.ForEachOps$ForEachOp$OfRef.accept(ForEachOps.java:186)
    	at java.base/java.util.stream.ReferencePipeline$3$1.accept(ReferencePipeline.java:214)
    	at java.base/java.util.stream.ReferencePipeline$2$1.accept(ReferencePipeline.java:197)
    	at java.base/java.util.stream.ReferencePipeline$3$1.accept(ReferencePipeline.java:214)
    	at java.base/java.util.ArrayList$ArrayListSpliterator.forEachRemaining(ArrayList.java:1716)
    	at java.base/java.util.stream.AbstractPipeline.copyInto(AbstractPipeline.java:570)
    	at java.base/java.util.stream.AbstractPipeline.wrapAndCopyInto(AbstractPipeline.java:560)
    	at java.base/java.util.stream.ForEachOps$ForEachOp.evaluateSequential(ForEachOps.java:153)
    	at java.base/java.util.stream.ForEachOps$ForEachOp$OfRef.evaluateSequential(ForEachOps.java:176)
    	at java.base/java.util.stream.AbstractPipeline.evaluate(AbstractPipeline.java:265)
    	at java.base/java.util.stream.ReferencePipeline.forEach(ReferencePipeline.java:632)
    	at org.junit.jupiter.engine.descriptor.ClassBasedTestDescriptor.invokeTestInstancePostProcessors(ClassBasedTestDescriptor.java:382)
    	at org.junit.jupiter.engine.descriptor.ClassBasedTestDescriptor.lambda$instantiateAndPostProcessTestInstance$6(ClassBasedTestDescriptor.java:293)
    	at org.junit.platform.engine.support.hierarchical.ThrowableCollector.execute(ThrowableCollector.java:73)
    	at org.junit.jupiter.engine.descriptor.ClassBasedTestDescriptor.instantiateAndPostProcessTestInstance(ClassBasedTestDescriptor.java:292)
    	at org.junit.jupiter.engine.descriptor.ClassBasedTestDescriptor.lambda$testInstancesProvider$4(ClassBasedTestDescriptor.java:281)
    	at java.base/java.util.Optional.orElseGet(Optional.java:364)
    	at org.junit.jupiter.engine.descriptor.ClassBasedTestDescriptor.lambda$testInstancesProvider$5(ClassBasedTestDescriptor.java:280)
    	at org.junit.jupiter.engine.execution.TestInstancesProvider.getTestInstances(TestInstancesProvider.java:27)
    	at org.junit.jupiter.engine.descriptor.TestMethodTestDescriptor.lambda$prepare$0(TestMethodTestDescriptor.java:112)
    	at org.junit.platform.engine.support.hierarchical.ThrowableCollector.execute(ThrowableCollector.java:73)
    	at org.junit.jupiter.engine.descriptor.TestMethodTestDescriptor.prepare(TestMethodTestDescriptor.java:111)
    	at org.junit.jupiter.engine.descriptor.TestMethodTestDescriptor.prepare(TestMethodTestDescriptor.java:69)
    	at org.junit.platform.engine.support.hierarchical.NodeTestTask.lambda$prepare$2(NodeTestTask.java:129)
    	at org.junit.platform.engine.support.hierarchical.ThrowableCollector.execute(ThrowableCollector.java:73)
    	at org.junit.platform.engine.support.hierarchical.NodeTestTask.prepare(NodeTestTask.java:129)
    	at org.junit.platform.engine.support.hierarchical.NodeTestTask.execute(NodeTestTask.java:96)
    	at java.base/java.util.ArrayList.forEach(ArrayList.java:1604)
    	at org.junit.platform.engine.support.hierarchical.SameThreadHierarchicalTestExecutorService.invokeAll(SameThreadHierarchicalTestExecutorService.java:41)
    	at org.junit.platform.engine.support.hierarchical.NodeTestTask.lambda$executeRecursively$6(NodeTestTask.java:161)
    	at org.junit.platform.engine.support.hierarchical.ThrowableCollector.execute(ThrowableCollector.java:73)
    	at org.junit.platform.engine.support.hierarchical.NodeTestTask.lambda$executeRecursively$8(NodeTestTask.java:147)
    	at org.junit.platform.engine.support.hierarchical.Node.around(Node.java:137)
    	at org.junit.platform.engine.support.hierarchical.NodeTestTask.lambda$executeRecursively$9(NodeTestTask.java:145)
    	at org.junit.platform.engine.support.hierarchical.ThrowableCollector.execute(ThrowableCollector.java:73)
    	at org.junit.platform.engine.support.hierarchical.NodeTestTask.executeRecursively(NodeTestTask.java:144)
    	at org.junit.platform.engine.support.hierarchical.NodeTestTask.execute(NodeTestTask.java:101)
    	at java.base/java.util.ArrayList.forEach(ArrayList.java:1604)
    	at org.junit.platform.engine.support.hierarchical.SameThreadHierarchicalTestExecutorService.invokeAll(SameThreadHierarchicalTestExecutorService.java:41)
    	at org.junit.platform.engine.support.hierarchical.NodeTestTask.lambda$executeRecursively$6(NodeTestTask.java:161)
    	at org.junit.platform.engine.support.hierarchical.ThrowableCollector.execute(ThrowableCollector.java:73)
    	at org.junit.platform.engine.support.hierarchical.NodeTestTask.lambda$executeRecursively$8(NodeTestTask.java:147)
    	at org.junit.platform.engine.support.hierarchical.Node.around(Node.java:137)
    	at org.junit.platform.engine.support.hierarchical.NodeTestTask.lambda$executeRecursively$9(NodeTestTask.java:145)
    	at org.junit.platform.engine.support.hierarchical.ThrowableCollector.execute(ThrowableCollector.java:73)
    	at org.junit.platform.engine.support.hierarchical.NodeTestTask.executeRecursively(NodeTestTask.java:144)
    	at org.junit.platform.engine.support.hierarchical.NodeTestTask.execute(NodeTestTask.java:101)
    	at org.junit.platform.engine.support.hierarchical.SameThreadHierarchicalTestExecutorService.submit(SameThreadHierarchicalTestExecutorService.java:35)
    	at org.junit.platform.engine.support.hierarchical.HierarchicalTestExecutor.execute(HierarchicalTestExecutor.java:57)
    	at org.junit.platform.engine.support.hierarchical.HierarchicalTestEngine.execute(HierarchicalTestEngine.java:54)
    	at org.junit.platform.launcher.core.EngineExecutionOrchestrator.executeEngine(EngineExecutionOrchestrator.java:230)
    	at org.junit.platform.launcher.core.EngineExecutionOrchestrator.failOrExecuteEngine(EngineExecutionOrchestrator.java:204)
    	at org.junit.platform.launcher.core.EngineExecutionOrchestrator.execute(EngineExecutionOrchestrator.java:172)
    	at org.junit.platform.launcher.core.EngineExecutionOrchestrator.execute(EngineExecutionOrchestrator.java:101)
    	at org.junit.platform.launcher.core.EngineExecutionOrchestrator.lambda$execute$0(EngineExecutionOrchestrator.java:64)
    	at org.junit.platform.launcher.core.EngineExecutionOrchestrator.withInterceptedStreams(EngineExecutionOrchestrator.java:150)
    	at org.junit.platform.launcher.core.EngineExecutionOrchestrator.execute(EngineExecutionOrchestrator.java:63)
    	at org.junit.platform.launcher.core.DefaultLauncher.execute(DefaultLauncher.java:109)
    	at org.junit.platform.launcher.core.DefaultLauncher.execute(DefaultLauncher.java:91)
    	at org.junit.platform.launcher.core.DelegatingLauncher.execute(DelegatingLauncher.java:47)
    	at org.junit.platform.launcher.core.InterceptingLauncher.lambda$execute$1(InterceptingLauncher.java:39)
    	at org.junit.platform.launcher.core.ClasspathAlignmentCheckingLauncherInterceptor.intercept(ClasspathAlignmentCheckingLauncherInterceptor.java:25)
    	at org.junit.platform.launcher.core.InterceptingLauncher.execute(InterceptingLauncher.java:38)
    	at org.junit.platform.launcher.core.DelegatingLauncher.execute(DelegatingLauncher.java:47)
    	at org.gradle.api.internal.tasks.testing.junitplatform.JUnitPlatformTestClassProcessor$CollectAllTestClassesExecutor.processAllTestClasses(JUnitPlatformTestClassProcessor.java:135)
    	at org.gradle.api.internal.tasks.testing.junitplatform.JUnitPlatformTestClassProcessor$CollectAllTestClassesExecutor.access$000(JUnitPlatformTestClassProcessor.java:110)
    	at org.gradle.api.internal.tasks.testing.junitplatform.JUnitPlatformTestClassProcessor.stop(JUnitPlatformTestClassProcessor.java:104)
    	at org.gradle.api.internal.tasks.testing.SuiteTestClassProcessor.stop(SuiteTestClassProcessor.java:64)
    	at java.base/jdk.internal.reflect.DirectMethodHandleAccessor.invoke(DirectMethodHandleAccessor.java:104)
    	at java.base/java.lang.reflect.Method.invoke(Method.java:565)
    	at org.gradle.internal.dispatch.ReflectionDispatch.dispatch(ReflectionDispatch.java:36)
    	at org.gradle.internal.dispatch.ReflectionDispatch.dispatch(ReflectionDispatch.java:24)
    	at org.gradle.internal.dispatch.ContextClassLoaderDispatch.dispatch(ContextClassLoaderDispatch.java:33)
    	at org.gradle.internal.dispatch.ProxyDispatchAdapter$DispatchingInvocationHandler.invoke(ProxyDispatchAdapter.java:92)
    	at jdk.proxy1/jdk.proxy1.$Proxy4.stop(Unknown Source)
    	at org.gradle.api.internal.tasks.testing.worker.TestWorker$3.run(TestWorker.java:200)
    	at org.gradle.api.internal.tasks.testing.worker.TestWorker.executeAndMaintainThreadName(TestWorker.java:132)
    	at org.gradle.api.internal.tasks.testing.worker.TestWorker.execute(TestWorker.java:103)
    	at org.gradle.api.internal.tasks.testing.worker.TestWorker.execute(TestWorker.java:63)
    	at org.gradle.process.internal.worker.child.ActionExecutionWorker.execute(ActionExecutionWorker.java:56)
    	at org.gradle.process.internal.worker.child.SystemApplicationClassLoaderWorker.call(SystemApplicationClassLoaderWorker.java:122)
    	at org.gradle.process.internal.worker.child.SystemApplicationClassLoaderWorker.call(SystemApplicationClassLoaderWorker.java:72)
    	at worker.org.gradle.process.internal.worker.GradleWorkerMain.run(GradleWorkerMain.java:69)
    	at worker.org.gradle.process.internal.worker.GradleWorkerMain.main(GradleWorkerMain.java:74)

GatewaySecurityTests > should handle POST requests with CORS headers() FAILED
    java.lang.IllegalStateException: ApplicationContext failure threshold (1) exceeded: skipping repeated attempt to load context for [ReactiveWebMergedContextConfiguration@4baf997 testClass = at.mocode.infrastructure.gateway.GatewaySecurityTests, locations = [], classes = [at.mocode.infrastructure.gateway.GatewayApplication], contextInitializerClasses = [], activeProfiles = ["test"], propertySourceDescriptors = [], propertySourceProperties = ["spring.cloud.discovery.enabled=false", "spring.cloud.consul.enabled=false", "spring.cloud.consul.config.enabled=false", "spring.cloud.consul.discovery.register=false", "spring.cloud.loadbalancer.enabled=false", "resilience4j.circuitbreaker.configs.default.registerHealthIndicator=false", "management.health.circuitbreakers.enabled=false", "gateway.security.jwt.enabled=false", "spring.main.web-application-type=reactive", "spring.cloud.gateway.server.webflux.discovery.locator.enabled=false", "server.port=0", "org.springframework.boot.test.context.SpringBootTestContextBootstrapper=true", "server.port=0"], contextCustomizers = [org.springframework.boot.test.autoconfigure.OnFailureConditionReportContextCustomizerFactory$OnFailureConditionReportContextCustomizer@2899a8db, org.springframework.boot.test.autoconfigure.actuate.observability.ObservabilityContextCustomizerFactory$DisableObservabilityContextCustomizer@1f, org.springframework.boot.test.autoconfigure.properties.PropertyMappingContextCustomizer@ec54a5c9, org.springframework.boot.test.autoconfigure.web.servlet.WebDriverContextCustomizer@3773862a, org.springframework.boot.web.server.test.client.reactive.WebTestClientContextCustomizer@22175d4f, org.springframework.boot.web.server.test.reactor.netty.DisableReactorResourceFactoryGlobalResourcesContextCustomizerFactory$DisableReactorResourceFactoryGlobalResourcesContextCustomizerCustomizer@405325cf, [ImportsContextCustomizer@5280688 key = [org.springframework.boot.security.autoconfigure.reactive.ReactiveSecurityAutoConfiguration, org.springframework.boot.security.oauth2.client.autoconfigure.reactive.ReactiveOAuth2ClientWebSecurityAutoConfiguration, at.mocode.infrastructure.gateway.GatewaySecurityTests$TestSecurityConfig, org.springframework.boot.security.oauth2.server.resource.autoconfigure.reactive.ReactiveOAuth2ResourceServerAutoConfiguration, org.springframework.boot.security.autoconfigure.reactive.ReactiveUserDetailsServiceAutoConfiguration, at.mocode.infrastructure.gateway.config.TestSecurityConfig, org.springframework.boot.security.oauth2.client.autoconfigure.reactive.ReactiveOAuth2ClientAutoConfiguration, org.springframework.boot.test.autoconfigure.web.reactive.WebTestClientAutoConfiguration]], org.springframework.boot.test.context.filter.ExcludeFilterContextCustomizer@341a8659, org.springframework.boot.test.json.DuplicateJsonObjectContextCustomizerFactory$DuplicateJsonObjectContextCustomizer@181d7f28, org.springframework.test.context.support.DynamicPropertiesContextCustomizer@0, org.springframework.boot.test.context.SpringBootTestAnnotation@5e02380f], contextLoader = org.springframework.boot.test.context.SpringBootContextLoader, parent = null]
        at org.springframework.test.context.cache.DefaultCacheAwareContextLoaderDelegate.loadContext(DefaultCacheAwareContextLoaderDelegate.java:150)
        at org.springframework.test.context.support.DefaultTestContext.getApplicationContext(DefaultTestContext.java:128)
        at org.springframework.test.context.support.DependencyInjectionTestExecutionListener.injectDependencies(DependencyInjectionTestExecutionListener.java:155)
        at org.springframework.test.context.support.DependencyInjectionTestExecutionListener.prepareTestInstance(DependencyInjectionTestExecutionListener.java:111)
        at org.springframework.test.context.TestContextManager.prepareTestInstance(TestContextManager.java:260)
        at org.springframework.test.context.junit.jupiter.SpringExtension.postProcessTestInstance(SpringExtension.java:159)
        at java.base/java.util.stream.ForEachOps$ForEachOp$OfRef.accept(ForEachOps.java:186)
        at java.base/java.util.stream.ReferencePipeline$3$1.accept(ReferencePipeline.java:214)
        at java.base/java.util.stream.ReferencePipeline$2$1.accept(ReferencePipeline.java:197)
        at java.base/java.util.stream.ReferencePipeline$3$1.accept(ReferencePipeline.java:214)
        at java.base/java.util.ArrayList$ArrayListSpliterator.forEachRemaining(ArrayList.java:1716)
        at java.base/java.util.stream.AbstractPipeline.copyInto(AbstractPipeline.java:570)
        at java.base/java.util.stream.AbstractPipeline.wrapAndCopyInto(AbstractPipeline.java:560)
        at java.base/java.util.stream.ForEachOps$ForEachOp.evaluateSequential(ForEachOps.java:153)
        at java.base/java.util.stream.ForEachOps$ForEachOp$OfRef.evaluateSequential(ForEachOps.java:176)
        at java.base/java.util.stream.AbstractPipeline.evaluate(AbstractPipeline.java:265)
        at java.base/java.util.stream.ReferencePipeline.forEach(ReferencePipeline.java:632)
        at java.base/java.util.Optional.orElseGet(Optional.java:364)
        at java.base/java.util.ArrayList.forEach(ArrayList.java:1604)
        at java.base/java.util.ArrayList.forEach(ArrayList.java:1604)

GatewaySecurityTests STANDARD_OUT
    15:52:44.421 [Test worker] WARN  o.s.test.context.TestContextManager - Caught exception while allowing TestExecutionListener [org.springframework.test.context.support.DependencyInjectionTestExecutionListener] to prepare test instance [at.mocode.infrastructure.gateway.GatewaySecurityTests@76828577]
    java.lang.IllegalStateException: ApplicationContext failure threshold (1) exceeded: skipping repeated attempt to load context for [ReactiveWebMergedContextConfiguration@4baf997 testClass = at.mocode.infrastructure.gateway.GatewaySecurityTests, locations = [], classes = [at.mocode.infrastructure.gateway.GatewayApplication], contextInitializerClasses = [], activeProfiles = ["test"], propertySourceDescriptors = [], propertySourceProperties = ["spring.cloud.discovery.enabled=false", "spring.cloud.consul.enabled=false", "spring.cloud.consul.config.enabled=false", "spring.cloud.consul.discovery.register=false", "spring.cloud.loadbalancer.enabled=false", "resilience4j.circuitbreaker.configs.default.registerHealthIndicator=false", "management.health.circuitbreakers.enabled=false", "gateway.security.jwt.enabled=false", "spring.main.web-application-type=reactive", "spring.cloud.gateway.server.webflux.discovery.locator.enabled=false", "server.port=0", "org.springframework.boot.test.context.SpringBootTestContextBootstrapper=true", "server.port=0"], contextCustomizers = [org.springframework.boot.test.autoconfigure.OnFailureConditionReportContextCustomizerFactory$OnFailureConditionReportContextCustomizer@2899a8db, org.springframework.boot.test.autoconfigure.actuate.observability.ObservabilityContextCustomizerFactory$DisableObservabilityContextCustomizer@1f, org.springframework.boot.test.autoconfigure.properties.PropertyMappingContextCustomizer@ec54a5c9, org.springframework.boot.test.autoconfigure.web.servlet.WebDriverContextCustomizer@3773862a, org.springframework.boot.web.server.test.client.reactive.WebTestClientContextCustomizer@22175d4f, org.springframework.boot.web.server.test.reactor.netty.DisableReactorResourceFactoryGlobalResourcesContextCustomizerFactory$DisableReactorResourceFactoryGlobalResourcesContextCustomizerCustomizer@405325cf, [ImportsContextCustomizer@5280688 key = [org.springframework.boot.security.autoconfigure.reactive.ReactiveSecurityAutoConfiguration, org.springframework.boot.security.oauth2.client.autoconfigure.reactive.ReactiveOAuth2ClientWebSecurityAutoConfiguration, at.mocode.infrastructure.gateway.GatewaySecurityTests$TestSecurityConfig, org.springframework.boot.security.oauth2.server.resource.autoconfigure.reactive.ReactiveOAuth2ResourceServerAutoConfiguration, org.springframework.boot.security.autoconfigure.reactive.ReactiveUserDetailsServiceAutoConfiguration, at.mocode.infrastructure.gateway.config.TestSecurityConfig, org.springframework.boot.security.oauth2.client.autoconfigure.reactive.ReactiveOAuth2ClientAutoConfiguration, org.springframework.boot.test.autoconfigure.web.reactive.WebTestClientAutoConfiguration]], org.springframework.boot.test.context.filter.ExcludeFilterContextCustomizer@341a8659, org.springframework.boot.test.json.DuplicateJsonObjectContextCustomizerFactory$DuplicateJsonObjectContextCustomizer@181d7f28, org.springframework.test.context.support.DynamicPropertiesContextCustomizer@0, org.springframework.boot.test.context.SpringBootTestAnnotation@5e02380f], contextLoader = org.springframework.boot.test.context.SpringBootContextLoader, parent = null]
    	at org.springframework.test.context.cache.DefaultCacheAwareContextLoaderDelegate.loadContext(DefaultCacheAwareContextLoaderDelegate.java:150)
    	at org.springframework.test.context.support.DefaultTestContext.getApplicationContext(DefaultTestContext.java:128)
    	at org.springframework.test.context.support.DependencyInjectionTestExecutionListener.injectDependencies(DependencyInjectionTestExecutionListener.java:155)
    	at org.springframework.test.context.support.DependencyInjectionTestExecutionListener.prepareTestInstance(DependencyInjectionTestExecutionListener.java:111)
    	at org.springframework.test.context.TestContextManager.prepareTestInstance(TestContextManager.java:260)
    	at org.springframework.test.context.junit.jupiter.SpringExtension.postProcessTestInstance(SpringExtension.java:159)
    	at org.junit.jupiter.engine.descriptor.ClassBasedTestDescriptor.lambda$invokeTestInstancePostProcessors$10(ClassBasedTestDescriptor.java:383)
    	at org.junit.jupiter.engine.descriptor.ClassBasedTestDescriptor.executeAndMaskThrowable(ClassBasedTestDescriptor.java:388)
    	at org.junit.jupiter.engine.descriptor.ClassBasedTestDescriptor.lambda$invokeTestInstancePostProcessors$11(ClassBasedTestDescriptor.java:382)
    	at java.base/java.util.stream.ForEachOps$ForEachOp$OfRef.accept(ForEachOps.java:186)
    	at java.base/java.util.stream.ReferencePipeline$3$1.accept(ReferencePipeline.java:214)
    	at java.base/java.util.stream.ReferencePipeline$2$1.accept(ReferencePipeline.java:197)
    	at java.base/java.util.stream.ReferencePipeline$3$1.accept(ReferencePipeline.java:214)
    	at java.base/java.util.ArrayList$ArrayListSpliterator.forEachRemaining(ArrayList.java:1716)
    	at java.base/java.util.stream.AbstractPipeline.copyInto(AbstractPipeline.java:570)
    	at java.base/java.util.stream.AbstractPipeline.wrapAndCopyInto(AbstractPipeline.java:560)
    	at java.base/java.util.stream.ForEachOps$ForEachOp.evaluateSequential(ForEachOps.java:153)
    	at java.base/java.util.stream.ForEachOps$ForEachOp$OfRef.evaluateSequential(ForEachOps.java:176)
    	at java.base/java.util.stream.AbstractPipeline.evaluate(AbstractPipeline.java:265)
    	at java.base/java.util.stream.ReferencePipeline.forEach(ReferencePipeline.java:632)
    	at org.junit.jupiter.engine.descriptor.ClassBasedTestDescriptor.invokeTestInstancePostProcessors(ClassBasedTestDescriptor.java:382)
    	at org.junit.jupiter.engine.descriptor.ClassBasedTestDescriptor.lambda$instantiateAndPostProcessTestInstance$6(ClassBasedTestDescriptor.java:293)
    	at org.junit.platform.engine.support.hierarchical.ThrowableCollector.execute(ThrowableCollector.java:73)
    	at org.junit.jupiter.engine.descriptor.ClassBasedTestDescriptor.instantiateAndPostProcessTestInstance(ClassBasedTestDescriptor.java:292)
    	at org.junit.jupiter.engine.descriptor.ClassBasedTestDescriptor.lambda$testInstancesProvider$4(ClassBasedTestDescriptor.java:281)
    	at java.base/java.util.Optional.orElseGet(Optional.java:364)
    	at org.junit.jupiter.engine.descriptor.ClassBasedTestDescriptor.lambda$testInstancesProvider$5(ClassBasedTestDescriptor.java:280)
    	at org.junit.jupiter.engine.execution.TestInstancesProvider.getTestInstances(TestInstancesProvider.java:27)
    	at org.junit.jupiter.engine.descriptor.TestMethodTestDescriptor.lambda$prepare$0(TestMethodTestDescriptor.java:112)
    	at org.junit.platform.engine.support.hierarchical.ThrowableCollector.execute(ThrowableCollector.java:73)
    	at org.junit.jupiter.engine.descriptor.TestMethodTestDescriptor.prepare(TestMethodTestDescriptor.java:111)
    	at org.junit.jupiter.engine.descriptor.TestMethodTestDescriptor.prepare(TestMethodTestDescriptor.java:69)
    	at org.junit.platform.engine.support.hierarchical.NodeTestTask.lambda$prepare$2(NodeTestTask.java:129)
    	at org.junit.platform.engine.support.hierarchical.ThrowableCollector.execute(ThrowableCollector.java:73)
    	at org.junit.platform.engine.support.hierarchical.NodeTestTask.prepare(NodeTestTask.java:129)
    	at org.junit.platform.engine.support.hierarchical.NodeTestTask.execute(NodeTestTask.java:96)
    	at java.base/java.util.ArrayList.forEach(ArrayList.java:1604)
    	at org.junit.platform.engine.support.hierarchical.SameThreadHierarchicalTestExecutorService.invokeAll(SameThreadHierarchicalTestExecutorService.java:41)
    	at org.junit.platform.engine.support.hierarchical.NodeTestTask.lambda$executeRecursively$6(NodeTestTask.java:161)
    	at org.junit.platform.engine.support.hierarchical.ThrowableCollector.execute(ThrowableCollector.java:73)
    	at org.junit.platform.engine.support.hierarchical.NodeTestTask.lambda$executeRecursively$8(NodeTestTask.java:147)
    	at org.junit.platform.engine.support.hierarchical.Node.around(Node.java:137)
    	at org.junit.platform.engine.support.hierarchical.NodeTestTask.lambda$executeRecursively$9(NodeTestTask.java:145)
    	at org.junit.platform.engine.support.hierarchical.ThrowableCollector.execute(ThrowableCollector.java:73)
    	at org.junit.platform.engine.support.hierarchical.NodeTestTask.executeRecursively(NodeTestTask.java:144)
    	at org.junit.platform.engine.support.hierarchical.NodeTestTask.execute(NodeTestTask.java:101)
    	at java.base/java.util.ArrayList.forEach(ArrayList.java:1604)
    	at org.junit.platform.engine.support.hierarchical.SameThreadHierarchicalTestExecutorService.invokeAll(SameThreadHierarchicalTestExecutorService.java:41)
    	at org.junit.platform.engine.support.hierarchical.NodeTestTask.lambda$executeRecursively$6(NodeTestTask.java:161)
    	at org.junit.platform.engine.support.hierarchical.ThrowableCollector.execute(ThrowableCollector.java:73)
    	at org.junit.platform.engine.support.hierarchical.NodeTestTask.lambda$executeRecursively$8(NodeTestTask.java:147)
    	at org.junit.platform.engine.support.hierarchical.Node.around(Node.java:137)
    	at org.junit.platform.engine.support.hierarchical.NodeTestTask.lambda$executeRecursively$9(NodeTestTask.java:145)
    	at org.junit.platform.engine.support.hierarchical.ThrowableCollector.execute(ThrowableCollector.java:73)
    	at org.junit.platform.engine.support.hierarchical.NodeTestTask.executeRecursively(NodeTestTask.java:144)
    	at org.junit.platform.engine.support.hierarchical.NodeTestTask.execute(NodeTestTask.java:101)
    	at org.junit.platform.engine.support.hierarchical.SameThreadHierarchicalTestExecutorService.submit(SameThreadHierarchicalTestExecutorService.java:35)
    	at org.junit.platform.engine.support.hierarchical.HierarchicalTestExecutor.execute(HierarchicalTestExecutor.java:57)
    	at org.junit.platform.engine.support.hierarchical.HierarchicalTestEngine.execute(HierarchicalTestEngine.java:54)
    	at org.junit.platform.launcher.core.EngineExecutionOrchestrator.executeEngine(EngineExecutionOrchestrator.java:230)
    	at org.junit.platform.launcher.core.EngineExecutionOrchestrator.failOrExecuteEngine(EngineExecutionOrchestrator.java:204)
    	at org.junit.platform.launcher.core.EngineExecutionOrchestrator.execute(EngineExecutionOrchestrator.java:172)
    	at org.junit.platform.launcher.core.EngineExecutionOrchestrator.execute(EngineExecutionOrchestrator.java:101)
    	at org.junit.platform.launcher.core.EngineExecutionOrchestrator.lambda$execute$0(EngineExecutionOrchestrator.java:64)
    	at org.junit.platform.launcher.core.EngineExecutionOrchestrator.withInterceptedStreams(EngineExecutionOrchestrator.java:150)
    	at org.junit.platform.launcher.core.EngineExecutionOrchestrator.execute(EngineExecutionOrchestrator.java:63)
    	at org.junit.platform.launcher.core.DefaultLauncher.execute(DefaultLauncher.java:109)
    	at org.junit.platform.launcher.core.DefaultLauncher.execute(DefaultLauncher.java:91)
    	at org.junit.platform.launcher.core.DelegatingLauncher.execute(DelegatingLauncher.java:47)
    	at org.junit.platform.launcher.core.InterceptingLauncher.lambda$execute$1(InterceptingLauncher.java:39)
    	at org.junit.platform.launcher.core.ClasspathAlignmentCheckingLauncherInterceptor.intercept(ClasspathAlignmentCheckingLauncherInterceptor.java:25)
    	at org.junit.platform.launcher.core.InterceptingLauncher.execute(InterceptingLauncher.java:38)
    	at org.junit.platform.launcher.core.DelegatingLauncher.execute(DelegatingLauncher.java:47)
    	at org.gradle.api.internal.tasks.testing.junitplatform.JUnitPlatformTestClassProcessor$CollectAllTestClassesExecutor.processAllTestClasses(JUnitPlatformTestClassProcessor.java:135)
    	at org.gradle.api.internal.tasks.testing.junitplatform.JUnitPlatformTestClassProcessor$CollectAllTestClassesExecutor.access$000(JUnitPlatformTestClassProcessor.java:110)
    	at org.gradle.api.internal.tasks.testing.junitplatform.JUnitPlatformTestClassProcessor.stop(JUnitPlatformTestClassProcessor.java:104)
    	at org.gradle.api.internal.tasks.testing.SuiteTestClassProcessor.stop(SuiteTestClassProcessor.java:64)
    	at java.base/jdk.internal.reflect.DirectMethodHandleAccessor.invoke(DirectMethodHandleAccessor.java:104)
    	at java.base/java.lang.reflect.Method.invoke(Method.java:565)
    	at org.gradle.internal.dispatch.ReflectionDispatch.dispatch(ReflectionDispatch.java:36)
    	at org.gradle.internal.dispatch.ReflectionDispatch.dispatch(ReflectionDispatch.java:24)
    	at org.gradle.internal.dispatch.ContextClassLoaderDispatch.dispatch(ContextClassLoaderDispatch.java:33)
    	at org.gradle.internal.dispatch.ProxyDispatchAdapter$DispatchingInvocationHandler.invoke(ProxyDispatchAdapter.java:92)
    	at jdk.proxy1/jdk.proxy1.$Proxy4.stop(Unknown Source)
    	at org.gradle.api.internal.tasks.testing.worker.TestWorker$3.run(TestWorker.java:200)
    	at org.gradle.api.internal.tasks.testing.worker.TestWorker.executeAndMaintainThreadName(TestWorker.java:132)
    	at org.gradle.api.internal.tasks.testing.worker.TestWorker.execute(TestWorker.java:103)
    	at org.gradle.api.internal.tasks.testing.worker.TestWorker.execute(TestWorker.java:63)
    	at org.gradle.process.internal.worker.child.ActionExecutionWorker.execute(ActionExecutionWorker.java:56)
    	at org.gradle.process.internal.worker.child.SystemApplicationClassLoaderWorker.call(SystemApplicationClassLoaderWorker.java:122)
    	at org.gradle.process.internal.worker.child.SystemApplicationClassLoaderWorker.call(SystemApplicationClassLoaderWorker.java:72)
    	at worker.org.gradle.process.internal.worker.GradleWorkerMain.run(GradleWorkerMain.java:69)
    	at worker.org.gradle.process.internal.worker.GradleWorkerMain.main(GradleWorkerMain.java:74)

GatewaySecurityTests > should handle DELETE requests with CORS headers() FAILED
    java.lang.IllegalStateException: ApplicationContext failure threshold (1) exceeded: skipping repeated attempt to load context for [ReactiveWebMergedContextConfiguration@4baf997 testClass = at.mocode.infrastructure.gateway.GatewaySecurityTests, locations = [], classes = [at.mocode.infrastructure.gateway.GatewayApplication], contextInitializerClasses = [], activeProfiles = ["test"], propertySourceDescriptors = [], propertySourceProperties = ["spring.cloud.discovery.enabled=false", "spring.cloud.consul.enabled=false", "spring.cloud.consul.config.enabled=false", "spring.cloud.consul.discovery.register=false", "spring.cloud.loadbalancer.enabled=false", "resilience4j.circuitbreaker.configs.default.registerHealthIndicator=false", "management.health.circuitbreakers.enabled=false", "gateway.security.jwt.enabled=false", "spring.main.web-application-type=reactive", "spring.cloud.gateway.server.webflux.discovery.locator.enabled=false", "server.port=0", "org.springframework.boot.test.context.SpringBootTestContextBootstrapper=true", "server.port=0"], contextCustomizers = [org.springframework.boot.test.autoconfigure.OnFailureConditionReportContextCustomizerFactory$OnFailureConditionReportContextCustomizer@2899a8db, org.springframework.boot.test.autoconfigure.actuate.observability.ObservabilityContextCustomizerFactory$DisableObservabilityContextCustomizer@1f, org.springframework.boot.test.autoconfigure.properties.PropertyMappingContextCustomizer@ec54a5c9, org.springframework.boot.test.autoconfigure.web.servlet.WebDriverContextCustomizer@3773862a, org.springframework.boot.web.server.test.client.reactive.WebTestClientContextCustomizer@22175d4f, org.springframework.boot.web.server.test.reactor.netty.DisableReactorResourceFactoryGlobalResourcesContextCustomizerFactory$DisableReactorResourceFactoryGlobalResourcesContextCustomizerCustomizer@405325cf, [ImportsContextCustomizer@5280688 key = [org.springframework.boot.security.autoconfigure.reactive.ReactiveSecurityAutoConfiguration, org.springframework.boot.security.oauth2.client.autoconfigure.reactive.ReactiveOAuth2ClientWebSecurityAutoConfiguration, at.mocode.infrastructure.gateway.GatewaySecurityTests$TestSecurityConfig, org.springframework.boot.security.oauth2.server.resource.autoconfigure.reactive.ReactiveOAuth2ResourceServerAutoConfiguration, org.springframework.boot.security.autoconfigure.reactive.ReactiveUserDetailsServiceAutoConfiguration, at.mocode.infrastructure.gateway.config.TestSecurityConfig, org.springframework.boot.security.oauth2.client.autoconfigure.reactive.ReactiveOAuth2ClientAutoConfiguration, org.springframework.boot.test.autoconfigure.web.reactive.WebTestClientAutoConfiguration]], org.springframework.boot.test.context.filter.ExcludeFilterContextCustomizer@341a8659, org.springframework.boot.test.json.DuplicateJsonObjectContextCustomizerFactory$DuplicateJsonObjectContextCustomizer@181d7f28, org.springframework.test.context.support.DynamicPropertiesContextCustomizer@0, org.springframework.boot.test.context.SpringBootTestAnnotation@5e02380f], contextLoader = org.springframework.boot.test.context.SpringBootContextLoader, parent = null]
        at org.springframework.test.context.cache.DefaultCacheAwareContextLoaderDelegate.loadContext(DefaultCacheAwareContextLoaderDelegate.java:150)
        at org.springframework.test.context.support.DefaultTestContext.getApplicationContext(DefaultTestContext.java:128)
        at org.springframework.test.context.support.DependencyInjectionTestExecutionListener.injectDependencies(DependencyInjectionTestExecutionListener.java:155)
        at org.springframework.test.context.support.DependencyInjectionTestExecutionListener.prepareTestInstance(DependencyInjectionTestExecutionListener.java:111)
        at org.springframework.test.context.TestContextManager.prepareTestInstance(TestContextManager.java:260)
        at org.springframework.test.context.junit.jupiter.SpringExtension.postProcessTestInstance(SpringExtension.java:159)
        at java.base/java.util.stream.ForEachOps$ForEachOp$OfRef.accept(ForEachOps.java:186)
        at java.base/java.util.stream.ReferencePipeline$3$1.accept(ReferencePipeline.java:214)
        at java.base/java.util.stream.ReferencePipeline$2$1.accept(ReferencePipeline.java:197)
        at java.base/java.util.stream.ReferencePipeline$3$1.accept(ReferencePipeline.java:214)
        at java.base/java.util.ArrayList$ArrayListSpliterator.forEachRemaining(ArrayList.java:1716)
        at java.base/java.util.stream.AbstractPipeline.copyInto(AbstractPipeline.java:570)
        at java.base/java.util.stream.AbstractPipeline.wrapAndCopyInto(AbstractPipeline.java:560)
        at java.base/java.util.stream.ForEachOps$ForEachOp.evaluateSequential(ForEachOps.java:153)
        at java.base/java.util.stream.ForEachOps$ForEachOp$OfRef.evaluateSequential(ForEachOps.java:176)
        at java.base/java.util.stream.AbstractPipeline.evaluate(AbstractPipeline.java:265)
        at java.base/java.util.stream.ReferencePipeline.forEach(ReferencePipeline.java:632)
        at java.base/java.util.Optional.orElseGet(Optional.java:364)
        at java.base/java.util.ArrayList.forEach(ArrayList.java:1604)
        at java.base/java.util.ArrayList.forEach(ArrayList.java:1604)

13 tests completed, 13 failed
Finished generating test XML results (0.006 secs) into: /home/stefan/WsMeldestelle/Meldestelle/backend/infrastructure/gateway/build/test-results/test
Generating HTML test report...
Finished generating test html results (0.007 secs) into: /home/stefan/WsMeldestelle/Meldestelle/backend/infrastructure/gateway/build/reports/tests/test
Build 9293e4dc-4738-4a2a-a248-52ce6f0c62ea is closed

FAILURE: Build failed with an exception.

* What went wrong:
Execution failed for task ':backend:infrastructure:gateway:test'.
> There were failing tests. See the report at: file:///home/stefan/WsMeldestelle/Meldestelle/backend/infrastructure/gateway/build/reports/tests/test/index.html

* Try:
> Run with --scan to generate a Build Scan (Powered by Develocity).

BUILD FAILED in 6s
17 actionable tasks: 3 executed, 14 up-to-date
